Component: ARM Compiler 6.16 Tool: armlink [5dfeaa00]

==============================================================================

Section Cross References

    main.o(.text) refers (Special) to _printf_f.o(.ARM.Collect$$_printf_percent$$00000003) for _printf_f
    main.o(.text) refers (Special) to printf1.o(x$fpl$printf1) for _printf_fp_dec
    main.o(.text) refers (Special) to _printf_percent.o(.ARM.Collect$$_printf_percent$$00000000) for _printf_percent
    main.o(.text.main) refers (Special) to _printf_f.o(.ARM.Collect$$_printf_percent$$00000003) for _printf_f
    main.o(.text.main) refers (Special) to printf1.o(x$fpl$printf1) for _printf_fp_dec
    main.o(.text.main) refers (Special) to _printf_percent.o(.ARM.Collect$$_printf_percent$$00000000) for _printf_percent
    main.o(.text.main) refers to main.o(.text.Systick_init) for Systick_init
    main.o(.text.main) refers to main.o(.text.delay_ms) for delay_ms
    main.o(.text.main) refers to main.o(.text.portF) for portF
    main.o(.text.main) refers to main.o(.text.portB) for portB
    main.o(.text.main) refers to main.o(.text.portA) for portA
    main.o(.text.main) refers to main.o(.text.pinA3_High_output) for pinA3_High_output
    main.o(.text.main) refers to main.o(.text.pinA3_Low_output) for pinA3_Low_output
    main.o(.text.main) refers to main.o(.text.LCD_Init) for LCD_Init
    main.o(.text.main) refers to main.o(.text.LCD_Send_Command) for LCD_Send_Command
    main.o(.text.main) refers to main.o(.bss.dist_travelled) for dist_travelled
    main.o(.text.main) refers to main.o(.bss.dist_buffer) for dist_buffer
    main.o(.text.main) refers to main.o(.text.update_dist_travelled) for update_dist_travelled
    main.o(.text.main) refers to main.o(.text.update_7_segment) for update_7_segment
    main.o(.text.main) refers to noretval__2snprintf.o(.text) for __2snprintf
    main.o(.text.main) refers to main.o(.text.LCD_Print) for LCD_Print
    main.o(.text.main) refers to main.o(.text.light_led_after_100m) for light_led_after_100m
    main.o(.ARM.exidx.text.main) refers (Special) to _printf_f.o(.ARM.Collect$$_printf_percent$$00000003) for _printf_f
    main.o(.ARM.exidx.text.main) refers (Special) to printf1.o(x$fpl$printf1) for _printf_fp_dec
    main.o(.ARM.exidx.text.main) refers (Special) to _printf_percent.o(.ARM.Collect$$_printf_percent$$00000000) for _printf_percent
    main.o(.ARM.exidx.text.main) refers to main.o(.text.main) for [Anonymous Symbol]
    main.o(.text.Systick_init) refers (Special) to _printf_f.o(.ARM.Collect$$_printf_percent$$00000003) for _printf_f
    main.o(.text.Systick_init) refers (Special) to printf1.o(x$fpl$printf1) for _printf_fp_dec
    main.o(.text.Systick_init) refers (Special) to _printf_percent.o(.ARM.Collect$$_printf_percent$$00000000) for _printf_percent
    main.o(.ARM.exidx.text.Systick_init) refers (Special) to _printf_f.o(.ARM.Collect$$_printf_percent$$00000003) for _printf_f
    main.o(.ARM.exidx.text.Systick_init) refers (Special) to printf1.o(x$fpl$printf1) for _printf_fp_dec
    main.o(.ARM.exidx.text.Systick_init) refers (Special) to _printf_percent.o(.ARM.Collect$$_printf_percent$$00000000) for _printf_percent
    main.o(.ARM.exidx.text.Systick_init) refers to main.o(.text.Systick_init) for [Anonymous Symbol]
    main.o(.text.delay_ms) refers (Special) to _printf_f.o(.ARM.Collect$$_printf_percent$$00000003) for _printf_f
    main.o(.text.delay_ms) refers (Special) to printf1.o(x$fpl$printf1) for _printf_fp_dec
    main.o(.text.delay_ms) refers (Special) to _printf_percent.o(.ARM.Collect$$_printf_percent$$00000000) for _printf_percent
    main.o(.ARM.exidx.text.delay_ms) refers (Special) to _printf_f.o(.ARM.Collect$$_printf_percent$$00000003) for _printf_f
    main.o(.ARM.exidx.text.delay_ms) refers (Special) to printf1.o(x$fpl$printf1) for _printf_fp_dec
    main.o(.ARM.exidx.text.delay_ms) refers (Special) to _printf_percent.o(.ARM.Collect$$_printf_percent$$00000000) for _printf_percent
    main.o(.ARM.exidx.text.delay_ms) refers to main.o(.text.delay_ms) for [Anonymous Symbol]
    main.o(.text.portF) refers (Special) to _printf_f.o(.ARM.Collect$$_printf_percent$$00000003) for _printf_f
    main.o(.text.portF) refers (Special) to printf1.o(x$fpl$printf1) for _printf_fp_dec
    main.o(.text.portF) refers (Special) to _printf_percent.o(.ARM.Collect$$_printf_percent$$00000000) for _printf_percent
    main.o(.ARM.exidx.text.portF) refers (Special) to _printf_f.o(.ARM.Collect$$_printf_percent$$00000003) for _printf_f
    main.o(.ARM.exidx.text.portF) refers (Special) to printf1.o(x$fpl$printf1) for _printf_fp_dec
    main.o(.ARM.exidx.text.portF) refers (Special) to _printf_percent.o(.ARM.Collect$$_printf_percent$$00000000) for _printf_percent
    main.o(.ARM.exidx.text.portF) refers to main.o(.text.portF) for [Anonymous Symbol]
    main.o(.text.portB) refers (Special) to _printf_f.o(.ARM.Collect$$_printf_percent$$00000003) for _printf_f
[...]
    bigflt0.o(.text) refers to btod.o(CL$$btod_emul) for _btod_emul
    bigflt0.o(.text) refers to btod.o(CL$$btod_ediv) for _btod_ediv
    bigflt0.o(.text) refers to bigflt0.o(.constdata) for .constdata
    bigflt0.o(.constdata) refers (Special) to usenofp.o(x$fpl$usenofp) for __I$use$fp
    btod.o(CL$$btod_d2e) refers (Special) to usenofp.o(x$fpl$usenofp) for __I$use$fp
    btod.o(CL$$btod_d2e) refers to btod.o(CL$$btod_d2e_norm_op1) for _d2e_norm_op1
    btod.o(CL$$btod_d2e_norm_op1) refers (Special) to usenofp.o(x$fpl$usenofp) for __I$use$fp
    btod.o(CL$$btod_d2e_norm_op1) refers to btod.o(CL$$btod_d2e_denorm_low) for _d2e_denorm_low
    btod.o(CL$$btod_d2e_denorm_low) refers (Special) to usenofp.o(x$fpl$usenofp) for __I$use$fp
    btod.o(CL$$btod_emul) refers (Special) to usenofp.o(x$fpl$usenofp) for __I$use$fp
    btod.o(CL$$btod_emul) refers to btod.o(CL$$btod_mult_common) for __btod_mult_common
    btod.o(CL$$btod_emul) refers to btod.o(CL$$btod_e2e) for _e2e
    btod.o(CL$$btod_ediv) refers (Special) to usenofp.o(x$fpl$usenofp) for __I$use$fp
    btod.o(CL$$btod_ediv) refers to btod.o(CL$$btod_div_common) for __btod_div_common
    btod.o(CL$$btod_ediv) refers to btod.o(CL$$btod_e2e) for _e2e
    btod.o(CL$$btod_emuld) refers (Special) to usenofp.o(x$fpl$usenofp) for __I$use$fp
    btod.o(CL$$btod_emuld) refers to btod.o(CL$$btod_mult_common) for __btod_mult_common
    btod.o(CL$$btod_emuld) refers to btod.o(CL$$btod_e2d) for _e2d
    btod.o(CL$$btod_edivd) refers (Special) to usenofp.o(x$fpl$usenofp) for __I$use$fp
    btod.o(CL$$btod_edivd) refers to btod.o(CL$$btod_div_common) for __btod_div_common
    btod.o(CL$$btod_edivd) refers to btod.o(CL$$btod_e2d) for _e2d
    btod.o(CL$$btod_e2e) refers (Special) to usenofp.o(x$fpl$usenofp) for __I$use$fp
    btod.o(CL$$btod_e2d) refers (Special) to usenofp.o(x$fpl$usenofp) for __I$use$fp
    btod.o(CL$$btod_e2d) refers to btod.o(CL$$btod_e2e) for _e2e
    btod.o(CL$$btod_mult_common) refers (Special) to usenofp.o(x$fpl$usenofp) for __I$use$fp
    btod.o(CL$$btod_div_common) refers (Special) to usenofp.o(x$fpl$usenofp) for __I$use$fp
    btod_accurate.o(.text) refers to btod_accurate_common.o(.text) for _btod_common
    lc_numeric_c.o(locale$$data) refers (Special) to libinit2.o(.ARM.Collect$$libinit$$00000016) for __rt_lib_init_lc_numeric_2
    lc_numeric_c.o(locale$$code) refers (Special) to libinit2.o(.ARM.Collect$$libinit$$00000016) for __rt_lib_init_lc_numeric_2
    lc_numeric_c.o(locale$$code) refers to strcmpv7em.o(.text) for strcmp
    lc_numeric_c.o(locale$$code) refers to lc_numeric_c.o(locale$$data) for __lcnum_c_name
    dcmpi.o(x$fpl$dcmpinf) refers (Special) to usenofp.o(x$fpl$usenofp) for __I$use$fp
    dflt_clz.o(x$fpl$dfltu) refers (Special) to usenofp.o(x$fpl$usenofp) for __I$use$fp
    dflt_clz.o(x$fpl$dflt) refers (Special) to usenofp.o(x$fpl$usenofp) for __I$use$fp
    dflt_clz.o(x$fpl$dfltn) refers (Special) to usenofp.o(x$fpl$usenofp) for __I$use$fp
    istatus.o(x$fpl$ieeestatus) refers (Special) to usenofp.o(x$fpl$usenofp) for __I$use$fp
    libspace.o(.text) refers to libspace.o(.bss) for __libspace_start
    sys_stackheap_outer.o(.text) refers to libspace.o(.text) for __user_perproc_libspace
    sys_stackheap_outer.o(.text) refers to startup_tm4c123.o(.text) for __user_initial_stackheap
    btod_accurate_common.o(.text) refers to llushr.o(.text) for __aeabi_llsr
    exit.o(.text) refers to rtexit.o(.ARM.Collect$$rtexit$$00000000) for __rt_exit
    libinit.o(.ARM.Collect$$libinit$$00000000) refers (Special) to libinit2.o(.ARM.Collect$$libinit$$0000002E) for __rt_lib_init_alloca_1
    libinit.o(.ARM.Collect$$libinit$$00000000) refers (Special) to libinit2.o(.ARM.Collect$$libinit$$0000002C) for __rt_lib_init_argv_1
    libinit.o(.ARM.Collect$$libinit$$00000000) refers (Special) to libinit2.o(.ARM.Collect$$libinit$$0000001B) for __rt_lib_init_atexit_1
    libinit.o(.ARM.Collect$$libinit$$00000000) refers (Special) to libinit2.o(.ARM.Collect$$libinit$$00000021) for __rt_lib_init_clock_1
    libinit.o(.ARM.Collect$$libinit$$00000000) refers (Special) to libinit2.o(.ARM.Collect$$libinit$$00000032) for __rt_lib_init_cpp_1
    libinit.o(.ARM.Collect$$libinit$$00000000) refers (Special) to libinit2.o(.ARM.Collect$$libinit$$00000030) for __rt_lib_init_exceptions_1
    libinit.o(.ARM.Collect$$libinit$$00000000) refers (Special) to libinit2.o(.ARM.Collect$$libinit$$00000001) for __rt_lib_init_fp_1
    libinit.o(.ARM.Collect$$libinit$$00000000) refers (Special) to libinit2.o(.ARM.Collect$$libinit$$0000001F) for __rt_lib_init_fp_trap_1
    libinit.o(.ARM.Collect$$libinit$$00000000) refers (Special) to libinit2.o(.ARM.Collect$$libinit$$00000023) for __rt_lib_init_getenv_1
    libinit.o(.ARM.Collect$$libinit$$00000000) refers (Special) to libinit2.o(.ARM.Collect$$libinit$$0000000A) for __rt_lib_init_heap_1
    libinit.o(.ARM.Collect$$libinit$$00000000) refers (Special) to libinit2.o(.ARM.Collect$$libinit$$00000011) for __rt_lib_init_lc_collate_1
    libinit.o(.ARM.Collect$$libinit$$00000000) refers (Special) to libinit2.o(.ARM.Collect$$libinit$$00000013) for __rt_lib_init_lc_ctype_1
    libinit.o(.ARM.Collect$$libinit$$00000000) refers (Special) to libinit2.o(.ARM.Collect$$libinit$$00000015) for __rt_lib_init_lc_monetary_1
    libinit.o(.ARM.Collect$$libinit$$00000000) refers (Special) to libinit2.o(.ARM.Collect$$libinit$$00000017) for __rt_lib_init_lc_numeric_1
    libinit.o(.ARM.Collect$$libinit$$00000000) refers (Special) to libinit2.o(.ARM.Collect$$libinit$$00000019) for __rt_lib_init_lc_time_1
    libinit.o(.ARM.Collect$$libinit$$00000000) refers (Special) to libinit2.o(.ARM.Collect$$libinit$$00000004) for __rt_lib_init_preinit_1
    libinit.o(.ARM.Collect$$libinit$$00000000) refers (Special) to libinit2.o(.ARM.Collect$$libinit$$0000000E) for __rt_lib_init_rand_1
    libinit.o(.ARM.Collect$$libinit$$00000000) refers (Special) to libinit2.o(.ARM.Collect$$libinit$$00000033) for __rt_lib_init_return
    libinit.o(.ARM.Collect$$libinit$$00000000) refers (Special) to libinit2.o(.ARM.Collect$$libinit$$0000001D) for __rt_lib_init_signal_1
    libinit.o(.ARM.Collect$$libinit$$00000000) refers (Special) to libinit2.o(.ARM.Collect$$libinit$$00000025) for __rt_lib_init_stdio_1
    libinit.o(.ARM.Collect$$libinit$$00000000) refers (Special) to libinit2.o(.ARM.Collect$$libinit$$0000000C) for __rt_lib_init_user_alloc_1
    libinit2.o(.ARM.Collect$$libinit$$00000001) refers to fpinit.o(x$fpl$fpinit) for _fp_init
    libinit2.o(.ARM.Collect$$libinit$$0000000F) refers (Weak) to rt_locale_intlibspace.o(.text) for __rt_locale
    libinit2.o(.ARM.Collect$$libinit$$00000010) refers to libinit2.o(.ARM.Collect$$libinit$$0000000F) for .ARM.Collect$$libinit$$0000000F
    libinit2.o(.ARM.Collect$$libinit$$00000012) refers to libinit2.o(.ARM.Collect$$libinit$$0000000F) for .ARM.Collect$$libinit$$0000000F
    libinit2.o(.ARM.Collect$$libinit$$00000014) refers to libinit2.o(.ARM.Collect$$libinit$$0000000F) for .ARM.Collect$$libinit$$0000000F
    libinit2.o(.ARM.Collect$$libinit$$00000016) refers to libinit2.o(.ARM.Collect$$libinit$$0000000F) for .ARM.Collect$$libinit$$0000000F
    libinit2.o(.ARM.Collect$$libinit$$00000016) refers (Weak) to lc_numeric_c.o(locale$$code) for _get_lc_numeric
    libinit2.o(.ARM.Collect$$libinit$$00000018) refers to libinit2.o(.ARM.Collect$$libinit$$0000000F) for .ARM.Collect$$libinit$$0000000F
    libinit2.o(.ARM.Collect$$libinit$$00000026) refers to argv_veneer.o(.emb_text) for __ARM_argv_veneer
    libinit2.o(.ARM.Collect$$libinit$$00000027) refers to argv_veneer.o(.emb_text) for __ARM_argv_veneer
    rtexit.o(.ARM.Collect$$rtexit$$00000000) refers (Special) to rtexit2.o(.ARM.Collect$$rtexit$$00000004) for __rt_exit_exit
    rtexit.o(.ARM.Collect$$rtexit$$00000000) refers (Special) to rtexit2.o(.ARM.Collect$$rtexit$$00000003) for __rt_exit_ls
    rtexit.o(.ARM.Collect$$rtexit$$00000000) refers (Special) to rtexit2.o(.ARM.Collect$$rtexit$$00000002) for __rt_exit_prels_1
    rtexit.o(.ARM.exidx) refers (Special) to rtexit2.o(.ARM.Collect$$rtexit$$00000004) for __rt_exit_exit
    rtexit.o(.ARM.exidx) refers (Special) to rtexit2.o(.ARM.Collect$$rtexit$$00000003) for __rt_exit_ls
    rtexit.o(.ARM.exidx) refers (Special) to rtexit2.o(.ARM.Collect$$rtexit$$00000002) for __rt_exit_prels_1
    rtexit.o(.ARM.exidx) refers to rtexit.o(.ARM.Collect$$rtexit$$00000000) for .ARM.Collect$$rtexit$$00000000
    argv_veneer.o(.emb_text) refers to no_argv.o(.text) for __ARM_get_argv
    rtexit2.o(.ARM.Collect$$rtexit$$00000003) refers to libshutdown.o(.ARM.Collect$$libshutdown$$00000000) for __rt_lib_shutdown
    rtexit2.o(.ARM.Collect$$rtexit$$00000004) refers to sys_exit.o(.text) for _sys_exit
    rtexit2.o(.ARM.exidx) refers to rtexit2.o(.ARM.Collect$$rtexit$$00000001) for .ARM.Collect$$rtexit$$00000001
    rtexit2.o(.ARM.exidx) refers to rtexit2.o(.ARM.Collect$$rtexit$$00000003) for .ARM.Collect$$rtexit$$00000003
    rtexit2.o(.ARM.exidx) refers to rtexit2.o(.ARM.Collect$$rtexit$$00000004) for .ARM.Collect$$rtexit$$00000004
    _get_argv_nomalloc.o(.text) refers (Special) to hrguard.o(.text) for __heap_region$guard
    _get_argv_nomalloc.o(.text) refers to defsig_rtmem_outer.o(.text) for __rt_SIGRTMEM
    _get_argv_nomalloc.o(.text) refers to sys_command.o(.text) for _sys_command_string
    sys_command.o(.text) refers (Special) to use_no_semi.o(.text) for __I$use$semihosting
    sys_command.o(.text) refers (Special) to indicate_semi.o(.text) for __semihosting_library_function
    sys_exit.o(.text) refers (Special) to use_no_semi.o(.text) for __I$use$semihosting
    sys_exit.o(.text) refers (Special) to indicate_semi.o(.text) for __semihosting_library_function
    sys_command_hlt.o(.text) refers (Special) to use_no_semi.o(.text) for __I$use$semihosting
    sys_command_hlt.o(.text) refers (Special) to indicate_semi.o(.text) for __semihosting_library_function
    sys_exit_hlt.o(.text) refers (Special) to use_no_semi.o(.text) for __I$use$semihosting
    sys_exit_hlt.o(.text) refers (Special) to indicate_semi.o(.text) for __semihosting_library_function
    defsig_rtmem_outer.o(.text) refers to defsig_rtmem_inner.o(.text) for __rt_SIGRTMEM_inner
    defsig_rtmem_outer.o(.text) refers to defsig_exit.o(.text) for __sig_exit
    defsig_rtmem_formal.o(.text) refers to rt_raise.o(.text) for __rt_raise
    libshutdown.o(.ARM.Collect$$libshutdown$$00000000) refers (Special) to libshutdown2.o(.ARM.Collect$$libshutdown$$00000002) for __rt_lib_shutdown_cpp_1
    libshutdown.o(.ARM.Collect$$libshutdown$$00000000) refers (Special) to libshutdown2.o(.ARM.Collect$$libshutdown$$00000007) for __rt_lib_shutdown_fp_trap_1
    libshutdown.o(.ARM.Collect$$libshutdown$$00000000) refers (Special) to libshutdown2.o(.ARM.Collect$$libshutdown$$0000000F) for __rt_lib_shutdown_heap_1
    libshutdown.o(.ARM.Collect$$libshutdown$$00000000) refers (Special) to libshutdown2.o(.ARM.Collect$$libshutdown$$00000010) for __rt_lib_shutdown_return
    libshutdown.o(.ARM.Collect$$libshutdown$$00000000) refers (Special) to libshutdown2.o(.ARM.Collect$$libshutdown$$0000000A) for __rt_lib_shutdown_signal_1
    libshutdown.o(.ARM.Collect$$libshutdown$$00000000) refers (Special) to libshutdown2.o(.ARM.Collect$$libshutdown$$00000004) for __rt_lib_shutdown_stdio_1
    libshutdown.o(.ARM.Collect$$libshutdown$$00000000) refers (Special) to libshutdown2.o(.ARM.Collect$$libshutdown$$0000000C) for __rt_lib_shutdown_user_alloc_1
    rt_raise.o(.text) refers to __raise.o(.text) for __raise
    rt_raise.o(.text) refers to sys_exit.o(.text) for _sys_exit
    defsig_exit.o(.text) refers to sys_exit.o(.text) for _sys_exit
    defsig_rtmem_inner.o(.text) refers to defsig_general.o(.text) for __default_signal_display
    __raise.o(.text) refers to defsig.o(CL$$defsig) for __default_signal_handler
    defsig_general.o(.text) refers to sys_wrch.o(.text) for _ttywrch
    sys_wrch.o(.text) refers (Special) to use_no_semi.o(.text) for __I$use$semihosting
    sys_wrch.o(.text) refers (Special) to indicate_semi.o(.text) for __semihosting_library_function
    sys_wrch_hlt.o(.text) refers (Special) to use_no_semi.o(.text) for __I$use$semihosting
    sys_wrch_hlt.o(.text) refers (Special) to indicate_semi.o(.text) for __semihosting_library_function
    defsig.o(CL$$defsig) refers to defsig_rtmem_inner.o(.text) for __rt_SIGRTMEM_inner
    defsig_abrt_inner.o(.text) refers to defsig_general.o(.text) for __default_signal_display
    defsig_fpe_inner.o(.text) refers to defsig_general.o(.text) for __default_signal_display
    defsig_rtred_inner.o(.text) refers to defsig_general.o(.text) for __default_signal_display
    defsig_stak_inner.o(.text) refers to defsig_general.o(.text) for __default_signal_display
    defsig_pvfn_inner.o(.text) refers to defsig_general.o(.text) for __default_signal_display
    defsig_cppl_inner.o(.text) refers to defsig_general.o(.text) for __default_signal_display
    defsig_segv_inner.o(.text) refers to defsig_general.o(.text) for __default_signal_display
    defsig_other.o(.text) refers to defsig_general.o(.text) for __default_signal_display


==============================================================================

Removing Unused input sections from the image.

    Removing main.o(.text), (0 bytes).
    Removing main.o(.ARM.exidx.text.main), (8 bytes).
    Removing main.o(.ARM.exidx.text.Systick_init), (8 bytes).
    Removing main.o(.ARM.exidx.text.delay_ms), (8 bytes).
    Removing main.o(.ARM.exidx.text.portF), (8 bytes).
    Removing main.o(.ARM.exidx.text.portB), (8 bytes).
    Removing main.o(.ARM.exidx.text.portA), (8 bytes).
    Removing main.o(.ARM.exidx.text.pinA3_High_output), (8 bytes).
    Removing main.o(.ARM.exidx.text.pinA3_Low_output), (8 bytes).
    Removing main.o(.ARM.exidx.text.LCD_Init), (8 bytes).
    Removing main.o(.ARM.exidx.text.LCD_Send_Command), (8 bytes).
    Removing main.o(.ARM.exidx.text.update_dist_travelled), (8 bytes).
    Removing main.o(.ARM.exidx.text.update_7_segment), (8 bytes).
    Removing main.o(.ARM.exidx.text.LCD_Print), (8 bytes).
    Removing main.o(.ARM.exidx.text.light_led_after_100m), (8 bytes).
    Removing main.o(.text.portE), (56 bytes).
    Removing main.o(.ARM.exidx.text.portE), (8 bytes).
    Removing main.o(.text.portD), (82 bytes).
    Removing main.o(.ARM.exidx.text.portD), (8 bytes).
    Removing main.o(.text.portC), (54 bytes).
    Removing main.o(.ARM.exidx.text.portC), (8 bytes).
    Removing main.o(.text.calculate_distance), (424 bytes).
    Removing main.o(.ARM.exidx.text.calculate_distance), (8 bytes).
    Removing main.o(.ARM.exidx.text.send_dist_to_segment), (8 bytes).
    Removing main.o(.ARM.exidx.text.delay_us), (8 bytes).
    Removing main.o(.ARM.exidx.text.red_led_output), (8 bytes).
    Removing main.o(.ARM.exidx.text.LCD_Send_Data), (8 bytes).
    Removing main.o(.data.PI), (8 bytes).
    Removing main.o(.ARM.use_no_argv), (4 bytes).
    Removing system_tm4c123.o(.text), (0 bytes).
    Removing system_tm4c123.o(.text.SystemCoreClockUpdate), (132 bytes).
    Removing system_tm4c123.o(.ARM.exidx.text.SystemCoreClockUpdate), (8 bytes).
    Removing system_tm4c123.o(.text.getOscClk), (56 bytes).
    Removing system_tm4c123.o(.ARM.exidx.text.getOscClk), (8 bytes).
    Removing system_tm4c123.o(.ARM.exidx.text.SystemInit), (8 bytes).
    Removing system_tm4c123.o(.data.SystemCoreClock), (4 bytes).
    Removing system_tm4c123.o(.rodata..Lswitch.table.getOscClk), (92 bytes).

37 unused section(s) (total 1112 bytes) removed from the image.

==============================================================================

Image Symbol Table

    Local Symbols

    Symbol Name                              Value     Ov Type        Size  Object(Section)

    ../clib/angel/boardlib.s                 0x00000000   Number         0  boardinit1.o ABSOLUTE
    ../clib/angel/boardlib.s                 0x00000000   Number         0  boardinit2.o ABSOLUTE
    ../clib/angel/boardlib.s                 0x00000000   Number         0  boardinit3.o ABSOLUTE
    ../clib/angel/boardlib.s                 0x00000000   Number         0  boardshut.o ABSOLUTE
    ../clib/angel/handlers.s                 0x00000000   Number         0  __scatter_zi.o ABSOLUTE
    ../clib/angel/kernel.s                   0x00000000   Number         0  __rtentry.o ABSOLUTE
    ../clib/angel/kernel.s                   0x00000000   Number         0  __rtentry2.o ABSOLUTE
    ../clib/angel/kernel.s                   0x00000000   Number         0  __rtentry4.o ABSOLUTE
    ../clib/angel/kernel.s                   0x00000000   Number         0  rtexit.o ABSOLUTE
    ../clib/angel/kernel.s                   0x00000000   Number         0  rtexit2.o ABSOLUTE
    ../clib/angel/rt.s                       0x00000000   Number         0  rt_locale.o ABSOLUTE
    ../clib/angel/rt.s                       0x00000000   Number         0  rt_locale_intlibspace.o ABSOLUTE
    ../clib/angel/rt.s                       0x00000000   Number         0  rt_errno_addr.o ABSOLUTE
    ../clib/angel/rt.s                       0x00000000   Number         0  rt_errno_addr_intlibspace.o ABSOLUTE
    ../clib/angel/rt.s                       0x00000000   Number         0  rt_raise.o ABSOLUTE
    ../clib/angel/scatter.s                  0x00000000   Number         0  __scatter.o ABSOLUTE
    ../clib/angel/startup.s                  0x00000000   Number         0  __main.o ABSOLUTE
    ../clib/angel/sys.s                      0x00000000   Number         0  libspace.o ABSOLUTE
    ../clib/angel/sys.s                      0x00000000   Number         0  sys_stackheap_outer.o ABSOLUTE
    ../clib/angel/sys.s                      0x00000000   Number         0  use_no_semi.o ABSOLUTE
    ../clib/angel/sys.s                      0x00000000   Number         0  indicate_semi.o ABSOLUTE
    ../clib/angel/sysapp.c                   0x00000000   Number         0  sys_command.o ABSOLUTE
    ../clib/angel/sysapp.c                   0x00000000   Number         0  sys_exit.o ABSOLUTE
    ../clib/angel/sysapp.c                   0x00000000   Number         0  sys_command_hlt.o ABSOLUTE
    ../clib/angel/sysapp.c                   0x00000000   Number         0  sys_exit_hlt.o ABSOLUTE
    ../clib/angel/sysapp.c                   0x00000000   Number         0  sys_wrch.o ABSOLUTE
    ../clib/angel/sysapp.c                   0x00000000   Number         0  sys_wrch_hlt.o ABSOLUTE
    ../clib/armsys.c                         0x00000000   Number         0  argv_veneer.o ABSOLUTE
    ../clib/armsys.c                         0x00000000   Number         0  argv_veneer.o ABSOLUTE
    ../clib/armsys.c                         0x00000000   Number         0  _get_argv_nomalloc.o ABSOLUTE
    ../clib/armsys.c                         0x00000000   Number         0  no_argv.o ABSOLUTE
    ../clib/bigflt.c                         0x00000000   Number         0  bigflt0.o ABSOLUTE
    ../clib/btod.s                           0x00000000   Number         0  btod.o ABSOLUTE
    ../clib/btod_accurate.c                  0x00000000   Number         0  btod_accurate.o ABSOLUTE
    ../clib/btod_accurate.c                  0x00000000   Number         0  btod_accurate_common.o ABSOLUTE
    ../clib/fenv.c                           0x00000000   Number         0  _rserrno.o ABSOLUTE
    ../clib/heapalloc.c                      0x00000000   Number         0  hrguard.o ABSOLUTE
    ../clib/heapaux.c                        0x00000000   Number         0  heapauxi.o ABSOLUTE
    ../clib/libinit.s                        0x00000000   Number         0  libinit.o ABSOLUTE
    ../clib/libinit.s                        0x00000000   Number         0  libinit2.o ABSOLUTE
    ../clib/libinit.s                        0x00000000   Number         0  libshutdown.o ABSOLUTE
    ../clib/libinit.s                        0x00000000   Number         0  libshutdown2.o ABSOLUTE
    ../clib/locale.s                         0x00000000   Number         0  lc_numeric_c.o ABSOLUTE
    ../clib/longlong.s                       0x00000000   Number         0  lludiv10.o ABSOLUTE
    ../clib/longlong.s                       0x00000000   Number         0  llushr.o ABSOLUTE
    ../clib/memcpset.s                       0x00000000   Number         0  strcmpv7em.o ABSOLUTE
    ../clib/misc.s                           0x00000000   Number         0  printf_stubs.o ABSOLUTE
    ../clib/printf.c                         0x00000000   Number         0  __2snprintf.o ABSOLUTE
    ../clib/printf.c                         0x00000000   Number         0  noretval__2snprintf.o ABSOLUTE
    ../clib/printf.c                         0x00000000   Number         0  __printf.o ABSOLUTE
    ../clib/printf.c                         0x00000000   Number         0  __printf_flags.o ABSOLUTE
    ../clib/printf.c                         0x00000000   Number         0  __printf_ss.o ABSOLUTE
    ../clib/printf.c                         0x00000000   Number         0  __printf_flags_ss.o ABSOLUTE
    ../clib/printf.c                         0x00000000   Number         0  __printf_wp.o ABSOLUTE
    ../clib/printf.c                         0x00000000   Number         0  __printf_flags_wp.o ABSOLUTE
    ../clib/printf.c                         0x00000000   Number         0  __printf_ss_wp.o ABSOLUTE
    ../clib/printf.c                         0x00000000   Number         0  __printf_flags_ss_wp.o ABSOLUTE
    ../clib/printf.c                         0x00000000   Number         0  _printf_fp_dec.o ABSOLUTE
    ../clib/printf.c                         0x00000000   Number         0  _printf_fp_dec_accurate.o ABSOLUTE
    ../clib/printf.c                         0x00000000   Number         0  _printf_char_common.o ABSOLUTE
    ../clib/printf.c                         0x00000000   Number         0  _sputc.o ABSOLUTE
    ../clib/printf.c                         0x00000000   Number         0  _snputc.o ABSOLUTE
    ../clib/printf.c                         0x00000000   Number         0  _printf_fp_infnan.o ABSOLUTE
    ../clib/printf.c                         0x00000000   Number         0  __printf_nopercent.o ABSOLUTE
    ../clib/printf_percent.s                 0x00000000   Number         0  _printf_f.o ABSOLUTE
    ../clib/printf_percent.s                 0x00000000   Number         0  _printf_percent.o ABSOLUTE
    ../clib/printf_percent.s                 0x00000000   Number         0  _printf_percent_end.o ABSOLUTE
    ../clib/signal.c                         0x00000000   Number         0  defsig_rtmem_outer.o ABSOLUTE
    ../clib/signal.c                         0x00000000   Number         0  defsig_rtmem_formal.o ABSOLUTE
    ../clib/signal.c                         0x00000000   Number         0  defsig_exit.o ABSOLUTE
    ../clib/signal.c                         0x00000000   Number         0  defsig_rtmem_inner.o ABSOLUTE
    ../clib/signal.c                         0x00000000   Number         0  __raise.o ABSOLUTE
    ../clib/signal.c                         0x00000000   Number         0  defsig_general.o ABSOLUTE
    ../clib/signal.c                         0x00000000   Number         0  defsig_abrt_inner.o ABSOLUTE
    ../clib/signal.c                         0x00000000   Number         0  defsig_fpe_inner.o ABSOLUTE
    ../clib/signal.c                         0x00000000   Number         0  defsig_rtred_inner.o ABSOLUTE
    ../clib/signal.c                         0x00000000   Number         0  defsig_stak_inner.o ABSOLUTE
    ../clib/signal.c                         0x00000000   Number         0  defsig_pvfn_inner.o ABSOLUTE
    ../clib/signal.c                         0x00000000   Number         0  defsig_cppl_inner.o ABSOLUTE
    ../clib/signal.c                         0x00000000   Number         0  defsig_segv_inner.o ABSOLUTE
    ../clib/signal.c                         0x00000000   Number         0  defsig_other.o ABSOLUTE
    ../clib/signal.s                         0x00000000   Number         0  defsig.o ABSOLUTE
    ../clib/stdlib.c                         0x00000000   Number         0  exit.o ABSOLUTE
    ../fplib/basic.s                         0x00000000   Number         0  basic.o ABSOLUTE
    ../fplib/daddsub.s                       0x00000000   Number         0  daddsub_clz.o ABSOLUTE
    ../fplib/dcmp.s                          0x00000000   Number         0  dcmp.o ABSOLUTE
    ../fplib/dcmpi.s                         0x00000000   Number         0  dcmpi.o ABSOLUTE
    ../fplib/ddiv.s                          0x00000000   Number         0  ddiv.o ABSOLUTE
    ../fplib/deqf.s                          0x00000000   Number         0  deqf.o ABSOLUTE
    ../fplib/dfix.s                          0x00000000   Number         0  dfix.o ABSOLUTE
    ../fplib/dflt.s                          0x00000000   Number         0  dflt_clz.o ABSOLUTE
    ../fplib/dgeqf.s                         0x00000000   Number         0  dgeqf.o ABSOLUTE
    ../fplib/dleqf.s                         0x00000000   Number         0  dleqf.o ABSOLUTE
    ../fplib/dmul.s                          0x00000000   Number         0  dmul.o ABSOLUTE
    ../fplib/dnaninf.s                       0x00000000   Number         0  dnaninf.o ABSOLUTE
    ../fplib/dretinf.s                       0x00000000   Number         0  dretinf.o ABSOLUTE
    ../fplib/dsqrt.s                         0x00000000   Number         0  dsqrt_umaal.o ABSOLUTE
    ../fplib/fpinit.s                        0x00000000   Number         0  fpinit.o ABSOLUTE
    ../fplib/istatus.s                       0x00000000   Number         0  istatus.o ABSOLUTE
    ../fplib/printf1.s                       0x00000000   Number         0  printf1.o ABSOLUTE
    ../fplib/usenofp.s                       0x00000000   Number         0  usenofp.o ABSOLUTE
    ../mathlib/asin.c                        0x00000000   Number         0  asin.o ABSOLUTE
    ../mathlib/cos.c                         0x00000000   Number         0  cos.o ABSOLUTE
    ../mathlib/cos_i.c                       0x00000000   Number         0  cos_i.o ABSOLUTE
    ../mathlib/dunder.c                      0x00000000   Number         0  dunder.o ABSOLUTE
    ../mathlib/fabs.c                        0x00000000   Number         0  fabs.o ABSOLUTE
    ../mathlib/fpclassify.c                  0x00000000   Number         0  fpclassify.o ABSOLUTE
    ../mathlib/poly.c                        0x00000000   Number         0  poly.o ABSOLUTE
    ../mathlib/rred.c                        0x00000000   Number         0  rred.o ABSOLUTE
    ../mathlib/sin.c                         0x00000000   Number         0  sin.o ABSOLUTE
    ../mathlib/sin_i.c                       0x00000000   Number         0  sin_i.o ABSOLUTE
    ../mathlib/sqrt.c                        0x00000000   Number         0  sqrt.o ABSOLUTE
    RTE/Device/TM4C123GH6PM/startup_TM4C123.s 0x00000000   Number         0  startup_tm4c123.o ABSOLUTE
    dc.s                                     0x00000000   Number         0  dc.o ABSOLUTE
    main.c                                   0x00000000   Number         0  main.o ABSOLUTE
    system_TM4C123.c                         0x00000000   Number         0  system_tm4c123.o ABSOLUTE
    RESET                                    0x00000000   Section      620  startup_tm4c123.o(RESET)
    !!!main                                  0x0000026c   Section        8  __main.o(!!!main)
    !!!scatter                               0x00000274   Section       52  __scatter.o(!!!scatter)
    !!handler_zi                             0x000002a8   Section       28  __scatter_zi.o(!!handler_zi)
    .ARM.Collect$$_printf_percent$$00000000  0x000002c4   Section        0  _printf_percent.o(.ARM.Collect$$_printf_percent$$00000000)
    .ARM.Collect$$_printf_percent$$00000003  0x000002c4   Section        6  _printf_f.o(.ARM.Collect$$_printf_percent$$00000003)
    .ARM.Collect$$_printf_percent$$00000017  0x000002ca   Section        4  _printf_percent_end.o(.ARM.Collect$$_printf_percent$$00000017)
    .ARM.Collect$$libinit$$00000000          0x000002ce   Section        2  libinit.o(.ARM.Collect$$libinit$$00000000)
    .ARM.Collect$$libinit$$00000001          0x000002d0   Section        4  libinit2.o(.ARM.Collect$$libinit$$00000001)
    .ARM.Collect$$libinit$$00000004          0x000002d4   Section        0  libinit2.o(.ARM.Collect$$libinit$$00000004)
    .ARM.Collect$$libinit$$0000000A          0x000002d4   Section        0  libinit2.o(.ARM.Collect$$libinit$$0000000A)
    .ARM.Collect$$libinit$$0000000C          0x000002d4   Section        0  libinit2.o(.ARM.Collect$$libinit$$0000000C)
    .ARM.Collect$$libinit$$0000000E          0x000002d4   Section        0  libinit2.o(.ARM.Collect$$libinit$$0000000E)
    .ARM.Collect$$libinit$$0000000F          0x000002d4   Section        6  libinit2.o(.ARM.Collect$$libinit$$0000000F)
    .ARM.Collect$$libinit$$00000011          0x000002da   Section        0  libinit2.o(.ARM.Collect$$libinit$$00000011)
    .ARM.Collect$$libinit$$00000013          0x000002da   Section        0  libinit2.o(.ARM.Collect$$libinit$$00000013)
    .ARM.Collect$$libinit$$00000015          0x000002da   Section        0  libinit2.o(.ARM.Collect$$libinit$$00000015)
    .ARM.Collect$$libinit$$00000016          0x000002da   Section       10  libinit2.o(.ARM.Collect$$libinit$$00000016)
    .ARM.Collect$$libinit$$00000017          0x000002e4   Section        0  libinit2.o(.ARM.Collect$$libinit$$00000017)
    .ARM.Collect$$libinit$$00000019          0x000002e4   Section        0  libinit2.o(.ARM.Collect$$libinit$$00000019)
    .ARM.Collect$$libinit$$0000001B          0x000002e4   Section        0  libinit2.o(.ARM.Collect$$libinit$$0000001B)
    .ARM.Collect$$libinit$$0000001D          0x000002e4   Section        0  libinit2.o(.ARM.Collect$$libinit$$0000001D)
    .ARM.Collect$$libinit$$0000001F          0x000002e4   Section        0  libinit2.o(.ARM.Collect$$libinit$$0000001F)
    .ARM.Collect$$libinit$$00000021          0x000002e4   Section        0  libinit2.o(.ARM.Collect$$libinit$$00000021)
    .ARM.Collect$$libinit$$00000023          0x000002e4   Section        0  libinit2.o(.ARM.Collect$$libinit$$00000023)
    .ARM.Collect$$libinit$$00000025          0x000002e4   Section        0  libinit2.o(.ARM.Collect$$libinit$$00000025)
    .ARM.Collect$$libinit$$0000002C          0x000002e4   Section        0  libinit2.o(.ARM.Collect$$libinit$$0000002C)
    .ARM.Collect$$libinit$$0000002E          0x000002e4   Section        0  libinit2.o(.ARM.Collect$$libinit$$0000002E)
    .ARM.Collect$$libinit$$00000030          0x000002e4   Section        0  libinit2.o(.ARM.Collect$$libinit$$00000030)
    .ARM.Collect$$libinit$$00000032          0x000002e4   Section        0  libinit2.o(.ARM.Collect$$libinit$$00000032)
    .ARM.Collect$$libinit$$00000033          0x000002e4   Section        2  libinit2.o(.ARM.Collect$$libinit$$00000033)
    .ARM.Collect$$libshutdown$$00000000      0x000002e6   Section        2  libshutdown.o(.ARM.Collect$$libshutdown$$00000000)
    .ARM.Collect$$libshutdown$$00000002      0x000002e8   Section        0  libshutdown2.o(.ARM.Collect$$libshutdown$$00000002)
    .ARM.Collect$$libshutdown$$00000004      0x000002e8   Section        0  libshutdown2.o(.ARM.Collect$$libshutdown$$00000004)
    .ARM.Collect$$libshutdown$$00000007      0x000002e8   Section        0  libshutdown2.o(.ARM.Collect$$libshutdown$$00000007)
    .ARM.Collect$$libshutdown$$0000000A      0x000002e8   Section        0  libshutdown2.o(.ARM.Collect$$libshutdown$$0000000A)
    .ARM.Collect$$libshutdown$$0000000C      0x000002e8   Section        0  libshutdown2.o(.ARM.Collect$$libshutdown$$0000000C)
    .ARM.Collect$$libshutdown$$0000000F      0x000002e8   Section        0  libshutdown2.o(.ARM.Collect$$libshutdown$$0000000F)
    .ARM.Collect$$libshutdown$$00000010      0x000002e8   Section        2  libshutdown2.o(.ARM.Collect$$libshutdown$$00000010)
    .ARM.Collect$$rtentry$$00000000          0x000002ea   Section        0  __rtentry.o(.ARM.Collect$$rtentry$$00000000)
    .ARM.Collect$$rtentry$$00000002          0x000002ea   Section        0  __rtentry2.o(.ARM.Collect$$rtentry$$00000002)
    .ARM.Collect$$rtentry$$00000004          0x000002ea   Section        6  __rtentry4.o(.ARM.Collect$$rtentry$$00000004)
    .ARM.Collect$$rtentry$$00000009          0x000002f0   Section        0  __rtentry2.o(.ARM.Collect$$rtentry$$00000009)
    .ARM.Collect$$rtentry$$0000000A          0x000002f0   Section        4  __rtentry2.o(.ARM.Collect$$rtentry$$0000000A)
    .ARM.Collect$$rtentry$$0000000C          0x000002f4   Section        0  __rtentry2.o(.ARM.Collect$$rtentry$$0000000C)
    .ARM.Collect$$rtentry$$0000000D          0x000002f4   Section        8  __rtentry2.o(.ARM.Collect$$rtentry$$0000000D)
    .ARM.Collect$$rtexit$$00000000           0x000002fc   Section        2  rtexit.o(.ARM.Collect$$rtexit$$00000000)
    .ARM.Collect$$rtexit$$00000002           0x000002fe   Section        0  rtexit2.o(.ARM.Collect$$rtexit$$00000002)
    .ARM.Collect$$rtexit$$00000003           0x000002fe   Section        4  rtexit2.o(.ARM.Collect$$rtexit$$00000003)
    .ARM.Collect$$rtexit$$00000004           0x00000302   Section        6  rtexit2.o(.ARM.Collect$$rtexit$$00000004)
    $v0                                      0x00000308   Number         0  startup_tm4c123.o(.text)
    .text                                    0x00000308   Section      276  startup_tm4c123.o(.text)
    .text                                    0x0000041c   Section        0  noretval__2snprintf.o(.text)
    .text                                    0x00000450   Section        0  __printf_ss_wp.o(.text)
    .text                                    0x000005b0   Section        0  heapauxi.o(.text)
    _fp_digits                               0x000005b7   Thumb Code   432  _printf_fp_dec.o(.text)
    .text                                    0x000005b6   Section        0  _printf_fp_dec.o(.text)
    _printf_input_char                       0x000009d5   Thumb Code    10  _printf_char_common.o(.text)
    .text                                    0x000009d4   Section        0  _printf_char_common.o(.text)
    .text                                    0x00000a04   Section        0  _sputc.o(.text)
    .text                                    0x00000a0e   Section        0  _snputc.o(.text)
    .text                                    0x00000a20   Section        8  rt_locale_intlibspace.o(.text)
    .text                                    0x00000a28   Section      138  lludiv10.o(.text)
    .text                                    0x00000ab4   Section        0  _printf_fp_infnan.o(.text)
    .text                                    0x00000b34   Section        0  bigflt0.o(.text)
    .text                                    0x00000c18   Section        8  libspace.o(.text)
    .text                                    0x00000c20   Section       74  sys_stackheap_outer.o(.text)
    .text                                    0x00000c6a   Section        0  exit.o(.text)
    .text                                    0x00000c80   Section      124  strcmpv7em.o(.text)
    .text                                    0x00000cfc   Section        0  sys_exit.o(.text)
    .text                                    0x00000d08   Section        2  use_no_semi.o(.text)
    .text                                    0x00000d0a   Section        0  indicate_semi.o(.text)
    [Anonymous Symbol]                       0x00000d0c   Section        0  main.o(.text.LCD_Init)
    [Anonymous Symbol]                       0x00000d58   Section        0  main.o(.text.LCD_Print)
    [Anonymous Symbol]                       0x00000da4   Section        0  main.o(.text.LCD_Send_Command)
    [Anonymous Symbol]                       0x00000dd0   Section        0  main.o(.text.LCD_Send_Data)
    [Anonymous Symbol]                       0x00000dfc   Section        0  system_tm4c123.o(.text.SystemInit)
    [Anonymous Symbol]                       0x00000e6c   Section        0  main.o(.text.Systick_init)
    [Anonymous Symbol]                       0x00000e84   Section        0  main.o(.text.delay_ms)
    [Anonymous Symbol]                       0x00000eac   Section        0  main.o(.text.delay_us)
    [Anonymous Symbol]                       0x00000ed0   Section        0  main.o(.text.light_led_after_100m)
    [Anonymous Symbol]                       0x00000f00   Section        0  main.o(.text.main)
    [Anonymous Symbol]                       0x00000fa8   Section        0  main.o(.text.pinA3_High_output)
    [Anonymous Symbol]                       0x00000fbc   Section        0  main.o(.text.pinA3_Low_output)
    [Anonymous Symbol]                       0x00000fd0   Section        0  main.o(.text.portA)
    [Anonymous Symbol]                       0x00001008   Section        0  main.o(.text.portB)
    [Anonymous Symbol]                       0x00001040   Section        0  main.o(.text.portF)
    [Anonymous Symbol]                       0x000010b8   Section        0  main.o(.text.red_led_output)
    [Anonymous Symbol]                       0x000010d4   Section        0  main.o(.text.send_dist_to_segment)
    [Anonymous Symbol]                       0x000010f8   Section        0  main.o(.text.update_7_segment)
    [Anonymous Symbol]                       0x00001160   Section        0  main.o(.text.update_dist_travelled)
    CL$$btod_d2e                             0x000011b8   Section       62  btod.o(CL$$btod_d2e)
    CL$$btod_d2e_denorm_low                  0x000011f6   Section       70  btod.o(CL$$btod_d2e_denorm_low)
    CL$$btod_d2e_norm_op1                    0x0000123c   Section       96  btod.o(CL$$btod_d2e_norm_op1)
    CL$$btod_div_common                      0x0000129c   Section      824  btod.o(CL$$btod_div_common)
    CL$$btod_e2e                             0x000015d4   Section      220  btod.o(CL$$btod_e2e)
    CL$$btod_ediv                            0x000016b0   Section       42  btod.o(CL$$btod_ediv)
    CL$$btod_emul                            0x000016da   Section       42  btod.o(CL$$btod_emul)
    CL$$btod_mult_common                     0x00001704   Section      580  btod.o(CL$$btod_mult_common)
    i.__ARM_fpclassify                       0x00001948   Section        0  fpclassify.o(i.__ARM_fpclassify)
    i._is_digit                              0x00001978   Section        0  __printf_wp.o(i._is_digit)
    locale$$code                             0x00001988   Section       44  lc_numeric_c.o(locale$$code)
    $v0                                      0x000019b4   Number         0  daddsub_clz.o(x$fpl$dadd)
    x$fpl$dadd                               0x000019b4   Section      336  daddsub_clz.o(x$fpl$dadd)
    _dadd1                                   0x000019c5   Thumb Code     0  daddsub_clz.o(x$fpl$dadd)
    $v0                                      0x00001b04   Number         0  dcmpi.o(x$fpl$dcmpinf)
    x$fpl$dcmpinf                            0x00001b04   Section       24  dcmpi.o(x$fpl$dcmpinf)
    $v0                                      0x00001b1c   Number         0  deqf.o(x$fpl$deqf)
    x$fpl$deqf                               0x00001b1c   Section      120  deqf.o(x$fpl$deqf)
    $v0                                      0x00001b94   Number         0  dfix.o(x$fpl$dfix)
    x$fpl$dfix                               0x00001b94   Section       94  dfix.o(x$fpl$dfix)
    $v0                                      0x00001bf4   Number         0  dgeqf.o(x$fpl$dgeqf)
    x$fpl$dgeqf                              0x00001bf4   Section      120  dgeqf.o(x$fpl$dgeqf)
    $v0                                      0x00001c6c   Number         0  dleqf.o(x$fpl$dleqf)
    x$fpl$dleqf                              0x00001c6c   Section      120  dleqf.o(x$fpl$dleqf)
    $v0                                      0x00001ce4   Number         0  dnaninf.o(x$fpl$dnaninf)
    x$fpl$dnaninf                            0x00001ce4   Section      156  dnaninf.o(x$fpl$dnaninf)
    $v0                                      0x00001d80   Number         0  dretinf.o(x$fpl$dretinf)
    x$fpl$dretinf                            0x00001d80   Section       12  dretinf.o(x$fpl$dretinf)
    $v0                                      0x00001d8c   Number         0  daddsub_clz.o(x$fpl$dsub)
    x$fpl$dsub                               0x00001d8c   Section      476  daddsub_clz.o(x$fpl$dsub)
    _dsub1                                   0x00001d9d   Thumb Code     0  daddsub_clz.o(x$fpl$dsub)
    $v0                                      0x00001f68   Number         0  dcmp.o(x$fpl$fcmp)
    x$fpl$fcmp                               0x00001f68   Section       84  dcmp.o(x$fpl$fcmp)
    $v0                                      0x00001fbc   Number         0  fpinit.o(x$fpl$fpinit)
    x$fpl$fpinit                             0x00001fbc   Section       26  fpinit.o(x$fpl$fpinit)
    $v0                                      0x00001fd6   Number         0  printf1.o(x$fpl$printf1)
    x$fpl$printf1                            0x00001fd6   Section        4  printf1.o(x$fpl$printf1)
    x$fpl$usenofp                            0x00001fda   Section        0  usenofp.o(x$fpl$usenofp)
    tenpwrs_x                                0x00001fdc   Data          60  bigflt0.o(.constdata)
    .constdata                               0x00001fdc   Section      148  bigflt0.o(.constdata)
    tenpwrs_i                                0x00002018   Data          64  bigflt0.o(.constdata)
    locale$$data                             0x00002080   Section       28  lc_numeric_c.o(locale$$data)
    __lcnum_c_name                           0x00002084   Data           2  lc_numeric_c.o(locale$$data)
    __lcnum_c_start                          0x0000208c   Data           0  lc_numeric_c.o(locale$$data)
    __lcnum_c_point                          0x00002098   Data           0  lc_numeric_c.o(locale$$data)
    __lcnum_c_thousands                      0x0000209a   Data           0  lc_numeric_c.o(locale$$data)
    __lcnum_c_grouping                       0x0000209b   Data           0  lc_numeric_c.o(locale$$data)
    __lcnum_c_end                            0x0000209c   Data           0  lc_numeric_c.o(locale$$data)
    .bss                                     0x20000000   Section       96  libspace.o(.bss)
    Heap_Mem                                 0x20000080   Data           0  startup_tm4c123.o(HEAP)
    Stack_Mem                                0x20000080   Data         512  startup_tm4c123.o(STACK)
    HEAP                                     0x20000080   Section        0  startup_tm4c123.o(HEAP)
    STACK                                    0x20000080   Section      512  startup_tm4c123.o(STACK)
    __initial_sp                             0x20000280   Data           0  startup_tm4c123.o(STACK)

    Global Symbols

    Symbol Name                              Value     Ov Type        Size  Object(Section)

    BuildAttributes$$THM_ISAv4$E$P$D$K$B$S$7EM$VFPi3$EXTD16$VFPS$VFMA$PE$A:L22UL41UL21$X:L11$S22US41US21$IEEE1$IW$~IW$USESV6$~STKCKD$USESV7$~SHL$OTIME$ROPI$IEEEX$EBA8$UX$STANDARDLIB$REQ8$PRES8$EABIv2 0x00000000   Number         0  anon$$obj.o ABSOLUTE
    __Vectors                                0x00000000   Data           4  startup_tm4c123.o(RESET)
    _printf_flags                            0x00000000   Number         0  printf_stubs.o ABSOLUTE
    _printf_return_value                     0x00000000   Number         0  printf_stubs.o ABSOLUTE
    _printf_sizespec                         0x00000000   Number         0  printf_stubs.o ABSOLUTE
    _printf_widthprec                        0x00000000   Number         0  printf_stubs.o ABSOLUTE
    __ARM_exceptions_init                     - Undefined Weak Reference
    __alloca_initialize                       - Undefined Weak Reference
    __arm_preinit_                            - Undefined Weak Reference
    __cpp_initialize__aeabi_                  - Undefined Weak Reference
    __cxa_finalize                            - Undefined Weak Reference
    __sigvec_lookup                           - Undefined Weak Reference
    _atexit_init                              - Undefined Weak Reference
    _call_atexit_fns                          - Undefined Weak Reference
    _clock_init                               - Undefined Weak Reference
    _fp_trap_init                             - Undefined Weak Reference
    _fp_trap_shutdown                         - Undefined Weak Reference
    _get_lc_collate                           - Undefined Weak Reference
    _get_lc_ctype                             - Undefined Weak Reference
    _get_lc_monetary                          - Undefined Weak Reference
    _get_lc_time                              - Undefined Weak Reference
    _getenv_init                              - Undefined Weak Reference
    _handle_redirection                       - Undefined Weak Reference
    _init_alloc                               - Undefined Weak Reference
    _init_user_alloc                          - Undefined Weak Reference
    _initio                                   - Undefined Weak Reference
    _printf_post_padding                      - Undefined Weak Reference
    _printf_pre_padding                       - Undefined Weak Reference
    _rand_init                                - Undefined Weak Reference
    _signal_finish                            - Undefined Weak Reference
    _signal_init                              - Undefined Weak Reference
    _terminate_alloc                          - Undefined Weak Reference
    _terminate_user_alloc                     - Undefined Weak Reference
    _terminateio                              - Undefined Weak Reference
    __Vectors_End                            0x0000026c   Data           0  startup_tm4c123.o(RESET)
    __Vectors_Size                           0x0000026c   Number         0  startup_tm4c123.o ABSOLUTE
    __main                                   0x0000026d   Thumb Code     8  __main.o(!!!main)
    __scatterload                            0x00000275   Thumb Code     0  __scatter.o(!!!scatter)
    __scatterload_rt2                        0x00000275   Thumb Code    44  __scatter.o(!!!scatter)
    __scatterload_rt2_thumb_only             0x00000275   Thumb Code     0  __scatter.o(!!!scatter)
    __scatterload_null                       0x00000283   Thumb Code     0  __scatter.o(!!!scatter)
    __scatterload_zeroinit                   0x000002a9   Thumb Code    28  __scatter_zi.o(!!handler_zi)
    _printf_f                                0x000002c5   Thumb Code     0  _printf_f.o(.ARM.Collect$$_printf_percent$$00000003)
    _printf_percent                          0x000002c5   Thumb Code     0  _printf_percent.o(.ARM.Collect$$_printf_percent$$00000000)
    _printf_percent_end                      0x000002cb   Thumb Code     0  _printf_percent_end.o(.ARM.Collect$$_printf_percent$$00000017)
    __rt_lib_init                            0x000002cf   Thumb Code     0  libinit.o(.ARM.Collect$$libinit$$00000000)
    __rt_lib_init_fp_1                       0x000002d1   Thumb Code     0  libinit2.o(.ARM.Collect$$libinit$$00000001)
    __rt_lib_init_heap_1                     0x000002d5   Thumb Code     0  libinit2.o(.ARM.Collect$$libinit$$0000000A)
    __rt_lib_init_lc_common                  0x000002d5   Thumb Code     0  libinit2.o(.ARM.Collect$$libinit$$0000000F)
    __rt_lib_init_preinit_1                  0x000002d5   Thumb Code     0  libinit2.o(.ARM.Collect$$libinit$$00000004)
    __rt_lib_init_rand_1                     0x000002d5   Thumb Code     0  libinit2.o(.ARM.Collect$$libinit$$0000000E)
    __rt_lib_init_user_alloc_1               0x000002d5   Thumb Code     0  libinit2.o(.ARM.Collect$$libinit$$0000000C)
    __rt_lib_init_lc_collate_1               0x000002db   Thumb Code     0  libinit2.o(.ARM.Collect$$libinit$$00000011)
    __rt_lib_init_lc_ctype_1                 0x000002db   Thumb Code     0  libinit2.o(.ARM.Collect$$libinit$$00000013)
    __rt_lib_init_lc_monetary_1              0x000002db   Thumb Code     0  libinit2.o(.ARM.Collect$$libinit$$00000015)
    __rt_lib_init_lc_numeric_2               0x000002db   Thumb Code     0  libinit2.o(.ARM.Collect$$libinit$$00000016)
    __rt_lib_init_alloca_1                   0x000002e5   Thumb Code     0  libinit2.o(.ARM.Collect$$libinit$$0000002E)
    __rt_lib_init_argv_1                     0x000002e5   Thumb Code     0  libinit2.o(.ARM.Collect$$libinit$$0000002C)
    __rt_lib_init_atexit_1                   0x000002e5   Thumb Code     0  libinit2.o(.ARM.Collect$$libinit$$0000001B)
    __rt_lib_init_clock_1                    0x000002e5   Thumb Code     0  libinit2.o(.ARM.Collect$$libinit$$00000021)
    __rt_lib_init_cpp_1                      0x000002e5   Thumb Code     0  libinit2.o(.ARM.Collect$$libinit$$00000032)
    __rt_lib_init_exceptions_1               0x000002e5   Thumb Code     0  libinit2.o(.ARM.Collect$$libinit$$00000030)
    __rt_lib_init_fp_trap_1                  0x000002e5   Thumb Code     0  libinit2.o(.ARM.Collect$$libinit$$0000001F)
    __rt_lib_init_getenv_1                   0x000002e5   Thumb Code     0  libinit2.o(.ARM.Collect$$libinit$$00000023)
    __rt_lib_init_lc_numeric_1               0x000002e5   Thumb Code     0  libinit2.o(.ARM.Collect$$libinit$$00000017)
    __rt_lib_init_lc_time_1                  0x000002e5   Thumb Code     0  libinit2.o(.ARM.Collect$$libinit$$00000019)
    __rt_lib_init_return                     0x000002e5   Thumb Code     0  libinit2.o(.ARM.Collect$$libinit$$00000033)
    __rt_lib_init_signal_1                   0x000002e5   Thumb Code     0  libinit2.o(.ARM.Collect$$libinit$$0000001D)
    __rt_lib_init_stdio_1                    0x000002e5   Thumb Code     0  libinit2.o(.ARM.Collect$$libinit$$00000025)
    __rt_lib_shutdown                        0x000002e7   Thumb Code     0  libshutdown.o(.ARM.Collect$$libshutdown$$00000000)
    __rt_lib_shutdown_cpp_1                  0x000002e9   Thumb Code     0  libshutdown2.o(.ARM.Collect$$libshutdown$$00000002)
    __rt_lib_shutdown_fp_trap_1              0x000002e9   Thumb Code     0  libshutdown2.o(.ARM.Collect$$libshutdown$$00000007)
    __rt_lib_shutdown_heap_1                 0x000002e9   Thumb Code     0  libshutdown2.o(.ARM.Collect$$libshutdown$$0000000F)
    __rt_lib_shutdown_return                 0x000002e9   Thumb Code     0  libshutdown2.o(.ARM.Collect$$libshutdown$$00000010)
    __rt_lib_shutdown_signal_1               0x000002e9   Thumb Code     0  libshutdown2.o(.ARM.Collect$$libshutdown$$0000000A)
    __rt_lib_shutdown_stdio_1                0x000002e9   Thumb Code     0  libshutdown2.o(.ARM.Collect$$libshutdown$$00000004)
    __rt_lib_shutdown_user_alloc_1           0x000002e9   Thumb Code     0  libshutdown2.o(.ARM.Collect$$libshutdown$$0000000C)
    __rt_entry                               0x000002eb   Thumb Code     0  __rtentry.o(.ARM.Collect$$rtentry$$00000000)
    __rt_entry_presh_1                       0x000002eb   Thumb Code     0  __rtentry2.o(.ARM.Collect$$rtentry$$00000002)
    __rt_entry_sh                            0x000002eb   Thumb Code     0  __rtentry4.o(.ARM.Collect$$rtentry$$00000004)
    __rt_entry_li                            0x000002f1   Thumb Code     0  __rtentry2.o(.ARM.Collect$$rtentry$$0000000A)
    __rt_entry_postsh_1                      0x000002f1   Thumb Code     0  __rtentry2.o(.ARM.Collect$$rtentry$$00000009)
    __rt_entry_main                          0x000002f5   Thumb Code     0  __rtentry2.o(.ARM.Collect$$rtentry$$0000000D)
    __rt_entry_postli_1                      0x000002f5   Thumb Code     0  __rtentry2.o(.ARM.Collect$$rtentry$$0000000C)
    __rt_exit                                0x000002fd   Thumb Code     0  rtexit.o(.ARM.Collect$$rtexit$$00000000)
    __rt_exit_ls                             0x000002ff   Thumb Code     0  rtexit2.o(.ARM.Collect$$rtexit$$00000003)
    __rt_exit_prels_1                        0x000002ff   Thumb Code     0  rtexit2.o(.ARM.Collect$$rtexit$$00000002)
    __rt_exit_exit                           0x00000303   Thumb Code     0  rtexit2.o(.ARM.Collect$$rtexit$$00000004)
    Reset_Handler                            0x00000309   Thumb Code     8  startup_tm4c123.o(.text)
    NMI_Handler                              0x00000311   Thumb Code     2  startup_tm4c123.o(.text)
    HardFault_Handler                        0x00000313   Thumb Code     2  startup_tm4c123.o(.text)
    MemManage_Handler                        0x00000315   Thumb Code     2  startup_tm4c123.o(.text)
    BusFault_Handler                         0x00000317   Thumb Code     2  startup_tm4c123.o(.text)
    UsageFault_Handler                       0x00000319   Thumb Code     2  startup_tm4c123.o(.text)
    SVC_Handler                              0x0000031b   Thumb Code     2  startup_tm4c123.o(.text)
    DebugMon_Handler                         0x0000031d   Thumb Code     2  startup_tm4c123.o(.text)
    PendSV_Handler                           0x0000031f   Thumb Code     2  startup_tm4c123.o(.text)
    SysTick_Handler                          0x00000321   Thumb Code     2  startup_tm4c123.o(.text)
    GPIOA_Handler                            0x00000323   Thumb Code     2  startup_tm4c123.o(.text)
    GPIOB_Handler                            0x00000325   Thumb Code     2  startup_tm4c123.o(.text)
    GPIOC_Handler                            0x00000327   Thumb Code     2  startup_tm4c123.o(.text)
    GPIOD_Handler                            0x00000329   Thumb Code     2  startup_tm4c123.o(.text)
    GPIOE_Handler                            0x0000032b   Thumb Code     2  startup_tm4c123.o(.text)
    UART0_Handler                            0x0000032d   Thumb Code     2  startup_tm4c123.o(.text)
    UART1_Handler                            0x0000032f   Thumb Code     2  startup_tm4c123.o(.text)
    SSI0_Handler                             0x00000331   Thumb Code     2  startup_tm4c123.o(.text)
    I2C0_Handler                             0x00000333   Thumb Code     2  startup_tm4c123.o(.text)
    PMW0_FAULT_Handler                       0x00000335   Thumb Code     2  startup_tm4c123.o(.text)
    PWM0_0_Handler                           0x00000337   Thumb Code     2  startup_tm4c123.o(.text)
    PWM0_1_Handler                           0x00000339   Thumb Code     2  startup_tm4c123.o(.text)
    PWM0_2_Handler                           0x0000033b   Thumb Code     2  startup_tm4c123.o(.text)
    QEI0_Handler                             0x0000033d   Thumb Code     2  startup_tm4c123.o(.text)
    ADC0SS0_Handler                          0x0000033f   Thumb Code     2  startup_tm4c123.o(.text)
    ADC0SS1_Handler                          0x00000341   Thumb Code     2  startup_tm4c123.o(.text)
    ADC0SS2_Handler                          0x00000343   Thumb Code     2  startup_tm4c123.o(.text)
    ADC0SS3_Handler                          0x00000345   Thumb Code     2  startup_tm4c123.o(.text)
    WDT0_Handler                             0x00000347   Thumb Code     2  startup_tm4c123.o(.text)
    TIMER0A_Handler                          0x00000349   Thumb Code     2  startup_tm4c123.o(.text)
    TIMER0B_Handler                          0x0000034b   Thumb Code     2  startup_tm4c123.o(.text)
    TIMER1A_Handler                          0x0000034d   Thumb Code     2  startup_tm4c123.o(.text)
    TIMER1B_Handler                          0x0000034f   Thumb Code     2  startup_tm4c123.o(.text)
    TIMER2A_Handler                          0x00000351   Thumb Code     2  startup_tm4c123.o(.text)
    TIMER2B_Handler                          0x00000353   Thumb Code     2  startup_tm4c123.o(.text)
    COMP0_Handler                            0x00000355   Thumb Code     2  startup_tm4c123.o(.text)
    COMP1_Handler                            0x00000357   Thumb Code     2  startup_tm4c123.o(.text)
    COMP2_Handler                            0x00000359   Thumb Code     2  startup_tm4c123.o(.text)
    SYSCTL_Handler                           0x0000035b   Thumb Code     2  startup_tm4c123.o(.text)
    FLASH_Handler                            0x0000035d   Thumb Code     2  startup_tm4c123.o(.text)
    GPIOF_Handler                            0x0000035f   Thumb Code     2  startup_tm4c123.o(.text)
    GPIOG_Handler                            0x00000361   Thumb Code     2  startup_tm4c123.o(.text)
    GPIOH_Handler                            0x00000363   Thumb Code     2  startup_tm4c123.o(.text)
    UART2_Handler                            0x00000365   Thumb Code     2  startup_tm4c123.o(.text)
    SSI1_Handler                             0x00000367   Thumb Code     2  startup_tm4c123.o(.text)
    TIMER3A_Handler                          0x00000369   Thumb Code     2  startup_tm4c123.o(.text)
    TIMER3B_Handler                          0x0000036b   Thumb Code     2  startup_tm4c123.o(.text)
    I2C1_Handler                             0x0000036d   Thumb Code     2  startup_tm4c123.o(.text)
    QEI1_Handler                             0x0000036f   Thumb Code     2  startup_tm4c123.o(.text)
    CAN0_Handler                             0x00000371   Thumb Code     2  startup_tm4c123.o(.text)
    CAN1_Handler                             0x00000373   Thumb Code     2  startup_tm4c123.o(.text)
    CAN2_Handler                             0x00000375   Thumb Code     2  startup_tm4c123.o(.text)
    HIB_Handler                              0x00000377   Thumb Code     2  startup_tm4c123.o(.text)
    USB0_Handler                             0x00000379   Thumb Code     2  startup_tm4c123.o(.text)
    PWM0_3_Handler                           0x0000037b   Thumb Code     2  startup_tm4c123.o(.text)
    UDMA_Handler                             0x0000037d   Thumb Code     2  startup_tm4c123.o(.text)
    UDMAERR_Handler                          0x0000037f   Thumb Code     2  startup_tm4c123.o(.text)
    ADC1SS0_Handler                          0x00000381   Thumb Code     2  startup_tm4c123.o(.text)
    ADC1SS1_Handler                          0x00000383   Thumb Code     2  startup_tm4c123.o(.text)
    ADC1SS2_Handler                          0x00000385   Thumb Code     2  startup_tm4c123.o(.text)
    ADC1SS3_Handler                          0x00000387   Thumb Code     2  startup_tm4c123.o(.text)
    GPIOJ_Handler                            0x00000389   Thumb Code     2  startup_tm4c123.o(.text)
    GPIOK_Handler                            0x0000038b   Thumb Code     2  startup_tm4c123.o(.text)
    GPIOL_Handler                            0x0000038d   Thumb Code     2  startup_tm4c123.o(.text)
    SSI2_Handler                             0x0000038f   Thumb Code     2  startup_tm4c123.o(.text)
    SSI3_Handler                             0x00000391   Thumb Code     2  startup_tm4c123.o(.text)
    UART3_Handler                            0x00000393   Thumb Code     2  startup_tm4c123.o(.text)
    UART4_Handler                            0x00000395   Thumb Code     2  startup_tm4c123.o(.text)
    UART5_Handler                            0x00000397   Thumb Code     2  startup_tm4c123.o(.text)
    UART6_Handler                            0x00000399   Thumb Code     2  startup_tm4c123.o(.text)
    UART7_Handler                            0x0000039b   Thumb Code     2  startup_tm4c123.o(.text)
    I2C2_Handler                             0x0000039d   Thumb Code     2  startup_tm4c123.o(.text)
    I2C3_Handler                             0x0000039f   Thumb Code     2  startup_tm4c123.o(.text)
    TIMER4A_Handler                          0x000003a1   Thumb Code     2  startup_tm4c123.o(.text)
    TIMER4B_Handler                          0x000003a3   Thumb Code     2  startup_tm4c123.o(.text)
    TIMER5A_Handler                          0x000003a5   Thumb Code     2  startup_tm4c123.o(.text)
    TIMER5B_Handler                          0x000003a7   Thumb Code     2  startup_tm4c123.o(.text)
    WTIMER0A_Handler                         0x000003a9   Thumb Code     2  startup_tm4c123.o(.text)
    WTIMER0B_Handler                         0x000003ab   Thumb Code     2  startup_tm4c123.o(.text)
    WTIMER1A_Handler                         0x000003ad   Thumb Code     2  startup_tm4c123.o(.text)
    WTIMER1B_Handler                         0x000003af   Thumb Code     2  startup_tm4c123.o(.text)
    WTIMER2A_Handler                         0x000003b1   Thumb Code     2  startup_tm4c123.o(.text)
    WTIMER2B_Handler                         0x000003b3   Thumb Code     2  startup_tm4c123.o(.text)
    WTIMER3A_Handler                         0x000003b5   Thumb Code     2  startup_tm4c123.o(.text)
    WTIMER3B_Handler                         0x000003b7   Thumb Code     2  startup_tm4c123.o(.text)
    WTIMER4A_Handler                         0x000003b9   Thumb Code     2  startup_tm4c123.o(.text)
    WTIMER4B_Handler                         0x000003bb   Thumb Code     2  startup_tm4c123.o(.text)
    WTIMER5A_Handler                         0x000003bd   Thumb Code     2  startup_tm4c123.o(.text)
    WTIMER5B_Handler                         0x000003bf   Thumb Code     2  startup_tm4c123.o(.text)
    FPU_Handler                              0x000003c1   Thumb Code     2  startup_tm4c123.o(.text)
    I2C4_Handler                             0x000003c3   Thumb Code     2  startup_tm4c123.o(.text)
    I2C5_Handler                             0x000003c5   Thumb Code     2  startup_tm4c123.o(.text)
    GPIOM_Handler                            0x000003c7   Thumb Code     2  startup_tm4c123.o(.text)
    GPION_Handler                            0x000003c9   Thumb Code     2  startup_tm4c123.o(.text)
    QEI2_Handler                             0x000003cb   Thumb Code     2  startup_tm4c123.o(.text)
    GPIOP0_Handler                           0x000003cd   Thumb Code     2  startup_tm4c123.o(.text)
    GPIOP1_Handler                           0x000003cf   Thumb Code     2  startup_tm4c123.o(.text)
    GPIOP2_Handler                           0x000003d1   Thumb Code     2  startup_tm4c123.o(.text)
    GPIOP3_Handler                           0x000003d3   Thumb Code     2  startup_tm4c123.o(.text)
    GPIOP4_Handler                           0x000003d5   Thumb Code     2  startup_tm4c123.o(.text)
    GPIOP5_Handler                           0x000003d7   Thumb Code     2  startup_tm4c123.o(.text)
    GPIOP6_Handler                           0x000003d9   Thumb Code     2  startup_tm4c123.o(.text)
    GPIOP7_Handler                           0x000003db   Thumb Code     2  startup_tm4c123.o(.text)
    GPIOQ0_Handler                           0x000003dd   Thumb Code     2  startup_tm4c123.o(.text)
    GPIOQ1_Handler                           0x000003df   Thumb Code     2  startup_tm4c123.o(.text)
    GPIOQ2_Handler                           0x000003e1   Thumb Code     2  startup_tm4c123.o(.text)
    GPIOQ3_Handler                           0x000003e3   Thumb Code     2  startup_tm4c123.o(.text)
    GPIOQ4_Handler                           0x000003e5   Thumb Code     2  startup_tm4c123.o(.text)
    GPIOQ5_Handler                           0x000003e7   Thumb Code     2  startup_tm4c123.o(.text)
    GPIOQ6_Handler                           0x000003e9   Thumb Code     2  startup_tm4c123.o(.text)
    GPIOQ7_Handler                           0x000003eb   Thumb Code     2  startup_tm4c123.o(.text)
    GPIOR_Handler                            0x000003ed   Thumb Code     2  startup_tm4c123.o(.text)
    GPIOS_Handler                            0x000003ef   Thumb Code     2  startup_tm4c123.o(.text)
    PMW1_0_Handler                           0x000003f1   Thumb Code     2  startup_tm4c123.o(.text)
    PWM1_1_Handler                           0x000003f3   Thumb Code     2  startup_tm4c123.o(.text)
    PWM1_2_Handler                           0x000003f5   Thumb Code     2  startup_tm4c123.o(.text)
    PWM1_3_Handler                           0x000003f7   Thumb Code     2  startup_tm4c123.o(.text)
    PWM1_FAULT_Handler                       0x000003f9   Thumb Code     2  startup_tm4c123.o(.text)
    __user_initial_stackheap                 0x000003fd   Thumb Code     0  startup_tm4c123.o(.text)
    __2snprintf                              0x0000041d   Thumb Code    48  noretval__2snprintf.o(.text)
    __printf                                 0x00000451   Thumb Code   352  __printf_ss_wp.o(.text)
    __use_two_region_memory                  0x000005b1   Thumb Code     2  heapauxi.o(.text)
    __rt_heap_escrow$2region                 0x000005b3   Thumb Code     2  heapauxi.o(.text)
    __rt_heap_expand$2region                 0x000005b5   Thumb Code     2  heapauxi.o(.text)
    _printf_fp_dec_real                      0x00000767   Thumb Code   620  _printf_fp_dec.o(.text)
    _printf_char_common                      0x000009df   Thumb Code    32  _printf_char_common.o(.text)
    _sputc                                   0x00000a05   Thumb Code    10  _sputc.o(.text)
    _snputc                                  0x00000a0f   Thumb Code    16  _snputc.o(.text)
    __rt_locale                              0x00000a21   Thumb Code     8  rt_locale_intlibspace.o(.text)
    _ll_udiv10                               0x00000a29   Thumb Code   138  lludiv10.o(.text)
    _printf_fp_infnan                        0x00000ab5   Thumb Code   112  _printf_fp_infnan.o(.text)
    _btod_etento                             0x00000b35   Thumb Code   224  bigflt0.o(.text)
    __user_libspace                          0x00000c19   Thumb Code     8  libspace.o(.text)
    __user_perproc_libspace                  0x00000c19   Thumb Code     0  libspace.o(.text)
    __user_perthread_libspace                0x00000c19   Thumb Code     0  libspace.o(.text)
    __user_setup_stackheap                   0x00000c21   Thumb Code    74  sys_stackheap_outer.o(.text)
    exit                                     0x00000c6b   Thumb Code    18  exit.o(.text)
    strcmp                                   0x00000c81   Thumb Code   124  strcmpv7em.o(.text)
    _sys_exit                                0x00000cfd   Thumb Code     8  sys_exit.o(.text)
    __I$use$semihosting                      0x00000d09   Thumb Code     0  use_no_semi.o(.text)
    __use_no_semihosting_swi                 0x00000d09   Thumb Code     2  use_no_semi.o(.text)
    __semihosting_library_function           0x00000d0b   Thumb Code     0  indicate_semi.o(.text)
    LCD_Init                                 0x00000d0d   Thumb Code    76  main.o(.text.LCD_Init)
    LCD_Print                                0x00000d59   Thumb Code    74  main.o(.text.LCD_Print)
    LCD_Send_Command                         0x00000da5   Thumb Code    42  main.o(.text.LCD_Send_Command)
    LCD_Send_Data                            0x00000dd1   Thumb Code    44  main.o(.text.LCD_Send_Data)
    SystemInit                               0x00000dfd   Thumb Code   112  system_tm4c123.o(.text.SystemInit)
    Systick_init                             0x00000e6d   Thumb Code    22  main.o(.text.Systick_init)
    delay_ms                                 0x00000e85   Thumb Code    38  main.o(.text.delay_ms)
    delay_us                                 0x00000ead   Thumb Code    30  main.o(.text.delay_us)
    light_led_after_100m                     0x00000ed1   Thumb Code    48  main.o(.text.light_led_after_100m)
    main                                     0x00000f01   Thumb Code   156  main.o(.text.main)
    pinA3_High_output                        0x00000fa9   Thumb Code    18  main.o(.text.pinA3_High_output)
    pinA3_Low_output                         0x00000fbd   Thumb Code    18  main.o(.text.pinA3_Low_output)
    portA                                    0x00000fd1   Thumb Code    56  main.o(.text.portA)
    portB                                    0x00001009   Thumb Code    56  main.o(.text.portB)
    portF                                    0x00001041   Thumb Code   120  main.o(.text.portF)
    red_led_output                           0x000010b9   Thumb Code    26  main.o(.text.red_led_output)
    send_dist_to_segment                     0x000010d5   Thumb Code    34  main.o(.text.send_dist_to_segment)
    update_7_segment                         0x000010f9   Thumb Code   102  main.o(.text.update_7_segment)
    update_dist_travelled                    0x00001161   Thumb Code    88  main.o(.text.update_dist_travelled)
    _btod_d2e                                0x000011b9   Thumb Code    62  btod.o(CL$$btod_d2e)
    _d2e_denorm_low                          0x000011f7   Thumb Code    70  btod.o(CL$$btod_d2e_denorm_low)
    _d2e_norm_op1                            0x0000123d   Thumb Code    96  btod.o(CL$$btod_d2e_norm_op1)
    __btod_div_common                        0x0000129d   Thumb Code   696  btod.o(CL$$btod_div_common)
    _e2e                                     0x000015d5   Thumb Code   220  btod.o(CL$$btod_e2e)
    _btod_ediv                               0x000016b1   Thumb Code    42  btod.o(CL$$btod_ediv)
    _btod_emul                               0x000016db   Thumb Code    42  btod.o(CL$$btod_emul)
    __btod_mult_common                       0x00001705   Thumb Code   580  btod.o(CL$$btod_mult_common)
    __ARM_fpclassify                         0x00001949   Thumb Code    48  fpclassify.o(i.__ARM_fpclassify)
    _is_digit                                0x00001979   Thumb Code    14  __printf_wp.o(i._is_digit)
    _get_lc_numeric                          0x00001989   Thumb Code    44  lc_numeric_c.o(locale$$code)
    __aeabi_dadd                             0x000019b5   Thumb Code     0  daddsub_clz.o(x$fpl$dadd)
    _dadd                                    0x000019b5   Thumb Code   332  daddsub_clz.o(x$fpl$dadd)
    __fpl_dcmp_Inf                           0x00001b05   Thumb Code    24  dcmpi.o(x$fpl$dcmpinf)
    __aeabi_cdcmpeq                          0x00001b1d   Thumb Code     0  deqf.o(x$fpl$deqf)
    _dcmpeq                                  0x00001b1d   Thumb Code   120  deqf.o(x$fpl$deqf)
    __aeabi_d2iz                             0x00001b95   Thumb Code     0  dfix.o(x$fpl$dfix)
    _dfix                                    0x00001b95   Thumb Code    94  dfix.o(x$fpl$dfix)
    __aeabi_cdcmpge                          0x00001bf5   Thumb Code     0  dgeqf.o(x$fpl$dgeqf)
    _dcmpge                                  0x00001bf5   Thumb Code   120  dgeqf.o(x$fpl$dgeqf)
    __aeabi_cdcmple                          0x00001c6d   Thumb Code     0  dleqf.o(x$fpl$dleqf)
    _dcmple                                  0x00001c6d   Thumb Code   120  dleqf.o(x$fpl$dleqf)
    __fpl_dcmple_InfNaN                      0x00001ccf   Thumb Code     0  dleqf.o(x$fpl$dleqf)
    __fpl_dnaninf                            0x00001ce5   Thumb Code   156  dnaninf.o(x$fpl$dnaninf)
    __fpl_dretinf                            0x00001d81   Thumb Code    12  dretinf.o(x$fpl$dretinf)
    __aeabi_dsub                             0x00001d8d   Thumb Code     0  daddsub_clz.o(x$fpl$dsub)
    _dsub                                    0x00001d8d   Thumb Code   472  daddsub_clz.o(x$fpl$dsub)
    __aeabi_dcmpeq                           0x00001f69   Thumb Code     0  dcmp.o(x$fpl$fcmp)
    _deq                                     0x00001f69   Thumb Code    14  dcmp.o(x$fpl$fcmp)
    _dneq                                    0x00001f77   Thumb Code    14  dcmp.o(x$fpl$fcmp)
    __aeabi_dcmpgt                           0x00001f85   Thumb Code     0  dcmp.o(x$fpl$fcmp)
    _dgr                                     0x00001f85   Thumb Code    14  dcmp.o(x$fpl$fcmp)
    __aeabi_dcmpge                           0x00001f93   Thumb Code     0  dcmp.o(x$fpl$fcmp)
    _dgeq                                    0x00001f93   Thumb Code    14  dcmp.o(x$fpl$fcmp)
    __aeabi_dcmple                           0x00001fa1   Thumb Code     0  dcmp.o(x$fpl$fcmp)
    _dleq                                    0x00001fa1   Thumb Code    14  dcmp.o(x$fpl$fcmp)
    __aeabi_dcmplt                           0x00001faf   Thumb Code     0  dcmp.o(x$fpl$fcmp)
    _dls                                     0x00001faf   Thumb Code    14  dcmp.o(x$fpl$fcmp)
    _fp_init                                 0x00001fbd   Thumb Code    26  fpinit.o(x$fpl$fpinit)
    __fplib_config_fpu_vfp                   0x00001fd5   Thumb Code     0  fpinit.o(x$fpl$fpinit)
    __fplib_config_pureend_doubles           0x00001fd5   Thumb Code     0  fpinit.o(x$fpl$fpinit)
    _printf_fp_dec                           0x00001fd7   Thumb Code     4  printf1.o(x$fpl$printf1)
    __I$use$fp                               0x00001fda   Number         0  usenofp.o(x$fpl$usenofp)
    Region$$Table$$Base                      0x00002070   Number         0  anon$$obj.o(Region$$Table)
    Region$$Table$$Limit                     0x00002080   Number         0  anon$$obj.o(Region$$Table)
    __libspace_start                         0x20000000   Data          96  libspace.o(.bss)
    __temporary_stack_top$libspace           0x20000060   Data           0  libspace.o(.bss)
    dist_buffer                              0x20000060   Data          16  main.o(.bss.dist_buffer)
    dist_travelled                           0x20000070   Data           8  main.o(.bss.dist_travelled)
    old_dist                                 0x20000078   Data           8  main.o(.bss.old_dist)



==============================================================================

Memory Map of the image

  Image Entry point : 0x00000309

  Load Region LR_1 (Base: 0x00000000, Size: 0x0000209c, Max: 0xffffffff, ABSOLUTE)

    Execution Region ER_RO (Exec base: 0x00000000, Load base: 0x00000000, Size: 0x0000209c, Max: 0xffffffff, ABSOLUTE)

    Exec Addr    Load Addr    Size         Type   Attr      Idx    E Section Name        Object

    0x00000000   0x00000000   0x0000026c   Data   RO           60    RESET               startup_tm4c123.o
    0x0000026c   0x0000026c   0x00000008   Code   RO          115  * !!!main             c_w.l(__main.o)
    0x00000274   0x00000274   0x00000034   Code   RO          448    !!!scatter          c_w.l(__scatter.o)
    0x000002a8   0x000002a8   0x0000001c   Code   RO          450    !!handler_zi        c_w.l(__scatter_zi.o)
    0x000002c4   0x000002c4   0x00000000   Code   RO          112    .ARM.Collect$$_printf_percent$$00000000  c_w.l(_printf_percent.o)
    0x000002c4   0x000002c4   0x00000006   Code   RO          111    .ARM.Collect$$_printf_percent$$00000003  c_w.l(_printf_f.o)
    0x000002ca   0x000002ca   0x00000004   Code   RO          175    .ARM.Collect$$_printf_percent$$00000017  c_w.l(_printf_percent_end.o)
    0x000002ce   0x000002ce   0x00000002   Code   RO          313    .ARM.Collect$$libinit$$00000000  c_w.l(libinit.o)
    0x000002d0   0x000002d0   0x00000004   Code   RO          314    .ARM.Collect$$libinit$$00000001  c_w.l(libinit2.o)
    0x000002d4   0x000002d4   0x00000000   Code   RO          317    .ARM.Collect$$libinit$$00000004  c_w.l(libinit2.o)
    0x000002d4   0x000002d4   0x00000000   Code   RO          320    .ARM.Collect$$libinit$$0000000A  c_w.l(libinit2.o)
    0x000002d4   0x000002d4   0x00000000   Code   RO          322    .ARM.Collect$$libinit$$0000000C  c_w.l(libinit2.o)
    0x000002d4   0x000002d4   0x00000000   Code   RO          324    .ARM.Collect$$libinit$$0000000E  c_w.l(libinit2.o)
    0x000002d4   0x000002d4   0x00000006   Code   RO          325    .ARM.Collect$$libinit$$0000000F  c_w.l(libinit2.o)
    0x000002da   0x000002da   0x00000000   Code   RO          327    .ARM.Collect$$libinit$$00000011  c_w.l(libinit2.o)
    0x000002da   0x000002da   0x00000000   Code   RO          329    .ARM.Collect$$libinit$$00000013  c_w.l(libinit2.o)
    0x000002da   0x000002da   0x00000000   Code   RO          331    .ARM.Collect$$libinit$$00000015  c_w.l(libinit2.o)
    0x000002da   0x000002da   0x0000000a   Code   RO          332    .ARM.Collect$$libinit$$00000016  c_w.l(libinit2.o)
    0x000002e4   0x000002e4   0x00000000   Code   RO          333    .ARM.Collect$$libinit$$00000017  c_w.l(libinit2.o)
    0x000002e4   0x000002e4   0x00000000   Code   RO          335    .ARM.Collect$$libinit$$00000019  c_w.l(libinit2.o)
    0x000002e4   0x000002e4   0x00000000   Code   RO          337    .ARM.Collect$$libinit$$0000001B  c_w.l(libinit2.o)
    0x000002e4   0x000002e4   0x00000000   Code   RO          339    .ARM.Collect$$libinit$$0000001D  c_w.l(libinit2.o)
    0x000002e4   0x000002e4   0x00000000   Code   RO          341    .ARM.Collect$$libinit$$0000001F  c_w.l(libinit2.o)
    0x000002e4   0x000002e4   0x00000000   Code   RO          343    .ARM.Collect$$libinit$$00000021  c_w.l(libinit2.o)
    0x000002e4   0x000002e4   0x00000000   Code   RO          345    .ARM.Collect$$libinit$$00000023  c_w.l(libinit2.o)
    0x000002e4   0x000002e4   0x00000000   Code   RO          347    .ARM.Collect$$libinit$$00000025  c_w.l(libinit2.o)
    0x000002e4   0x000002e4   0x00000000   Code   RO          351    .ARM.Collect$$libinit$$0000002C  c_w.l(libinit2.o)
    0x000002e4   0x000002e4   0x00000000   Code   RO          353    .ARM.Collect$$libinit$$0000002E  c_w.l(libinit2.o)
    0x000002e4   0x000002e4   0x00000000   Code   RO          355    .ARM.Collect$$libinit$$00000030  c_w.l(libinit2.o)
    0x000002e4   0x000002e4   0x00000000   Code   RO          357    .ARM.Collect$$libinit$$00000032  c_w.l(libinit2.o)
    0x000002e4   0x000002e4   0x00000002   Code   RO          358    .ARM.Collect$$libinit$$00000033  c_w.l(libinit2.o)
    0x000002e6   0x000002e6   0x00000002   Code   RO          394    .ARM.Collect$$libshutdown$$00000000  c_w.l(libshutdown.o)
    0x000002e8   0x000002e8   0x00000000   Code   RO          405    .ARM.Collect$$libshutdown$$00000002  c_w.l(libshutdown2.o)
    0x000002e8   0x000002e8   0x00000000   Code   RO          407    .ARM.Collect$$libshutdown$$00000004  c_w.l(libshutdown2.o)
    0x000002e8   0x000002e8   0x00000000   Code   RO          410    .ARM.Collect$$libshutdown$$00000007  c_w.l(libshutdown2.o)
    0x000002e8   0x000002e8   0x00000000   Code   RO          413    .ARM.Collect$$libshutdown$$0000000A  c_w.l(libshutdown2.o)
    0x000002e8   0x000002e8   0x00000000   Code   RO          415    .ARM.Collect$$libshutdown$$0000000C  c_w.l(libshutdown2.o)
    0x000002e8   0x000002e8   0x00000000   Code   RO          418    .ARM.Collect$$libshutdown$$0000000F  c_w.l(libshutdown2.o)
    0x000002e8   0x000002e8   0x00000002   Code   RO          419    .ARM.Collect$$libshutdown$$00000010  c_w.l(libshutdown2.o)
    0x000002ea   0x000002ea   0x00000000   Code   RO          162    .ARM.Collect$$rtentry$$00000000  c_w.l(__rtentry.o)
    0x000002ea   0x000002ea   0x00000000   Code   RO          227    .ARM.Collect$$rtentry$$00000002  c_w.l(__rtentry2.o)
    0x000002ea   0x000002ea   0x00000006   Code   RO          239    .ARM.Collect$$rtentry$$00000004  c_w.l(__rtentry4.o)
    0x000002f0   0x000002f0   0x00000000   Code   RO          229    .ARM.Collect$$rtentry$$00000009  c_w.l(__rtentry2.o)
    0x000002f0   0x000002f0   0x00000004   Code   RO          230    .ARM.Collect$$rtentry$$0000000A  c_w.l(__rtentry2.o)
    0x000002f4   0x000002f4   0x00000000   Code   RO          232    .ARM.Collect$$rtentry$$0000000C  c_w.l(__rtentry2.o)
    0x000002f4   0x000002f4   0x00000008   Code   RO          233    .ARM.Collect$$rtentry$$0000000D  c_w.l(__rtentry2.o)
    0x000002fc   0x000002fc   0x00000002   Code   RO          359    .ARM.Collect$$rtexit$$00000000  c_w.l(rtexit.o)
    0x000002fe   0x000002fe   0x00000000   Code   RO          368    .ARM.Collect$$rtexit$$00000002  c_w.l(rtexit2.o)
    0x000002fe   0x000002fe   0x00000004   Code   RO          369    .ARM.Collect$$rtexit$$00000003  c_w.l(rtexit2.o)
    0x00000302   0x00000302   0x00000006   Code   RO          370    .ARM.Collect$$rtexit$$00000004  c_w.l(rtexit2.o)
    0x00000308   0x00000308   0x00000114   Code   RO           61  * .text               startup_tm4c123.o
    0x0000041c   0x0000041c   0x00000034   Code   RO           87    .text               c_w.l(noretval__2snprintf.o)
    0x00000450   0x00000450   0x00000160   Code   RO          106    .text               c_w.l(__printf_ss_wp.o)
    0x000005b0   0x000005b0   0x00000006   Code   RO          113    .text               c_w.l(heapauxi.o)
    0x000005b6   0x000005b6   0x0000041c   Code   RO          165    .text               c_w.l(_printf_fp_dec.o)
    0x000009d2   0x000009d2   0x00000002   PAD
    0x000009d4   0x000009d4   0x00000030   Code   RO          169    .text               c_w.l(_printf_char_common.o)
    0x00000a04   0x00000a04   0x0000000a   Code   RO          171    .text               c_w.l(_sputc.o)
    0x00000a0e   0x00000a0e   0x00000010   Code   RO          173    .text               c_w.l(_snputc.o)
    0x00000a1e   0x00000a1e   0x00000002   PAD
    0x00000a20   0x00000a20   0x00000008   Code   RO          244    .text               c_w.l(rt_locale_intlibspace.o)
    0x00000a28   0x00000a28   0x0000008a   Code   RO          251    .text               c_w.l(lludiv10.o)
    0x00000ab2   0x00000ab2   0x00000002   PAD
    0x00000ab4   0x00000ab4   0x00000080   Code   RO          253    .text               c_w.l(_printf_fp_infnan.o)
    0x00000b34   0x00000b34   0x000000e4   Code   RO          257    .text               c_w.l(bigflt0.o)
    0x00000c18   0x00000c18   0x00000008   Code   RO          297    .text               c_w.l(libspace.o)
    0x00000c20   0x00000c20   0x0000004a   Code   RO          300    .text               c_w.l(sys_stackheap_outer.o)
    0x00000c6a   0x00000c6a   0x00000012   Code   RO          304    .text               c_w.l(exit.o)
    0x00000c7c   0x00000c7c   0x00000004   PAD
    0x00000c80   0x00000c80   0x0000007c   Code   RO          306    .text               c_w.l(strcmpv7em.o)
    0x00000cfc   0x00000cfc   0x0000000c   Code   RO          380    .text               c_w.l(sys_exit.o)
    0x00000d08   0x00000d08   0x00000002   Code   RO          395    .text               c_w.l(use_no_semi.o)
    0x00000d0a   0x00000d0a   0x00000000   Code   RO          397    .text               c_w.l(indicate_semi.o)
    0x00000d0a   0x00000d0a   0x00000002   PAD
    0x00000d0c   0x00000d0c   0x0000004c   Code   RO           18    .text.LCD_Init      main.o
    0x00000d58   0x00000d58   0x0000004a   Code   RO           26    .text.LCD_Print     main.o
    0x00000da2   0x00000da2   0x00000002   PAD
    0x00000da4   0x00000da4   0x0000002a   Code   RO           20    .text.LCD_Send_Command  main.o
    0x00000dce   0x00000dce   0x00000002   PAD
    0x00000dd0   0x00000dd0   0x0000002c   Code   RO           44    .text.LCD_Send_Data  main.o
    0x00000dfc   0x00000dfc   0x00000070   Code   RO           72    .text.SystemInit    system_tm4c123.o
    0x00000e6c   0x00000e6c   0x00000016   Code   RO            4    .text.Systick_init  main.o
    0x00000e82   0x00000e82   0x00000002   PAD
    0x00000e84   0x00000e84   0x00000026   Code   RO            6    .text.delay_ms      main.o
    0x00000eaa   0x00000eaa   0x00000002   PAD
    0x00000eac   0x00000eac   0x0000001e   Code   RO           40    .text.delay_us      main.o
    0x00000eca   0x00000eca   0x00000006   PAD
    0x00000ed0   0x00000ed0   0x00000030   Code   RO           28    .text.light_led_after_100m  main.o
    0x00000f00   0x00000f00   0x000000a8   Code   RO            2    .text.main          main.o
    0x00000fa8   0x00000fa8   0x00000012   Code   RO           14    .text.pinA3_High_output  main.o
    0x00000fba   0x00000fba   0x00000002   PAD
    0x00000fbc   0x00000fbc   0x00000012   Code   RO           16    .text.pinA3_Low_output  main.o
    0x00000fce   0x00000fce   0x00000002   PAD
    0x00000fd0   0x00000fd0   0x00000038   Code   RO           12    .text.portA         main.o
    0x00001008   0x00001008   0x00000038   Code   RO           10    .text.portB         main.o
    0x00001040   0x00001040   0x00000078   Code   RO            8    .text.portF         main.o
    0x000010b8   0x000010b8   0x0000001a   Code   RO           42    .text.red_led_output  main.o
    0x000010d2   0x000010d2   0x00000002   PAD
    0x000010d4   0x000010d4   0x00000022   Code   RO           38    .text.send_dist_to_segment  main.o
    0x000010f6   0x000010f6   0x00000002   PAD
    0x000010f8   0x000010f8   0x00000066   Code   RO           24    .text.update_7_segment  main.o
    0x0000115e   0x0000115e   0x00000002   PAD
    0x00001160   0x00001160   0x00000058   Code   RO           22    .text.update_dist_travelled  main.o
    0x000011b8   0x000011b8   0x0000003e   Code   RO          260    CL$$btod_d2e        c_w.l(btod.o)
    0x000011f6   0x000011f6   0x00000046   Code   RO          262    CL$$btod_d2e_denorm_low  c_w.l(btod.o)
    0x0000123c   0x0000123c   0x00000060   Code   RO          261    CL$$btod_d2e_norm_op1  c_w.l(btod.o)
    0x0000129c   0x0000129c   0x00000338   Code   RO          270    CL$$btod_div_common  c_w.l(btod.o)
    0x000015d4   0x000015d4   0x000000dc   Code   RO          267    CL$$btod_e2e        c_w.l(btod.o)
    0x000016b0   0x000016b0   0x0000002a   Code   RO          264    CL$$btod_ediv       c_w.l(btod.o)
    0x000016da   0x000016da   0x0000002a   Code   RO          263    CL$$btod_emul       c_w.l(btod.o)
    0x00001704   0x00001704   0x00000244   Code   RO          269    CL$$btod_mult_common  c_w.l(btod.o)
    0x00001948   0x00001948   0x00000030   Code   RO          214    i.__ARM_fpclassify  m_wm.l(fpclassify.o)
    0x00001978   0x00001978   0x0000000e   Code   RO          101    i._is_digit         c_w.l(__printf_wp.o)
    0x00001986   0x00001986   0x00000002   PAD
    0x00001988   0x00001988   0x0000002c   Code   RO          285    locale$$code        c_w.l(lc_numeric_c.o)
    0x000019b4   0x000019b4   0x00000150   Code   RO          117    x$fpl$dadd          fz_wm.l(daddsub_clz.o)
    0x00001b04   0x00001b04   0x00000018   Code   RO          287    x$fpl$dcmpinf       fz_wm.l(dcmpi.o)
    0x00001b1c   0x00001b1c   0x00000078   Code   RO          178    x$fpl$deqf          fz_wm.l(deqf.o)
    0x00001b94   0x00001b94   0x0000005e   Code   RO          129    x$fpl$dfix          fz_wm.l(dfix.o)
    0x00001bf2   0x00001bf2   0x00000002   PAD
    0x00001bf4   0x00001bf4   0x00000078   Code   RO          180    x$fpl$dgeqf         fz_wm.l(dgeqf.o)
    0x00001c6c   0x00001c6c   0x00000078   Code   RO          182    x$fpl$dleqf         fz_wm.l(dleqf.o)
    0x00001ce4   0x00001ce4   0x0000009c   Code   RO          184    x$fpl$dnaninf       fz_wm.l(dnaninf.o)
    0x00001d80   0x00001d80   0x0000000c   Code   RO          186    x$fpl$dretinf       fz_wm.l(dretinf.o)
    0x00001d8c   0x00001d8c   0x000001dc   Code   RO          119    x$fpl$dsub          fz_wm.l(daddsub_clz.o)
    0x00001f68   0x00001f68   0x00000054   Code   RO          123    x$fpl$fcmp          fz_wm.l(dcmp.o)
    0x00001fbc   0x00001fbc   0x0000001a   Code   RO          365    x$fpl$fpinit        fz_wm.l(fpinit.o)
    0x00001fd6   0x00001fd6   0x00000004   Code   RO          135    x$fpl$printf1       fz_wm.l(printf1.o)
    0x00001fda   0x00001fda   0x00000000   Code   RO          190    x$fpl$usenofp       fz_wm.l(usenofp.o)
    0x00001fda   0x00001fda   0x00000002   PAD
    0x00001fdc   0x00001fdc   0x00000094   Data   RO          258    .constdata          c_w.l(bigflt0.o)
    0x00002070   0x00002070   0x00000010   Data   RO          447    Region$$Table       anon$$obj.o
    0x00002080   0x00002080   0x0000001c   Data   RO          284    locale$$data        c_w.l(lc_numeric_c.o)


    Execution Region ER_RW (Exec base: 0x20000000, Load base: 0x0000209c, Size: 0x00000000, Max: 0xffffffff, ABSOLUTE)

    **** No section assigned to this execution region ****


    Execution Region ER_ZI (Exec base: 0x20000000, Load base: 0x0000209c, Size: 0x00000280, Max: 0xffffffff, ABSOLUTE)

    Exec Addr    Load Addr    Size         Type   Attr      Idx    E Section Name        Object

    0x20000000        -       0x00000060   Zero   RW          298    .bss                c_w.l(libspace.o)
    0x20000060        -       0x00000010   Zero   RW           49    .bss.dist_buffer    main.o
    0x20000070        -       0x00000008   Zero   RW           46    .bss.dist_travelled  main.o
    0x20000078        -       0x00000008   Zero   RW           47    .bss.old_dist       main.o
    0x20000080        -       0x00000000   Zero   RW           59    HEAP                startup_tm4c123.o
    0x20000080        -       0x00000200   Zero   RW           58    STACK               startup_tm4c123.o


==============================================================================

Image component sizes


      Code (inc. data)   RO Data    RW Data    ZI Data      Debug   Object Name

      1060         36          0          0         32       4319   main.o
       276         24        620          0        512       5516   startup_tm4c123.o
       112          0          0          0          0       6555   system_tm4c123.o

    ----------------------------------------------------------------------
      1472         60        636          0        544      16390   Object Totals
         0          0         16          0          0          0   (incl. Generated)
        24          0          0          0          0          0   (incl. Padding)

    ----------------------------------------------------------------------

      Code (inc. data)   RO Data    RW Data    ZI Data      Debug   Library Member Name

         8          0          0          0          0         68   __main.o
       352          0          0          0          0         88   __printf_ss_wp.o
        14          0          0          0          0         68   __printf_wp.o
         0          0          0          0          0          0   __rtentry.o
        12          0          0          0          0          0   __rtentry2.o
         6          0          0          0          0          0   __rtentry4.o
        52          8          0          0          0          0   __scatter.o
        28          0          0          0          0          0   __scatter_zi.o
        48          6          0          0          0         96   _printf_char_common.o
         6          0          0          0          0          0   _printf_f.o
      1052          0          0          0          0        148   _printf_fp_dec.o
       128         16          0          0          0         84   _printf_fp_infnan.o
         0          0          0          0          0          0   _printf_percent.o
         4          0          0          0          0          0   _printf_percent_end.o
        16          0          0          0          0         68   _snputc.o
        10          0          0          0          0         68   _sputc.o
       228          4        148          0          0         96   bigflt0.o
      1936        128          0          0          0        668   btod.o
        18          0          0          0          0         80   exit.o
         6          0          0          0          0        152   heapauxi.o
         0          0          0          0          0          0   indicate_semi.o
        44         10         28          0          0         76   lc_numeric_c.o
         2          0          0          0          0          0   libinit.o
        22          0          0          0          0          0   libinit2.o
         2          0          0          0          0          0   libshutdown.o
         2          0          0          0          0          0   libshutdown2.o
         8          4          0          0         96         68   libspace.o
       138          0          0          0          0         80   lludiv10.o
        52          4          0          0          0         84   noretval__2snprintf.o
         8          4          0          0          0         68   rt_locale_intlibspace.o
         2          0          0          0          0          0   rtexit.o
        10          0          0          0          0          0   rtexit2.o
       124          0          0          0          0         88   strcmpv7em.o
        12          4          0          0          0         68   sys_exit.o
        74          0          0          0          0         80   sys_stackheap_outer.o
         2          0          0          0          0         68   use_no_semi.o
       812         16          0          0          0        392   daddsub_clz.o
        84          0          0          0          0        244   dcmp.o
        24          0          0          0          0        116   dcmpi.o
       120          4          0          0          0        140   deqf.o
        94          4          0          0          0        140   dfix.o
       120          4          0          0          0        140   dgeqf.o
       120          4          0          0          0        140   dleqf.o
       156          4          0          0          0        140   dnaninf.o
        12          0          0          0          0        116   dretinf.o
        26          0          0          0          0        116   fpinit.o
         4          0          0          0          0        116   printf1.o
         0          0          0          0          0          0   usenofp.o
        48          0          0          0          0        124   fpclassify.o

    ----------------------------------------------------------------------
      6064        224        176          0         96       4288   Library Totals
        18          0          0          0          0          0   (incl. Padding)

    ----------------------------------------------------------------------

      Code (inc. data)   RO Data    RW Data    ZI Data      Debug   Library Name

      4426        188        176          0         96       2364   c_w.l
      1572         36          0          0          0       1800   fz_wm.l
        48          0          0          0          0        124   m_wm.l

    ----------------------------------------------------------------------
      6064        224        176          0         96       4288   Library Totals

    ----------------------------------------------------------------------

==============================================================================


      Code (inc. data)   RO Data    RW Data    ZI Data      Debug   

      7536        284        812          0        640      18246   Grand Totals
      7536        284        812          0        640      18246   ELF Image Totals
      7536        284        812          0          0          0   ROM Totals

==============================================================================

    Total RO  Size (Code + RO Data)                 8348 (   8.15kB)
    Total RW  Size (RW Data + ZI Data)               640 (   0.63kB)
    Total ROM Size (Code + RO Data + RW Data)       8348 (   8.15kB)

==============================================================================

