ARM Linker, 5.03 [Build 76] [MDK-ARM Lite]

==============================================================================

Section Cross References

    startup_tm4c123.o(RESET) refers to startup_tm4c123.o(STACK) for __initial_sp
    startup_tm4c123.o(RESET) refers to startup_tm4c123.o(.text) for Reset_Handler
    startup_tm4c123.o(.text) refers to entry.o(.ARM.Collect$$$$00000000) for __main
    main.o(.text) refers to atoi.o(.text) for atoi
    main.o(.text) refers to strcpy.o(.text) for strcpy
    main.o(.text) refers to strncpy.o(.text) for strncpy
    main.o(.text) refers to atof.o(i.atof) for atof
    main.o(.text) refers to dfixi.o(.text) for __aeabi_d2iz
    main.o(.text) refers to memseta.o(.text) for __aeabi_memclr4
    main.o(.text) refers to memcpya.o(.text) for __aeabi_memcpy4
    main.o(.text) refers to strlen.o(.text) for strlen
    main.o(.text) refers to strcmp.o(.text) for strcmp
    main.o(.text) refers to strcat.o(.text) for strcat
    main.o(.text) refers to dmul.o(.text) for __aeabi_dmul
    main.o(.text) refers to ddiv.o(.text) for __aeabi_ddiv
    main.o(.text) refers to dadd.o(.text) for __aeabi_drsub
    main.o(.text) refers to sin.o(i.sin) for sin
    main.o(.text) refers to pow.o(i.pow) for pow
    main.o(.text) refers to cos.o(i.cos) for cos
    main.o(.text) refers to sqrt.o(i.sqrt) for sqrt
    main.o(.text) refers to asin.o(i.asin) for asin
    main.o(.text) refers to main.o(.data) for rmc_tm
    main.o(.text) refers to main.o(.bss) for RMC_data_parsed
    main.o(.text) refers to main.o(.constdata) for .constdata
    main.o(.text) refers to cdcmple.o(.text) for __aeabi_cdcmple
    main.o(.text) refers to cdrcmple.o(.text) for __aeabi_cdrcmple
    main.o(.text) refers to dflti.o(.text) for __aeabi_i2d
    main.o(.text) refers to printfa.o(i.__0sprintf) for __2sprintf
    main.o(.text) refers to printfa.o(i.__0snprintf) for __2snprintf
    main.o(.text) refers to malloc.o(i.malloc) for malloc
    asin.o(i.__softfp_asin) refers (Special) to iusefp.o(.text) for __I$use$fp
    asin.o(i.__softfp_asin) refers to asin.o(i.asin) for asin
    asin.o(i.asin) refers (Special) to iusefp.o(.text) for __I$use$fp
    asin.o(i.asin) refers to dscalb.o(.text) for __ARM_scalbn
    asin.o(i.asin) refers to dmul.o(.text) for __aeabi_dmul
    asin.o(i.asin) refers to dadd.o(.text) for __aeabi_dadd
    asin.o(i.asin) refers to errno.o(i.__set_errno) for __set_errno
    asin.o(i.asin) refers to ddiv.o(.text) for __aeabi_ddiv
    asin.o(i.asin) refers to fpclassify.o(i.__ARM_fpclassify) for __ARM_fpclassify
    asin.o(i.asin) refers to dunder.o(i.__mathlib_dbl_underflow) for __mathlib_dbl_underflow
    asin.o(i.asin) refers to poly.o(i.__kernel_poly) for __kernel_poly
    asin.o(i.asin) refers to sqrt.o(i.sqrt) for sqrt
    asin.o(i.asin) refers to asin.o(.constdata) for .constdata
    asin.o(.constdata) refers (Special) to iusefp.o(.text) for __I$use$fp
    asin_x.o(i.____softfp_asin$lsc) refers (Special) to iusefp.o(.text) for __I$use$fp
    asin_x.o(i.____softfp_asin$lsc) refers to asin_x.o(i.__asin$lsc) for __asin$lsc
    asin_x.o(i.__asin$lsc) refers (Special) to iusefp.o(.text) for __I$use$fp
    asin_x.o(i.__asin$lsc) refers to dscalb.o(.text) for __ARM_scalbn
    asin_x.o(i.__asin$lsc) refers to dmul.o(.text) for __aeabi_dmul
    asin_x.o(i.__asin$lsc) refers to dadd.o(.text) for __aeabi_dadd
    asin_x.o(i.__asin$lsc) refers to errno.o(i.__set_errno) for __set_errno
    asin_x.o(i.__asin$lsc) refers to poly.o(i.__kernel_poly) for __kernel_poly
    asin_x.o(i.__asin$lsc) refers to ddiv.o(.text) for __aeabi_ddiv
    asin_x.o(i.__asin$lsc) refers to sqrt.o(i.sqrt) for sqrt
    asin_x.o(i.__asin$lsc) refers to asin_x.o(.constdata) for .constdata
    asin_x.o(.constdata) refers (Special) to iusefp.o(.text) for __I$use$fp
    atof.o(i.__softfp_atof) refers (Special) to iusefp.o(.text) for __I$use$fp
    atof.o(i.__softfp_atof) refers to errno.o(i.__read_errno) for __read_errno
    atof.o(i.__softfp_atof) refers to strtod.o(.text) for __strtod_int
    atof.o(i.__softfp_atof) refers to errno.o(i.__set_errno) for __set_errno
    atof.o(i.atof) refers (Special) to iusefp.o(.text) for __I$use$fp
    atof.o(i.atof) refers to errno.o(i.__read_errno) for __read_errno
    atof.o(i.atof) refers to strtod.o(.text) for __strtod_int
    atof.o(i.atof) refers to errno.o(i.__set_errno) for __set_errno
    cos.o(i.__softfp_cos) refers (Special) to iusefp.o(.text) for __I$use$fp
    cos.o(i.__softfp_cos) refers to cos.o(i.cos) for cos
    cos.o(i.cos) refers (Special) to iusefp.o(.text) for __I$use$fp
    cos.o(i.cos) refers to errno.o(i.__set_errno) for __set_errno
    cos.o(i.cos) refers to ddiv.o(.text) for __aeabi_ddiv
    cos.o(i.cos) refers to dscalb.o(.text) for __ARM_scalbn
    cos.o(i.cos) refers to rred.o(i.__ieee754_rem_pio2) for __ieee754_rem_pio2
    cos.o(i.cos) refers to sin_i.o(i.__kernel_sin) for __kernel_sin
    cos.o(i.cos) refers to cos_i.o(i.__kernel_cos) for __kernel_cos
[...]
    printf6.o(i.__0vfprintf$6) refers to printf6.o(i._printf_core) for _printf_core
    printf6.o(i.__0vfprintf$6) refers to fputc.o(i.fputc) for fputc
    printf6.o(i.__0vprintf$6) refers to printf6.o(i._printf_core) for _printf_core
    printf6.o(i.__0vprintf$6) refers to fputc.o(i.fputc) for fputc
    printf6.o(i.__0vprintf$6) refers to stdout.o(.data) for __stdout
    printf6.o(i.__0vsnprintf$6) refers to printf6.o(i._printf_core) for _printf_core
    printf6.o(i.__0vsnprintf$6) refers to printf6.o(i._snputc) for _snputc
    printf6.o(i.__0vsprintf$6) refers to printf6.o(i._printf_core) for _printf_core
    printf6.o(i.__0vsprintf$6) refers to printf6.o(i._sputc) for _sputc
    printf6.o(i._printf_core) refers to printf6.o(i._printf_pre_padding) for _printf_pre_padding
    printf6.o(i._printf_core) refers to uidiv.o(.text) for __aeabi_uidivmod
    printf6.o(i._printf_core) refers to printf6.o(i._printf_post_padding) for _printf_post_padding
    printf7.o(i.__0fprintf$7) refers to printf7.o(i._printf_core) for _printf_core
    printf7.o(i.__0fprintf$7) refers to fputc.o(i.fputc) for fputc
    printf7.o(i.__0printf$7) refers to printf7.o(i._printf_core) for _printf_core
    printf7.o(i.__0printf$7) refers to fputc.o(i.fputc) for fputc
    printf7.o(i.__0printf$7) refers to stdout.o(.data) for __stdout
    printf7.o(i.__0snprintf$7) refers to printf7.o(i._printf_core) for _printf_core
    printf7.o(i.__0snprintf$7) refers to printf7.o(i._snputc) for _snputc
    printf7.o(i.__0sprintf$7) refers to printf7.o(i._printf_core) for _printf_core
    printf7.o(i.__0sprintf$7) refers to printf7.o(i._sputc) for _sputc
    printf7.o(i.__0vfprintf$7) refers to printf7.o(i._printf_core) for _printf_core
    printf7.o(i.__0vfprintf$7) refers to fputc.o(i.fputc) for fputc
    printf7.o(i.__0vprintf$7) refers to printf7.o(i._printf_core) for _printf_core
    printf7.o(i.__0vprintf$7) refers to fputc.o(i.fputc) for fputc
    printf7.o(i.__0vprintf$7) refers to stdout.o(.data) for __stdout
    printf7.o(i.__0vsnprintf$7) refers to printf7.o(i._printf_core) for _printf_core
    printf7.o(i.__0vsnprintf$7) refers to printf7.o(i._snputc) for _snputc
    printf7.o(i.__0vsprintf$7) refers to printf7.o(i._printf_core) for _printf_core
    printf7.o(i.__0vsprintf$7) refers to printf7.o(i._sputc) for _sputc
    printf7.o(i._printf_core) refers to printf7.o(i._printf_pre_padding) for _printf_pre_padding
    printf7.o(i._printf_core) refers to uldiv.o(.text) for __aeabi_uldivmod
    printf7.o(i._printf_core) refers to printf7.o(i._printf_post_padding) for _printf_post_padding
    printf8.o(i.__0fprintf$8) refers to printf8.o(i._printf_core) for _printf_core
    printf8.o(i.__0fprintf$8) refers to fputc.o(i.fputc) for fputc
    printf8.o(i.__0printf$8) refers to printf8.o(i._printf_core) for _printf_core
    printf8.o(i.__0printf$8) refers to fputc.o(i.fputc) for fputc
    printf8.o(i.__0printf$8) refers to stdout.o(.data) for __stdout
    printf8.o(i.__0snprintf$8) refers to printf8.o(i._printf_core) for _printf_core
    printf8.o(i.__0snprintf$8) refers to printf8.o(i._snputc) for _snputc
    printf8.o(i.__0sprintf$8) refers to printf8.o(i._printf_core) for _printf_core
    printf8.o(i.__0sprintf$8) refers to printf8.o(i._sputc) for _sputc
    printf8.o(i.__0vfprintf$8) refers to printf8.o(i._printf_core) for _printf_core
    printf8.o(i.__0vfprintf$8) refers to fputc.o(i.fputc) for fputc
    printf8.o(i.__0vprintf$8) refers to printf8.o(i._printf_core) for _printf_core
    printf8.o(i.__0vprintf$8) refers to fputc.o(i.fputc) for fputc
    printf8.o(i.__0vprintf$8) refers to stdout.o(.data) for __stdout
    printf8.o(i.__0vsnprintf$8) refers to printf8.o(i._printf_core) for _printf_core
    printf8.o(i.__0vsnprintf$8) refers to printf8.o(i._snputc) for _snputc
    printf8.o(i.__0vsprintf$8) refers to printf8.o(i._printf_core) for _printf_core
    printf8.o(i.__0vsprintf$8) refers to printf8.o(i._sputc) for _sputc
    printf8.o(i._printf_core) refers to printf8.o(i._printf_pre_padding) for _printf_pre_padding
    printf8.o(i._printf_core) refers to uldiv.o(.text) for __aeabi_uldivmod
    printf8.o(i._printf_core) refers to printf8.o(i._printf_post_padding) for _printf_post_padding
    printfa.o(i.__0fprintf) refers (Special) to iusefp.o(.text) for __I$use$fp
    printfa.o(i.__0fprintf) refers to printfa.o(i._printf_core) for _printf_core
    printfa.o(i.__0fprintf) refers to fputc.o(i.fputc) for fputc
    printfa.o(i.__0printf) refers (Special) to iusefp.o(.text) for __I$use$fp
    printfa.o(i.__0printf) refers to printfa.o(i._printf_core) for _printf_core
    printfa.o(i.__0printf) refers to fputc.o(i.fputc) for fputc
    printfa.o(i.__0printf) refers to stdout.o(.data) for __stdout
    printfa.o(i.__0snprintf) refers (Special) to iusefp.o(.text) for __I$use$fp
    printfa.o(i.__0snprintf) refers to printfa.o(i._printf_core) for _printf_core
    printfa.o(i.__0snprintf) refers to printfa.o(i._snputc) for _snputc
    printfa.o(i.__0sprintf) refers (Special) to iusefp.o(.text) for __I$use$fp
    printfa.o(i.__0sprintf) refers to printfa.o(i._printf_core) for _printf_core
    printfa.o(i.__0sprintf) refers to printfa.o(i._sputc) for _sputc
    printfa.o(i.__0vfprintf) refers (Special) to iusefp.o(.text) for __I$use$fp
    printfa.o(i.__0vfprintf) refers to printfa.o(i._printf_core) for _printf_core
    printfa.o(i.__0vfprintf) refers to fputc.o(i.fputc) for fputc
    printfa.o(i.__0vprintf) refers (Special) to iusefp.o(.text) for __I$use$fp
    printfa.o(i.__0vprintf) refers to printfa.o(i._printf_core) for _printf_core
    printfa.o(i.__0vprintf) refers to fputc.o(i.fputc) for fputc
    printfa.o(i.__0vprintf) refers to stdout.o(.data) for __stdout
    printfa.o(i.__0vsnprintf) refers (Special) to iusefp.o(.text) for __I$use$fp
    printfa.o(i.__0vsnprintf) refers to printfa.o(i._printf_core) for _printf_core
    printfa.o(i.__0vsnprintf) refers to printfa.o(i._snputc) for _snputc
    printfa.o(i.__0vsprintf) refers (Special) to iusefp.o(.text) for __I$use$fp
    printfa.o(i.__0vsprintf) refers to printfa.o(i._printf_core) for _printf_core
    printfa.o(i.__0vsprintf) refers to printfa.o(i._sputc) for _sputc
    printfa.o(i._fp_digits) refers (Special) to iusefp.o(.text) for __I$use$fp
    printfa.o(i._fp_digits) refers to dmul.o(.text) for __aeabi_dmul
    printfa.o(i._fp_digits) refers to ddiv.o(.text) for __aeabi_ddiv
    printfa.o(i._fp_digits) refers to cdrcmple.o(.text) for __aeabi_cdrcmple
    printfa.o(i._fp_digits) refers to dadd.o(.text) for __aeabi_dadd
    printfa.o(i._fp_digits) refers to dfixul.o(.text) for __aeabi_d2ulz
    printfa.o(i._fp_digits) refers to uldiv.o(.text) for __aeabi_uldivmod
    printfa.o(i._printf_core) refers (Special) to iusefp.o(.text) for __I$use$fp
    printfa.o(i._printf_core) refers to printfa.o(i._printf_pre_padding) for _printf_pre_padding
    printfa.o(i._printf_core) refers to uldiv.o(.text) for __aeabi_uldivmod
    printfa.o(i._printf_core) refers to printfa.o(i._printf_post_padding) for _printf_post_padding
    printfa.o(i._printf_core) refers to printfa.o(i._fp_digits) for _fp_digits
    printfa.o(i._printf_core) refers to uidiv.o(.text) for __aeabi_uidivmod
    printfa.o(i._printf_post_padding) refers (Special) to iusefp.o(.text) for __I$use$fp
    printfa.o(i._printf_pre_padding) refers (Special) to iusefp.o(.text) for __I$use$fp
    printfa.o(i._snputc) refers (Special) to iusefp.o(.text) for __I$use$fp
    printfa.o(i._sputc) refers (Special) to iusefp.o(.text) for __I$use$fp
    malloc.o(i.free) refers to mvars.o(.data) for __microlib_freelist
    malloc.o(i.malloc) refers to mvars.o(.data) for __microlib_freelist_initialised
    malloc.o(i.malloc) refers to mvars.o(.data) for __microlib_freelist
    malloc.o(i.malloc) refers to startup_tm4c123.o(HEAP) for __heap_base
    mallocr.o(i.__free$realloc) refers to mvars.o(.data) for __microlib_freelist
    mallocr.o(i.__malloc$realloc) refers to mallocr.o(i.internal_alloc) for internal_alloc
    mallocr.o(i.__malloc$realloc) refers to mvars.o(.data) for __microlib_freelist_initialised
    mallocr.o(i.__malloc$realloc) refers to startup_tm4c123.o(HEAP) for __heap_base
    mallocr.o(i.__malloc$realloc) refers to mvars.o(.data) for __microlib_freelist
    mallocr.o(i.internal_alloc) refers to memcpya.o(.text) for __aeabi_memcpy
    mallocr.o(i.internal_alloc) refers to mvars.o(.data) for __microlib_freelist
    mallocr.o(i.realloc) refers to mallocr.o(i.__free$realloc) for __free$realloc
    mallocr.o(i.realloc) refers to mallocr.o(i.internal_alloc) for internal_alloc
    mallocr.o(i.realloc) refers to mallocr.o(i.__malloc$realloc) for __malloc$realloc
    mallocr.o(i.realloc) refers to mvars.o(.data) for __microlib_freelist
    malloca.o(i.__aligned_malloc) refers to mvars.o(.data) for __microlib_freelist_initialised
    malloca.o(i.__aligned_malloc) refers to mvars.o(.data) for __microlib_freelist
    malloca.o(i.__aligned_malloc) refers to startup_tm4c123.o(HEAP) for __heap_base
    malloca.o(i.__free$memalign) refers to mvars.o(.data) for __microlib_freelist
    malloca.o(i.__malloc$memalign) refers to malloca.o(i.__aligned_malloc) for __aligned_malloc
    mallocra.o(i.__aligned_malloc$realloc) refers to mallocra.o(i.internal_alloc) for internal_alloc
    mallocra.o(i.__aligned_malloc$realloc) refers to mvars.o(.data) for __microlib_freelist_initialised
    mallocra.o(i.__aligned_malloc$realloc) refers to startup_tm4c123.o(HEAP) for __heap_base
    mallocra.o(i.__aligned_malloc$realloc) refers to mvars.o(.data) for __microlib_freelist
    mallocra.o(i.__free$realloc$memalign) refers to mvars.o(.data) for __microlib_freelist
    mallocra.o(i.__malloc$realloc$memalign) refers to mallocra.o(i.__aligned_malloc$realloc) for __aligned_malloc$realloc
    mallocra.o(i.__realloc$memalign) refers to mallocra.o(i.__free$realloc$memalign) for __free$realloc$memalign
    mallocra.o(i.__realloc$memalign) refers to mallocra.o(i.internal_alloc) for internal_alloc
    mallocra.o(i.__realloc$memalign) refers to mallocra.o(i.__malloc$realloc$memalign) for __malloc$realloc$memalign
    mallocra.o(i.__realloc$memalign) refers to mvars.o(.data) for __microlib_freelist
    mallocra.o(i.internal_alloc) refers to memcpya.o(.text) for __aeabi_memcpy
    mallocra.o(i.internal_alloc) refers to mvars.o(.data) for __microlib_freelist
    atoi.o(.text) refers to errno.o(i.__aeabi_errno_addr) for __aeabi_errno_addr
    atoi.o(.text) refers to strtol.o(.text) for strtol
    dadd.o(.text) refers (Special) to iusefp.o(.text) for __I$use$fp
    dadd.o(.text) refers to llshl.o(.text) for __aeabi_llsl
    dadd.o(.text) refers to llsshr.o(.text) for __aeabi_lasr
    dadd.o(.text) refers to depilogue.o(.text) for _double_epilogue
    dmul.o(.text) refers (Special) to iusefp.o(.text) for __I$use$fp
    dmul.o(.text) refers to depilogue.o(.text) for _double_epilogue
    ddiv.o(.text) refers (Special) to iusefp.o(.text) for __I$use$fp
    ddiv.o(.text) refers to depilogue.o(.text) for _double_round
    dflti.o(.text) refers (Special) to iusefp.o(.text) for __I$use$fp
    dflti.o(.text) refers to depilogue.o(.text) for _double_epilogue
    dfixi.o(.text) refers (Special) to iusefp.o(.text) for __I$use$fp
    dfixi.o(.text) refers to llushr.o(.text) for __aeabi_llsr
    cdcmple.o(.text) refers (Special) to iusefp.o(.text) for __I$use$fp
    cdrcmple.o(.text) refers (Special) to iusefp.o(.text) for __I$use$fp
    cos_i.o(i.__kernel_cos) refers (Special) to iusefp.o(.text) for __I$use$fp
    cos_i.o(i.__kernel_cos) refers to dfixi.o(.text) for __aeabi_d2iz
    cos_i.o(i.__kernel_cos) refers to dmul.o(.text) for __aeabi_dmul
    cos_i.o(i.__kernel_cos) refers to poly.o(i.__kernel_poly) for __kernel_poly
    cos_i.o(i.__kernel_cos) refers to dadd.o(.text) for __aeabi_dsub
    cos_i.o(i.__kernel_cos) refers to dscalb.o(.text) for __ARM_scalbn
    cos_i.o(i.__kernel_cos) refers to cos_i.o(.constdata) for .constdata
    cos_i.o(.constdata) refers (Special) to iusefp.o(.text) for __I$use$fp
    dunder.o(i.__mathlib_dbl_underflow) refers to dscalb.o(.text) for __ARM_scalbn
    fpclassify.o(i.__ARM_fpclassify) refers (Special) to iusefp.o(.text) for __I$use$fp
    poly.o(i.__kernel_poly) refers (Special) to iusefp.o(.text) for __I$use$fp
    poly.o(i.__kernel_poly) refers to dmul.o(.text) for __aeabi_dmul
    poly.o(i.__kernel_poly) refers to dadd.o(.text) for __aeabi_dadd
    qnan.o(.constdata) refers (Special) to iusefp.o(.text) for __I$use$fp
    rred.o(i.__ieee754_rem_pio2) refers (Special) to iusefp.o(.text) for __I$use$fp
    rred.o(i.__ieee754_rem_pio2) refers to dadd.o(.text) for __aeabi_dsub
    rred.o(i.__ieee754_rem_pio2) refers to dmul.o(.text) for __aeabi_dmul
    rred.o(i.__ieee754_rem_pio2) refers to dfixi.o(.text) for __aeabi_d2iz
    rred.o(i.__ieee754_rem_pio2) refers to dflti.o(.text) for __aeabi_i2d
    rred.o(i.__ieee754_rem_pio2) refers to dfltui.o(.text) for __aeabi_ui2d
    rred.o(i.__ieee754_rem_pio2) refers to dscalb.o(.text) for __ARM_scalbn
    rred.o(i.__ieee754_rem_pio2) refers to rred.o(.constdata) for .constdata
    rred.o(i.__use_accurate_range_reduction) refers (Special) to iusefp.o(.text) for __I$use$fp
    rred.o(.constdata) refers (Special) to iusefp.o(.text) for __I$use$fp
    sin_i.o(i.__kernel_sin) refers (Special) to iusefp.o(.text) for __I$use$fp
    sin_i.o(i.__kernel_sin) refers to fpclassify.o(i.__ARM_fpclassify) for __ARM_fpclassify
    sin_i.o(i.__kernel_sin) refers to dunder.o(i.__mathlib_dbl_underflow) for __mathlib_dbl_underflow
    sin_i.o(i.__kernel_sin) refers to dmul.o(.text) for __aeabi_dmul
    sin_i.o(i.__kernel_sin) refers to poly.o(i.__kernel_poly) for __kernel_poly
    sin_i.o(i.__kernel_sin) refers to dscalb.o(.text) for __ARM_scalbn
    sin_i.o(i.__kernel_sin) refers to dadd.o(.text) for __aeabi_dsub
    sin_i.o(i.__kernel_sin) refers to sin_i.o(.constdata) for .constdata
    sin_i.o(.constdata) refers (Special) to iusefp.o(.text) for __I$use$fp
    sin_i_x.o(i.____kernel_sin$lsc) refers (Special) to iusefp.o(.text) for __I$use$fp
    sin_i_x.o(i.____kernel_sin$lsc) refers to dmul.o(.text) for __aeabi_dmul
    sin_i_x.o(i.____kernel_sin$lsc) refers to poly.o(i.__kernel_poly) for __kernel_poly
    sin_i_x.o(i.____kernel_sin$lsc) refers to dscalb.o(.text) for __ARM_scalbn
    sin_i_x.o(i.____kernel_sin$lsc) refers to dadd.o(.text) for __aeabi_dsub
    sin_i_x.o(i.____kernel_sin$lsc) refers to sin_i_x.o(.constdata) for .constdata
    sin_i_x.o(.constdata) refers (Special) to iusefp.o(.text) for __I$use$fp
    entry2.o(.ARM.Collect$$$$00000001) refers to entry2.o(.ARM.Collect$$$$00002712) for __lit__00000000
    entry2.o(.ARM.Collect$$$$00002712) refers to startup_tm4c123.o(STACK) for __initial_sp
    entry2.o(__vectab_stack_and_reset_area) refers to startup_tm4c123.o(STACK) for __initial_sp
    entry2.o(__vectab_stack_and_reset_area) refers to entry.o(.ARM.Collect$$$$00000000) for __main
    entry5.o(.ARM.Collect$$$$00000004) refers to init.o(.text) for __scatterload
    entry9a.o(.ARM.Collect$$$$0000000B) refers to main.o(.text) for main
    entry9b.o(.ARM.Collect$$$$0000000C) refers to main.o(.text) for main
    fputc.o(i.fputc) refers (Special) to iusesemip.o(.text) for __I$use$semihosting$fputc
    fputc.o(i.fputc) refers (Special) to semi.o(.text) for __semihosting_library_function
    uldiv.o(.text) refers to llushr.o(.text) for __aeabi_llsr
    uldiv.o(.text) refers to llshl.o(.text) for __aeabi_llsl
    errno.o(i.__aeabi_errno_addr) refers to errno.o(.data) for .data
    errno.o(i.__read_errno) refers to errno.o(.data) for .data
    errno.o(i.__set_errno) refers to errno.o(.data) for .data
    strtod.o(.text) refers to scanf_fp.o(.text) for _scanf_real
    strtod.o(.text) refers to _sgetc.o(.text) for _sgetc
    strtod.o(.text) refers to isspace_o.o(.text) for isspace
    strtol.o(.text) refers to ctype_o.o(.text) for __rt_ctype_table
    strtol.o(.text) refers to _strtoul.o(.text) for _strtoul
    strtol.o(.text) refers to errno.o(i.__aeabi_errno_addr) for __aeabi_errno_addr
    depilogue.o(.text) refers to llshl.o(.text) for __aeabi_llsl
    depilogue.o(.text) refers to llushr.o(.text) for __aeabi_llsr
    dsqrt.o(.text) refers to llushr.o(.text) for __aeabi_llsr
    dsqrt.o(.text) refers to depilogue.o(.text) for _double_round
    dfixul.o(.text) refers to llushr.o(.text) for __aeabi_llsr
    dfixul.o(.text) refers to llshl.o(.text) for __aeabi_llsl
    init.o(.text) refers to entry5.o(.ARM.Collect$$$$00000004) for __main_after_scatterload
    isspace_c.o(.text) refers to ctype_c.o(.text) for __ctype_lookup
    ctype_o.o(.text) refers to ctype_o.o(.constdata) for .constdata
    ctype_o.o(.constdata) refers to ctype_o.o(.constdata) for __ctype_table
    isalnum_o.o(.text) refers to ctype_o.o(.text) for __rt_ctype_table
    isalpha_o.o(.text) refers to ctype_o.o(.text) for __rt_ctype_table
    isblank_o.o(.text) refers to ctype_o.o(.constdata) for __ctype_table
    iscntrl_o.o(.text) refers to ctype_o.o(.text) for __rt_ctype_table
    isdigit_o.o(.text) refers to ctype_o.o(.text) for __rt_ctype_table
    isgraph_o.o(.text) refers to ctype_o.o(.text) for __rt_ctype_table
    islower_o.o(.text) refers to ctype_o.o(.text) for __rt_ctype_table
    isprint_o.o(.text) refers to ctype_o.o(.text) for __rt_ctype_table
    ispunct_o.o(.text) refers to ctype_o.o(.text) for __rt_ctype_table
    isspace_o.o(.text) refers to ctype_o.o(.text) for __rt_ctype_table
    isupper_o.o(.text) refers to ctype_o.o(.text) for __rt_ctype_table
    isxdigit_o.o(.text) refers to ctype_o.o(.text) for __rt_ctype_table
    scanf_fp.o(.text) refers (Special) to iusefp.o(.text) for __I$use$fp
    scanf_fp.o(.text) refers to dfltul.o(.text) for __aeabi_ul2d
    scanf_fp.o(.text) refers to dmul.o(.text) for __aeabi_dmul
    scanf_fp.o(.text) refers to ddiv.o(.text) for __aeabi_ddiv
    scanf_fp.o(.text) refers to scanf_fp.o(i._is_digit) for _is_digit
    scanf_fp.o(.text) refers to d2f.o(.text) for __aeabi_d2f
    _strtoul.o(.text) refers to _chval.o(.text) for _chval
    _strtoul.o(.text) refers to errno.o(i.__aeabi_errno_addr) for __aeabi_errno_addr
    dfltui.o(.text) refers to depilogue.o(.text) for _double_epilogue
    ctype_c.o(.text) refers to ctype_c.o(.constdata) for .constdata
    dfltul.o(.text) refers to depilogue.o(.text) for _double_epilogue
    d2f.o(.text) refers to fepilogue.o(.text) for _float_round
    scanf_fp.o(i._is_digit) refers (Special) to iusefp.o(.text) for __I$use$fp


==============================================================================

Image Symbol Table

    Local Symbols

    Symbol Name                              Value     Ov Type        Size  Object(Section)

    RESET                                    0x00000000   Section      620  startup_tm4c123.o(RESET)
    ../clib/microlib/ctype/ctype.c           0x00000000   Number         0  isprint_o.o ABSOLUTE
    ../clib/microlib/ctype/ctype.c           0x00000000   Number         0  isblank_o.o ABSOLUTE
    ../clib/microlib/ctype/ctype.c           0x00000000   Number         0  isdigit_o.o ABSOLUTE
    ../clib/microlib/ctype/ctype.c           0x00000000   Number         0  isalpha_o.o ABSOLUTE
    ../clib/microlib/ctype/ctype.c           0x00000000   Number         0  isalnum_o.o ABSOLUTE
    ../clib/microlib/ctype/ctype.c           0x00000000   Number         0  ctype_o.o ABSOLUTE
    ../clib/microlib/ctype/ctype.c           0x00000000   Number         0  isgraph_o.o ABSOLUTE
    ../clib/microlib/ctype/ctype.c           0x00000000   Number         0  isspace_c.o ABSOLUTE
    ../clib/microlib/ctype/ctype.c           0x00000000   Number         0  islower_o.o ABSOLUTE
    ../clib/microlib/ctype/ctype.c           0x00000000   Number         0  ctype_c.o ABSOLUTE
    ../clib/microlib/ctype/ctype.c           0x00000000   Number         0  isspace_o.o ABSOLUTE
    ../clib/microlib/ctype/ctype.c           0x00000000   Number         0  isupper_o.o ABSOLUTE
    ../clib/microlib/ctype/ctype.c           0x00000000   Number         0  isxdigit_o.o ABSOLUTE
    ../clib/microlib/ctype/ctype.c           0x00000000   Number         0  ispunct_o.o ABSOLUTE
    ../clib/microlib/ctype/ctype.c           0x00000000   Number         0  iscntrl_o.o ABSOLUTE
    ../clib/microlib/division.c              0x00000000   Number         0  uidiv.o ABSOLUTE
    ../clib/microlib/division.c              0x00000000   Number         0  uldiv.o ABSOLUTE
    ../clib/microlib/errno.c                 0x00000000   Number         0  errno.o ABSOLUTE
    ../clib/microlib/init/entry.s            0x00000000   Number         0  entry5.o ABSOLUTE
    ../clib/microlib/init/entry.s            0x00000000   Number         0  entry7a.o ABSOLUTE
    ../clib/microlib/init/entry.s            0x00000000   Number         0  entry7b.o ABSOLUTE
    ../clib/microlib/init/entry.s            0x00000000   Number         0  entry8a.o ABSOLUTE
    ../clib/microlib/init/entry.s            0x00000000   Number         0  entry8b.o ABSOLUTE
    ../clib/microlib/init/entry.s            0x00000000   Number         0  entry9a.o ABSOLUTE
    ../clib/microlib/init/entry.s            0x00000000   Number         0  entry10a.o ABSOLUTE
    ../clib/microlib/init/entry.s            0x00000000   Number         0  entry10b.o ABSOLUTE
    ../clib/microlib/init/entry.s            0x00000000   Number         0  entry11b.o ABSOLUTE
    ../clib/microlib/init/entry.s            0x00000000   Number         0  entry11a.o ABSOLUTE
    ../clib/microlib/init/entry.s            0x00000000   Number         0  entry.o ABSOLUTE
    ../clib/microlib/init/entry.s            0x00000000   Number         0  entry2.o ABSOLUTE
    ../clib/microlib/init/entry.s            0x00000000   Number         0  entry9b.o ABSOLUTE
    ../clib/microlib/longlong.c              0x00000000   Number         0  llushr.o ABSOLUTE
    ../clib/microlib/longlong.c              0x00000000   Number         0  llsshr.o ABSOLUTE
    ../clib/microlib/longlong.c              0x00000000   Number         0  llshl.o ABSOLUTE
    ../clib/microlib/malloc/malloc.c         0x00000000   Number         0  malloc.o ABSOLUTE
    ../clib/microlib/malloc/malloc.c         0x00000000   Number         0  mallocra.o ABSOLUTE
    ../clib/microlib/malloc/malloc.c         0x00000000   Number         0  malloca.o ABSOLUTE
    ../clib/microlib/malloc/malloc.c         0x00000000   Number         0  mallocr.o ABSOLUTE
    ../clib/microlib/malloc/mvars.c          0x00000000   Number         0  mvars.o ABSOLUTE
    ../clib/microlib/printf/printf.c         0x00000000   Number         0  printf8.o ABSOLUTE
    ../clib/microlib/printf/printf.c         0x00000000   Number         0  printfa.o ABSOLUTE
    ../clib/microlib/printf/printf.c         0x00000000   Number         0  printf0.o ABSOLUTE
    ../clib/microlib/printf/printf.c         0x00000000   Number         0  printfb.o ABSOLUTE
    ../clib/microlib/printf/printf.c         0x00000000   Number         0  printf1.o ABSOLUTE
    ../clib/microlib/printf/printf.c         0x00000000   Number         0  printf2.o ABSOLUTE
    ../clib/microlib/printf/printf.c         0x00000000   Number         0  printf3.o ABSOLUTE
    ../clib/microlib/printf/printf.c         0x00000000   Number         0  printf4.o ABSOLUTE
    ../clib/microlib/printf/printf.c         0x00000000   Number         0  printf5.o ABSOLUTE
    ../clib/microlib/printf/printf.c         0x00000000   Number         0  printf6.o ABSOLUTE
    ../clib/microlib/printf/printf.c         0x00000000   Number         0  printf7.o ABSOLUTE
    ../clib/microlib/printf/stubs.s          0x00000000   Number         0  stubs.o ABSOLUTE
    ../clib/microlib/stdio/fputc.c           0x00000000   Number         0  fputc.o ABSOLUTE
    ../clib/microlib/stdio/semi.s            0x00000000   Number         0  semi.o ABSOLUTE
    ../clib/microlib/stdio/streams.c         0x00000000   Number         0  stdout.o ABSOLUTE
    ../clib/microlib/string/memcpy.c         0x00000000   Number         0  memcpya.o ABSOLUTE
    ../clib/microlib/string/memcpy.c         0x00000000   Number         0  memcpyb.o ABSOLUTE
    ../clib/microlib/string/memset.c         0x00000000   Number         0  memseta.o ABSOLUTE
    ../clib/microlib/string/strcat.c         0x00000000   Number         0  strcat.o ABSOLUTE
    ../clib/microlib/string/strcmp.c         0x00000000   Number         0  strcmp.o ABSOLUTE
    ../clib/microlib/string/strcpy.c         0x00000000   Number         0  strcpy.o ABSOLUTE
    ../clib/microlib/string/strlen.c         0x00000000   Number         0  strlen.o ABSOLUTE
    ../clib/microlib/string/strncpy.c        0x00000000   Number         0  strncpy.o ABSOLUTE
    ../clib/microlib/stubs.s                 0x00000000   Number         0  iusesemip.o ABSOLUTE
    ../clib/microlib/stubs.s                 0x00000000   Number         0  iusefp.o ABSOLUTE
    ../clib/scanf.c                          0x00000000   Number         0  _sgetc.o ABSOLUTE
    ../clib/scanf.c                          0x00000000   Number         0  atoi.o ABSOLUTE
    ../clib/scanf.c                          0x00000000   Number         0  scanf_fp.o ABSOLUTE
    ../clib/scanf.c                          0x00000000   Number         0  _chval.o ABSOLUTE
    ../clib/scanf.c                          0x00000000   Number         0  _strtoul.o ABSOLUTE
    ../clib/scanf.c                          0x00000000   Number         0  strtol.o ABSOLUTE
    ../clib/scanf.c                          0x00000000   Number         0  strtod.o ABSOLUTE
    ../fplib/microlib/d2f.c                  0x00000000   Number         0  d2f.o ABSOLUTE
    ../fplib/microlib/fpadd.c                0x00000000   Number         0  dadd.o ABSOLUTE
    ../fplib/microlib/fpdiv.c                0x00000000   Number         0  ddiv.o ABSOLUTE
    ../fplib/microlib/fpepilogue.c           0x00000000   Number         0  fepilogue.o ABSOLUTE
    ../fplib/microlib/fpepilogue.c           0x00000000   Number         0  depilogue.o ABSOLUTE
    ../fplib/microlib/fpfix.c                0x00000000   Number         0  dfixul.o ABSOLUTE
    ../fplib/microlib/fpfix.c                0x00000000   Number         0  dfixi.o ABSOLUTE
    ../fplib/microlib/fpflt.c                0x00000000   Number         0  dfltul.o ABSOLUTE
    ../fplib/microlib/fpflt.c                0x00000000   Number         0  dflti.o ABSOLUTE
    ../fplib/microlib/fpflt.c                0x00000000   Number         0  dfltui.o ABSOLUTE
    ../fplib/microlib/fpmul.c                0x00000000   Number         0  dmul.o ABSOLUTE
    ../fplib/microlib/fpscalb.c              0x00000000   Number         0  dscalb.o ABSOLUTE
    ../fplib/microlib/fpsqrt.c               0x00000000   Number         0  dsqrt.o ABSOLUTE
    ../mathlib/asin.c                        0x00000000   Number         0  asin_x.o ABSOLUTE
    ../mathlib/asin.c                        0x00000000   Number         0  asin.o ABSOLUTE
    ../mathlib/atof.c                        0x00000000   Number         0  atof.o ABSOLUTE
    ../mathlib/cos.c                         0x00000000   Number         0  cos_x.o ABSOLUTE
    ../mathlib/cos.c                         0x00000000   Number         0  cos.o ABSOLUTE
    ../mathlib/cos_i.c                       0x00000000   Number         0  cos_i.o ABSOLUTE
    ../mathlib/dunder.c                      0x00000000   Number         0  dunder.o ABSOLUTE
    ../mathlib/fpclassify.c                  0x00000000   Number         0  fpclassify.o ABSOLUTE
    ../mathlib/poly.c                        0x00000000   Number         0  poly.o ABSOLUTE
    ../mathlib/pow.c                         0x00000000   Number         0  pow_x.o ABSOLUTE
    ../mathlib/pow.c                         0x00000000   Number         0  pow.o ABSOLUTE
    ../mathlib/qnan.c                        0x00000000   Number         0  qnan.o ABSOLUTE
    ../mathlib/rred.c                        0x00000000   Number         0  rred.o ABSOLUTE
    ../mathlib/sin.c                         0x00000000   Number         0  sin_x.o ABSOLUTE
    ../mathlib/sin.c                         0x00000000   Number         0  sin.o ABSOLUTE
    ../mathlib/sin_i.c                       0x00000000   Number         0  sin_i.o ABSOLUTE
    ../mathlib/sin_i.c                       0x00000000   Number         0  sin_i_x.o ABSOLUTE
    ../mathlib/sqrt.c                        0x00000000   Number         0  sqrt_x.o ABSOLUTE
    ../mathlib/sqrt.c                        0x00000000   Number         0  sqrt.o ABSOLUTE
    cdcmple.s                                0x00000000   Number         0  cdcmple.o ABSOLUTE
    cdrcmple.s                               0x00000000   Number         0  cdrcmple.o ABSOLUTE
    dc.s                                     0x00000000   Number         0  dc.o ABSOLUTE
    handlers.s                               0x00000000   Number         0  handlers.o ABSOLUTE
    init.s                                   0x00000000   Number         0  init.o ABSOLUTE
    main.c                                   0x00000000   Number         0  main.o ABSOLUTE
    startup_TM4C123.s                        0x00000000   Number         0  startup_tm4c123.o ABSOLUTE
    .ARM.Collect$$$$00000000                 0x0000026c   Section        0  entry.o(.ARM.Collect$$$$00000000)
    .ARM.Collect$$$$00000001                 0x0000026c   Section        4  entry2.o(.ARM.Collect$$$$00000001)
    .ARM.Collect$$$$00000004                 0x00000270   Section        4  entry5.o(.ARM.Collect$$$$00000004)
    .ARM.Collect$$$$00000008                 0x00000274   Section        0  entry7b.o(.ARM.Collect$$$$00000008)
    .ARM.Collect$$$$0000000A                 0x00000274   Section        0  entry8b.o(.ARM.Collect$$$$0000000A)
    .ARM.Collect$$$$0000000B                 0x00000274   Section        8  entry9a.o(.ARM.Collect$$$$0000000B)
    .ARM.Collect$$$$0000000D                 0x0000027c   Section        0  entry10a.o(.ARM.Collect$$$$0000000D)
    .ARM.Collect$$$$0000000F                 0x0000027c   Section        0  entry11a.o(.ARM.Collect$$$$0000000F)
    .ARM.Collect$$$$00002712                 0x0000027c   Section        4  entry2.o(.ARM.Collect$$$$00002712)
    __lit__00000000                          0x0000027c   Data           4  entry2.o(.ARM.Collect$$$$00002712)
    .text                                    0x00000280   Section      244  startup_tm4c123.o(.text)
    .text                                    0x00000374   Section        0  main.o(.text)
    .text                                    0x000018e0   Section        0  memcpya.o(.text)
    .text                                    0x00001904   Section        0  memseta.o(.text)
    .text                                    0x00001928   Section        0  strcat.o(.text)
    .text                                    0x00001940   Section        0  strncpy.o(.text)
    .text                                    0x00001958   Section        0  strlen.o(.text)
    .text                                    0x00001966   Section        0  strcmp.o(.text)
    .text                                    0x00001982   Section        0  strcpy.o(.text)
    .text                                    0x00001994   Section        0  atoi.o(.text)
    .text                                    0x000019ae   Section        0  dadd.o(.text)
    .text                                    0x00001afc   Section        0  dmul.o(.text)
    .text                                    0x00001be0   Section        0  ddiv.o(.text)
    .text                                    0x00001cbe   Section        0  dflti.o(.text)
    .text                                    0x00001ce0   Section        0  dfixi.o(.text)
    .text                                    0x00001d20   Section       40  cdcmple.o(.text)
    .text                                    0x00001d48   Section       40  cdrcmple.o(.text)
    .text                                    0x00001d70   Section        0  uidiv.o(.text)
    .text                                    0x00001d9c   Section        0  uldiv.o(.text)
    .text                                    0x00001dfe   Section        0  llshl.o(.text)
    .text                                    0x00001e1c   Section        0  llushr.o(.text)
    .text                                    0x00001e3c   Section        0  llsshr.o(.text)
    .text                                    0x00001e60   Section        0  strtod.o(.text)
    _local_sscanf                            0x00001e61   Thumb Code    54  strtod.o(.text)
    .text                                    0x00001efc   Section        0  strtol.o(.text)
    .text                                    0x00001f6c   Section        0  depilogue.o(.text)
    .text                                    0x00001f6c   Section        0  iusefp.o(.text)
    .text                                    0x0000202a   Section        0  dscalb.o(.text)
    .text                                    0x00002058   Section        0  dsqrt.o(.text)
    .text                                    0x000020fa   Section        0  dfixul.o(.text)
    .text                                    0x0000212c   Section       36  init.o(.text)
    .text                                    0x00002150   Section        0  ctype_o.o(.text)
    .text                                    0x00002158   Section        0  isspace_o.o(.text)
    .text                                    0x0000216c   Section        0  scanf_fp.o(.text)
    _fp_value                                0x0000216d   Thumb Code   256  scanf_fp.o(.text)
    .text                                    0x000024a8   Section        0  _sgetc.o(.text)
    .text                                    0x000024e8   Section        0  _strtoul.o(.text)
    .text                                    0x00002586   Section        0  dfltui.o(.text)
    .text                                    0x000025a0   Section        0  _chval.o(.text)
    .text                                    0x000025bc   Section        0  dfltul.o(.text)
    .text                                    0x000025d4   Section        0  d2f.o(.text)
    .text                                    0x0000260c   Section        0  fepilogue.o(.text)
    i.__0snprintf                            0x00002678   Section        0  printfa.o(i.__0snprintf)
    i.__0sprintf                             0x000026a0   Section        0  printfa.o(i.__0sprintf)
    i.__ARM_fpclassify                       0x000026c8   Section        0  fpclassify.o(i.__ARM_fpclassify)
    i.__aeabi_errno_addr                     0x000026f0   Section        0  errno.o(i.__aeabi_errno_addr)
    i.__ieee754_rem_pio2                     0x000026f8   Section        0  rred.o(i.__ieee754_rem_pio2)
    i.__kernel_cos                           0x00002a80   Section        0  cos_i.o(i.__kernel_cos)
    i.__kernel_poly                          0x00002b7c   Section        0  poly.o(i.__kernel_poly)
    i.__kernel_sin                           0x00002c28   Section        0  sin_i.o(i.__kernel_sin)
    i.__mathlib_dbl_underflow                0x00002d14   Section        0  dunder.o(i.__mathlib_dbl_underflow)
    i.__read_errno                           0x00002d24   Section        0  errno.o(i.__read_errno)
    i.__scatterload_copy                     0x00002d30   Section       14  handlers.o(i.__scatterload_copy)
    i.__scatterload_null                     0x00002d3e   Section        2  handlers.o(i.__scatterload_null)
    i.__scatterload_zeroinit                 0x00002d40   Section       14  handlers.o(i.__scatterload_zeroinit)
    i.__set_errno                            0x00002d50   Section        0  errno.o(i.__set_errno)
    i._fp_digits                             0x00002d5c   Section        0  printfa.o(i._fp_digits)
    _fp_digits                               0x00002d5d   Thumb Code   326  printfa.o(i._fp_digits)
    i._is_digit                              0x00002eb8   Section        0  scanf_fp.o(i._is_digit)
    i._printf_core                           0x00002ec8   Section        0  printfa.o(i._printf_core)
    _printf_core                             0x00002ec9   Thumb Code  1762  printfa.o(i._printf_core)
    i._printf_post_padding                   0x000035b8   Section        0  printfa.o(i._printf_post_padding)
    _printf_post_padding                     0x000035b9   Thumb Code    38  printfa.o(i._printf_post_padding)
    i._printf_pre_padding                    0x000035de   Section        0  printfa.o(i._printf_pre_padding)
    _printf_pre_padding                      0x000035df   Thumb Code    48  printfa.o(i._printf_pre_padding)
    i._snputc                                0x0000360e   Section        0  printfa.o(i._snputc)
    _snputc                                  0x0000360f   Thumb Code    22  printfa.o(i._snputc)
    i._sputc                                 0x00003624   Section        0  printfa.o(i._sputc)
    _sputc                                   0x00003625   Thumb Code    10  printfa.o(i._sputc)
    i.asin                                   0x00003630   Section        0  asin.o(i.asin)
    i.atof                                   0x000038ac   Section        0  atof.o(i.atof)
    i.cos                                    0x000038d8   Section        0  cos.o(i.cos)
    i.malloc                                 0x00003984   Section        0  malloc.o(i.malloc)
    i.pow                                    0x000039f0   Section        0  pow.o(i.pow)
    i.sin                                    0x000043d0   Section        0  sin.o(i.sin)
    i.sqrt                                   0x00004480   Section        0  sqrt.o(i.sqrt)
    .constdata                               0x000044cc   Section      112  main.o(.constdata)
    .constdata                               0x00004540   Section       80  asin.o(.constdata)
    pS                                       0x00004540   Data          48  asin.o(.constdata)
    qS                                       0x00004570   Data          32  asin.o(.constdata)
    .constdata                               0x00004590   Section      136  pow.o(.constdata)
    bp                                       0x00004590   Data          16  pow.o(.constdata)
    dp_h                                     0x000045a0   Data          16  pow.o(.constdata)
    dp_l                                     0x000045b0   Data          16  pow.o(.constdata)
    L                                        0x000045c0   Data          48  pow.o(.constdata)
    P                                        0x000045f0   Data          40  pow.o(.constdata)
    .constdata                               0x00004618   Section       48  cos_i.o(.constdata)
    C                                        0x00004618   Data          48  cos_i.o(.constdata)
    .constdata                               0x00004648   Section        8  qnan.o(.constdata)
    .constdata                               0x00004650   Section      200  rred.o(.constdata)
    pio2s                                    0x00004650   Data          48  rred.o(.constdata)
    twooverpi                                0x00004680   Data         152  rred.o(.constdata)
    .constdata                               0x00004718   Section       40  sin_i.o(.constdata)
    S                                        0x00004718   Data          40  sin_i.o(.constdata)
    .constdata                               0x00004740   Section      129  ctype_o.o(.constdata)
    .constdata                               0x000047c4   Section        4  ctype_o.o(.constdata)
    table                                    0x000047c4   Data           4  ctype_o.o(.constdata)
    .data                                    0x20000000   Section      208  main.o(.data)
    .data                                    0x200000d0   Section        4  mvars.o(.data)
    .data                                    0x200000d4   Section        4  mvars.o(.data)
    .data                                    0x200000d8   Section        4  errno.o(.data)
    _errno                                   0x200000d8   Data           4  errno.o(.data)
    .bss                                     0x200000e0   Section     4296  main.o(.bss)
    HEAP                                     0x200011a8   Section        0  startup_tm4c123.o(HEAP)
    STACK                                    0x200011a8   Section      512  startup_tm4c123.o(STACK)

    Global Symbols

    Symbol Name                              Value     Ov Type        Size  Object(Section)

    BuildAttributes$$THM_ISAv4$E$P$D$K$B$S$7EM$PE$A:L22UL41UL21$X:L11$S22US41US21$IEEE1$IW$USESV6$~STKCKD$USESV7$~SHL$OTIME$ROPI$IEEEX$EBA8$MICROLIB$REQ8$PRES8$EABIv2 0x00000000   Number         0  anon$$obj.o ABSOLUTE
    __ARM_use_no_argv                        0x00000000   Number         0  main.o ABSOLUTE
    __Vectors                                0x00000000   Data           4  startup_tm4c123.o(RESET)
    _printf_a                                0x00000000   Number         0  stubs.o ABSOLUTE
    _printf_c                                0x00000000   Number         0  stubs.o ABSOLUTE
    _printf_charcount                        0x00000000   Number         0  stubs.o ABSOLUTE
    _printf_d                                0x00000000   Number         0  stubs.o ABSOLUTE
    _printf_e                                0x00000000   Number         0  stubs.o ABSOLUTE
    _printf_f                                0x00000000   Number         0  stubs.o ABSOLUTE
    _printf_flags                            0x00000000   Number         0  stubs.o ABSOLUTE
    _printf_fp_dec                           0x00000000   Number         0  stubs.o ABSOLUTE
    _printf_fp_hex                           0x00000000   Number         0  stubs.o ABSOLUTE
    _printf_g                                0x00000000   Number         0  stubs.o ABSOLUTE
    _printf_i                                0x00000000   Number         0  stubs.o ABSOLUTE
    _printf_int_dec                          0x00000000   Number         0  stubs.o ABSOLUTE
    _printf_l                                0x00000000   Number         0  stubs.o ABSOLUTE
    _printf_lc                               0x00000000   Number         0  stubs.o ABSOLUTE
    _printf_ll                               0x00000000   Number         0  stubs.o ABSOLUTE
    _printf_lld                              0x00000000   Number         0  stubs.o ABSOLUTE
    _printf_lli                              0x00000000   Number         0  stubs.o ABSOLUTE
    _printf_llo                              0x00000000   Number         0  stubs.o ABSOLUTE
    _printf_llu                              0x00000000   Number         0  stubs.o ABSOLUTE
    _printf_llx                              0x00000000   Number         0  stubs.o ABSOLUTE
    _printf_longlong_dec                     0x00000000   Number         0  stubs.o ABSOLUTE
    _printf_longlong_hex                     0x00000000   Number         0  stubs.o ABSOLUTE
    _printf_longlong_oct                     0x00000000   Number         0  stubs.o ABSOLUTE
    _printf_ls                               0x00000000   Number         0  stubs.o ABSOLUTE
    _printf_mbtowc                           0x00000000   Number         0  stubs.o ABSOLUTE
    _printf_n                                0x00000000   Number         0  stubs.o ABSOLUTE
    _printf_o                                0x00000000   Number         0  stubs.o ABSOLUTE
    _printf_p                                0x00000000   Number         0  stubs.o ABSOLUTE
    _printf_percent                          0x00000000   Number         0  stubs.o ABSOLUTE
    _printf_pre_padding                      0x00000000   Number         0  stubs.o ABSOLUTE
    _printf_return_value                     0x00000000   Number         0  stubs.o ABSOLUTE
    _printf_s                                0x00000000   Number         0  stubs.o ABSOLUTE
    _printf_sizespec                         0x00000000   Number         0  stubs.o ABSOLUTE
    _printf_str                              0x00000000   Number         0  stubs.o ABSOLUTE
    _printf_truncate_signed                  0x00000000   Number         0  stubs.o ABSOLUTE
    _printf_truncate_unsigned                0x00000000   Number         0  stubs.o ABSOLUTE
    _printf_u                                0x00000000   Number         0  stubs.o ABSOLUTE
    _printf_wc                               0x00000000   Number         0  stubs.o ABSOLUTE
    _printf_wctomb                           0x00000000   Number         0  stubs.o ABSOLUTE
    _printf_widthprec                        0x00000000   Number         0  stubs.o ABSOLUTE
    _printf_x                                0x00000000   Number         0  stubs.o ABSOLUTE
    __cpp_initialize__aeabi_                  - Undefined Weak Reference
    __cxa_finalize                            - Undefined Weak Reference
    __decompress                              - Undefined Weak Reference
    _clock_init                               - Undefined Weak Reference
    _microlib_exit                            - Undefined Weak Reference
    __Vectors_End                            0x0000026c   Data           0  startup_tm4c123.o(RESET)
    __Vectors_Size                           0x0000026c   Number         0  startup_tm4c123.o ABSOLUTE
    __main                                   0x0000026d   Thumb Code     0  entry.o(.ARM.Collect$$$$00000000)
    _main_stk                                0x0000026d   Thumb Code     0  entry2.o(.ARM.Collect$$$$00000001)
    _main_scatterload                        0x00000271   Thumb Code     0  entry5.o(.ARM.Collect$$$$00000004)
    __main_after_scatterload                 0x00000275   Thumb Code     0  entry5.o(.ARM.Collect$$$$00000004)
    _main_clock                              0x00000275   Thumb Code     0  entry7b.o(.ARM.Collect$$$$00000008)
    _main_cpp_init                           0x00000275   Thumb Code     0  entry8b.o(.ARM.Collect$$$$0000000A)
    _main_init                               0x00000275   Thumb Code     0  entry9a.o(.ARM.Collect$$$$0000000B)
    __rt_final_cpp                           0x0000027d   Thumb Code     0  entry10a.o(.ARM.Collect$$$$0000000D)
    __rt_final_exit                          0x0000027d   Thumb Code     0  entry11a.o(.ARM.Collect$$$$0000000F)
    Reset_Handler                            0x00000281   Thumb Code     4  startup_tm4c123.o(.text)
    NMI_Handler                              0x00000285   Thumb Code     2  startup_tm4c123.o(.text)
    HardFault_Handler                        0x00000287   Thumb Code     2  startup_tm4c123.o(.text)
    MemManage_Handler                        0x00000289   Thumb Code     2  startup_tm4c123.o(.text)
    BusFault_Handler                         0x0000028b   Thumb Code     2  startup_tm4c123.o(.text)
    UsageFault_Handler                       0x0000028d   Thumb Code     2  startup_tm4c123.o(.text)
    SVC_Handler                              0x0000028f   Thumb Code     2  startup_tm4c123.o(.text)
    DebugMon_Handler                         0x00000291   Thumb Code     2  startup_tm4c123.o(.text)
    PendSV_Handler                           0x00000293   Thumb Code     2  startup_tm4c123.o(.text)
    SysTick_Handler                          0x00000295   Thumb Code     2  startup_tm4c123.o(.text)
    GPIOA_Handler                            0x00000297   Thumb Code     2  startup_tm4c123.o(.text)
    GPIOB_Handler                            0x00000299   Thumb Code     2  startup_tm4c123.o(.text)
    GPIOC_Handler                            0x0000029b   Thumb Code     2  startup_tm4c123.o(.text)
    GPIOD_Handler                            0x0000029d   Thumb Code     2  startup_tm4c123.o(.text)
    GPIOE_Handler                            0x0000029f   Thumb Code     2  startup_tm4c123.o(.text)
    UART0_Handler                            0x000002a1   Thumb Code     2  startup_tm4c123.o(.text)
    UART1_Handler                            0x000002a3   Thumb Code     2  startup_tm4c123.o(.text)
    SSI0_Handler                             0x000002a5   Thumb Code     2  startup_tm4c123.o(.text)
    I2C0_Handler                             0x000002a7   Thumb Code     2  startup_tm4c123.o(.text)
    PMW0_FAULT_Handler                       0x000002a9   Thumb Code     2  startup_tm4c123.o(.text)
    PWM0_0_Handler                           0x000002ab   Thumb Code     2  startup_tm4c123.o(.text)
    PWM0_1_Handler                           0x000002ad   Thumb Code     2  startup_tm4c123.o(.text)
    PWM0_2_Handler                           0x000002af   Thumb Code     2  startup_tm4c123.o(.text)
    QEI0_Handler                             0x000002b1   Thumb Code     2  startup_tm4c123.o(.text)
    ADC0SS0_Handler                          0x000002b3   Thumb Code     2  startup_tm4c123.o(.text)
    ADC0SS1_Handler                          0x000002b5   Thumb Code     2  startup_tm4c123.o(.text)
    ADC0SS2_Handler                          0x000002b7   Thumb Code     2  startup_tm4c123.o(.text)
    ADC0SS3_Handler                          0x000002b9   Thumb Code     2  startup_tm4c123.o(.text)
    WDT0_Handler                             0x000002bb   Thumb Code     2  startup_tm4c123.o(.text)
    TIMER0A_Handler                          0x000002bd   Thumb Code     2  startup_tm4c123.o(.text)
    TIMER0B_Handler                          0x000002bf   Thumb Code     2  startup_tm4c123.o(.text)
    TIMER1A_Handler                          0x000002c1   Thumb Code     2  startup_tm4c123.o(.text)
    TIMER1B_Handler                          0x000002c3   Thumb Code     2  startup_tm4c123.o(.text)
    TIMER2A_Handler                          0x000002c5   Thumb Code     2  startup_tm4c123.o(.text)
    TIMER2B_Handler                          0x000002c7   Thumb Code     2  startup_tm4c123.o(.text)
    COMP0_Handler                            0x000002c9   Thumb Code     2  startup_tm4c123.o(.text)
    COMP1_Handler                            0x000002cb   Thumb Code     2  startup_tm4c123.o(.text)
    COMP2_Handler                            0x000002cd   Thumb Code     2  startup_tm4c123.o(.text)
    SYSCTL_Handler                           0x000002cf   Thumb Code     2  startup_tm4c123.o(.text)
    FLASH_Handler                            0x000002d1   Thumb Code     2  startup_tm4c123.o(.text)
    GPIOF_Handler                            0x000002d3   Thumb Code     2  startup_tm4c123.o(.text)
    GPIOG_Handler                            0x000002d5   Thumb Code     2  startup_tm4c123.o(.text)
    GPIOH_Handler                            0x000002d7   Thumb Code     2  startup_tm4c123.o(.text)
    UART2_Handler                            0x000002d9   Thumb Code     2  startup_tm4c123.o(.text)
    SSI1_Handler                             0x000002db   Thumb Code     2  startup_tm4c123.o(.text)
    TIMER3A_Handler                          0x000002dd   Thumb Code     2  startup_tm4c123.o(.text)
    TIMER3B_Handler                          0x000002df   Thumb Code     2  startup_tm4c123.o(.text)
    I2C1_Handler                             0x000002e1   Thumb Code     2  startup_tm4c123.o(.text)
    QEI1_Handler                             0x000002e3   Thumb Code     2  startup_tm4c123.o(.text)
    CAN0_Handler                             0x000002e5   Thumb Code     2  startup_tm4c123.o(.text)
    CAN1_Handler                             0x000002e7   Thumb Code     2  startup_tm4c123.o(.text)
    CAN2_Handler                             0x000002e9   Thumb Code     2  startup_tm4c123.o(.text)
    HIB_Handler                              0x000002eb   Thumb Code     2  startup_tm4c123.o(.text)
    USB0_Handler                             0x000002ed   Thumb Code     2  startup_tm4c123.o(.text)
    PWM0_3_Handler                           0x000002ef   Thumb Code     2  startup_tm4c123.o(.text)
    UDMA_Handler                             0x000002f1   Thumb Code     2  startup_tm4c123.o(.text)
    UDMAERR_Handler                          0x000002f3   Thumb Code     2  startup_tm4c123.o(.text)
    ADC1SS0_Handler                          0x000002f5   Thumb Code     2  startup_tm4c123.o(.text)
    ADC1SS1_Handler                          0x000002f7   Thumb Code     2  startup_tm4c123.o(.text)
    ADC1SS2_Handler                          0x000002f9   Thumb Code     2  startup_tm4c123.o(.text)
    ADC1SS3_Handler                          0x000002fb   Thumb Code     2  startup_tm4c123.o(.text)
    GPIOJ_Handler                            0x000002fd   Thumb Code     2  startup_tm4c123.o(.text)
    GPIOK_Handler                            0x000002ff   Thumb Code     2  startup_tm4c123.o(.text)
    GPIOL_Handler                            0x00000301   Thumb Code     2  startup_tm4c123.o(.text)
    SSI2_Handler                             0x00000303   Thumb Code     2  startup_tm4c123.o(.text)
    SSI3_Handler                             0x00000305   Thumb Code     2  startup_tm4c123.o(.text)
    UART3_Handler                            0x00000307   Thumb Code     2  startup_tm4c123.o(.text)
    UART4_Handler                            0x00000309   Thumb Code     2  startup_tm4c123.o(.text)
    UART5_Handler                            0x0000030b   Thumb Code     2  startup_tm4c123.o(.text)
    UART6_Handler                            0x0000030d   Thumb Code     2  startup_tm4c123.o(.text)
    UART7_Handler                            0x0000030f   Thumb Code     2  startup_tm4c123.o(.text)
    I2C2_Handler                             0x00000311   Thumb Code     2  startup_tm4c123.o(.text)
    I2C3_Handler                             0x00000313   Thumb Code     2  startup_tm4c123.o(.text)
    TIMER4A_Handler                          0x00000315   Thumb Code     2  startup_tm4c123.o(.text)
    TIMER4B_Handler                          0x00000317   Thumb Code     2  startup_tm4c123.o(.text)
    TIMER5A_Handler                          0x00000319   Thumb Code     2  startup_tm4c123.o(.text)
    TIMER5B_Handler                          0x0000031b   Thumb Code     2  startup_tm4c123.o(.text)
    WTIMER0A_Handler                         0x0000031d   Thumb Code     2  startup_tm4c123.o(.text)
    WTIMER0B_Handler                         0x0000031f   Thumb Code     2  startup_tm4c123.o(.text)
    WTIMER1A_Handler                         0x00000321   Thumb Code     2  startup_tm4c123.o(.text)
    WTIMER1B_Handler                         0x00000323   Thumb Code     2  startup_tm4c123.o(.text)
    WTIMER2A_Handler                         0x00000325   Thumb Code     2  startup_tm4c123.o(.text)
    WTIMER2B_Handler                         0x00000327   Thumb Code     2  startup_tm4c123.o(.text)
    WTIMER3A_Handler                         0x00000329   Thumb Code     2  startup_tm4c123.o(.text)
    WTIMER3B_Handler                         0x0000032b   Thumb Code     2  startup_tm4c123.o(.text)
    WTIMER4A_Handler                         0x0000032d   Thumb Code     2  startup_tm4c123.o(.text)
    WTIMER4B_Handler                         0x0000032f   Thumb Code     2  startup_tm4c123.o(.text)
    WTIMER5A_Handler                         0x00000331   Thumb Code     2  startup_tm4c123.o(.text)
    WTIMER5B_Handler                         0x00000333   Thumb Code     2  startup_tm4c123.o(.text)
    FPU_Handler                              0x00000335   Thumb Code     2  startup_tm4c123.o(.text)
    I2C4_Handler                             0x00000337   Thumb Code     2  startup_tm4c123.o(.text)
    I2C5_Handler                             0x00000339   Thumb Code     2  startup_tm4c123.o(.text)
    GPIOM_Handler                            0x0000033b   Thumb Code     2  startup_tm4c123.o(.text)
    GPION_Handler                            0x0000033d   Thumb Code     2  startup_tm4c123.o(.text)
    QEI2_Handler                             0x0000033f   Thumb Code     2  startup_tm4c123.o(.text)
    GPIOP0_Handler                           0x00000341   Thumb Code     2  startup_tm4c123.o(.text)
    GPIOP1_Handler                           0x00000343   Thumb Code     2  startup_tm4c123.o(.text)
    GPIOP2_Handler                           0x00000345   Thumb Code     2  startup_tm4c123.o(.text)
    GPIOP3_Handler                           0x00000347   Thumb Code     2  startup_tm4c123.o(.text)
    GPIOP4_Handler                           0x00000349   Thumb Code     2  startup_tm4c123.o(.text)
    GPIOP5_Handler                           0x0000034b   Thumb Code     2  startup_tm4c123.o(.text)
    GPIOP6_Handler                           0x0000034d   Thumb Code     2  startup_tm4c123.o(.text)
    GPIOP7_Handler                           0x0000034f   Thumb Code     2  startup_tm4c123.o(.text)
    GPIOQ0_Handler                           0x00000351   Thumb Code     2  startup_tm4c123.o(.text)
    GPIOQ1_Handler                           0x00000353   Thumb Code     2  startup_tm4c123.o(.text)
    GPIOQ2_Handler                           0x00000355   Thumb Code     2  startup_tm4c123.o(.text)
    GPIOQ3_Handler                           0x00000357   Thumb Code     2  startup_tm4c123.o(.text)
    GPIOQ4_Handler                           0x00000359   Thumb Code     2  startup_tm4c123.o(.text)
    GPIOQ5_Handler                           0x0000035b   Thumb Code     2  startup_tm4c123.o(.text)
    GPIOQ6_Handler                           0x0000035d   Thumb Code     2  startup_tm4c123.o(.text)
    GPIOQ7_Handler                           0x0000035f   Thumb Code     2  startup_tm4c123.o(.text)
    GPIOR_Handler                            0x00000361   Thumb Code     2  startup_tm4c123.o(.text)
    GPIOS_Handler                            0x00000363   Thumb Code     2  startup_tm4c123.o(.text)
    PMW1_0_Handler                           0x00000365   Thumb Code     2  startup_tm4c123.o(.text)
    PWM1_1_Handler                           0x00000367   Thumb Code     2  startup_tm4c123.o(.text)
    PWM1_2_Handler                           0x00000369   Thumb Code     2  startup_tm4c123.o(.text)
    PWM1_3_Handler                           0x0000036b   Thumb Code     2  startup_tm4c123.o(.text)
    PWM1_FAULT_Handler                       0x0000036d   Thumb Code     2  startup_tm4c123.o(.text)
    update_time                              0x00000375   Thumb Code   116  main.o(.text)
    UART0_Write                              0x000003e9   Thumb Code    18  main.o(.text)
    UART0_WriteString                        0x000003fb   Thumb Code    22  main.o(.text)
    parse_RMC                                0x00000411   Thumb Code   130  main.o(.text)
    Process_RMC                              0x00000493   Thumb Code    32  main.o(.text)
    delay_ms                                 0x000004b3   Thumb Code    34  main.o(.text)
    UART3_Available                          0x000004d5   Thumb Code    20  main.o(.text)
    UART3_Read                               0x000004e9   Thumb Code    20  main.o(.text)
    UART3_ReadString                         0x000004fd   Thumb Code    56  main.o(.text)
    UART3_Write                              0x00000535   Thumb Code    18  main.o(.text)
    UART3_WriteString                        0x00000547   Thumb Code    22  main.o(.text)
    gsm_send_uart                            0x0000055d   Thumb Code    50  main.o(.text)
    gsm_http_post                            0x0000058f   Thumb Code    98  main.o(.text)
    red_led_output                           0x000005f1   Thumb Code    30  main.o(.text)
    calculate_distance                       0x0000060f   Thumb Code   644  main.o(.text)
    light_led_at_distance                    0x00000893   Thumb Code    54  main.o(.text)
    delay_us                                 0x000008c9   Thumb Code    24  main.o(.text)
    send_dist_to_segment                     0x000008e1   Thumb Code    48  main.o(.text)
    update_7_segment                         0x00000911   Thumb Code    66  main.o(.text)
    LCD_Send_Data                            0x00000953   Thumb Code    52  main.o(.text)
    LCD_Send_Command                         0x00000987   Thumb Code    52  main.o(.text)
    LCD_Print                                0x000009bb   Thumb Code    66  main.o(.text)
    mean_of_array                            0x000009fd   Thumb Code    76  main.o(.text)
    normalize                                0x00000a49   Thumb Code   222  main.o(.text)
    update_remaining_distance                0x00000b27   Thumb Code    64  main.o(.text)
    update_dist_travelled                    0x00000b67   Thumb Code   370  main.o(.text)
    convert_long_to_decimal_degree           0x00000cd9   Thumb Code    86  main.o(.text)
    convert_lat_to_decimal_degree            0x00000d2f   Thumb Code    86  main.o(.text)
    update_GPS_vars                          0x00000d85   Thumb Code   180  main.o(.text)
    gsm_config_gprs                          0x00000e39   Thumb Code    16  main.o(.text)
    UART3_Init                               0x00000e49   Thumb Code   132  main.o(.text)
    UART0_Init                               0x00000ecd   Thumb Code   136  main.o(.text)
    LCD_Init                                 0x00000f55   Thumb Code   100  main.o(.text)
    pinA3_Low_output                         0x00000fb9   Thumb Code    18  main.o(.text)
    pinA3_High_output                        0x00000fcb   Thumb Code    18  main.o(.text)
    portA                                    0x00000fdd   Thumb Code    62  main.o(.text)
    portB                                    0x0000101b   Thumb Code    62  main.o(.text)
    portF                                    0x00001059   Thumb Code   140  main.o(.text)
    Systick_init                             0x000010e5   Thumb Code   216  main.o(.text)
    main                                     0x000011bd   Thumb Code   434  main.o(.text)
    portE                                    0x0000136f   Thumb Code    58  main.o(.text)
    portD                                    0x000013a9   Thumb Code    78  main.o(.text)
    portC                                    0x000013f7   Thumb Code    56  main.o(.text)
    light_led_after_100m                     0x0000142f   Thumb Code    22  main.o(.text)
    UART0_Available                          0x00001445   Thumb Code    20  main.o(.text)
    UART0_Read                               0x00001459   Thumb Code    20  main.o(.text)
    UART0_ReadString                         0x0000146d   Thumb Code    40  main.o(.text)
    UART3_readString                         0x00001495   Thumb Code    40  main.o(.text)
    parse_GLL                                0x000014bd   Thumb Code   130  main.o(.text)
    Process_GLL                              0x0000153f   Thumb Code    32  main.o(.text)
    parse_GGA                                0x0000155f   Thumb Code   418  main.o(.text)
    Process_GGA                              0x00001701   Thumb Code    32  main.o(.text)
    parse_GSV                                0x00001721   Thumb Code   134  main.o(.text)
    Process_GSV                              0x000017a7   Thumb Code    32  main.o(.text)
    parse_GSA                                0x000017c7   Thumb Code   132  main.o(.text)
    Process_GSA                              0x0000184b   Thumb Code    32  main.o(.text)
    subString                                0x0000186b   Thumb Code    40  main.o(.text)
    checksum                                 0x00001893   Thumb Code    36  main.o(.text)
    __aeabi_memcpy                           0x000018e1   Thumb Code    36  memcpya.o(.text)
    __aeabi_memcpy4                          0x000018e1   Thumb Code     0  memcpya.o(.text)
    __aeabi_memcpy8                          0x000018e1   Thumb Code     0  memcpya.o(.text)
    __aeabi_memset                           0x00001905   Thumb Code    14  memseta.o(.text)
    __aeabi_memset4                          0x00001905   Thumb Code     0  memseta.o(.text)
    __aeabi_memset8                          0x00001905   Thumb Code     0  memseta.o(.text)
    __aeabi_memclr                           0x00001913   Thumb Code     4  memseta.o(.text)
    __aeabi_memclr4                          0x00001913   Thumb Code     0  memseta.o(.text)
    __aeabi_memclr8                          0x00001913   Thumb Code     0  memseta.o(.text)
    _memset$wrapper                          0x00001917   Thumb Code    18  memseta.o(.text)
    strcat                                   0x00001929   Thumb Code    24  strcat.o(.text)
    strncpy                                  0x00001941   Thumb Code    24  strncpy.o(.text)
    strlen                                   0x00001959   Thumb Code    14  strlen.o(.text)
    strcmp                                   0x00001967   Thumb Code    28  strcmp.o(.text)
    strcpy                                   0x00001983   Thumb Code    18  strcpy.o(.text)
    atoi                                     0x00001995   Thumb Code    26  atoi.o(.text)
    __aeabi_dadd                             0x000019af   Thumb Code   322  dadd.o(.text)
    __aeabi_dsub                             0x00001af1   Thumb Code     6  dadd.o(.text)
    __aeabi_drsub                            0x00001af7   Thumb Code     6  dadd.o(.text)
    __aeabi_dmul                             0x00001afd   Thumb Code   228  dmul.o(.text)
    __aeabi_ddiv                             0x00001be1   Thumb Code   222  ddiv.o(.text)
    __aeabi_i2d                              0x00001cbf   Thumb Code    34  dflti.o(.text)
    __aeabi_d2iz                             0x00001ce1   Thumb Code    62  dfixi.o(.text)
    __aeabi_cdcmpeq                          0x00001d21   Thumb Code     0  cdcmple.o(.text)
    __aeabi_cdcmple                          0x00001d21   Thumb Code    38  cdcmple.o(.text)
    __aeabi_cdrcmple                         0x00001d49   Thumb Code    38  cdrcmple.o(.text)
    __aeabi_uidiv                            0x00001d71   Thumb Code     0  uidiv.o(.text)
    __aeabi_uidivmod                         0x00001d71   Thumb Code    44  uidiv.o(.text)
    __aeabi_uldivmod                         0x00001d9d   Thumb Code    98  uldiv.o(.text)
    __aeabi_llsl                             0x00001dff   Thumb Code    30  llshl.o(.text)
    _ll_shift_l                              0x00001dff   Thumb Code     0  llshl.o(.text)
    __aeabi_llsr                             0x00001e1d   Thumb Code    32  llushr.o(.text)
    _ll_ushift_r                             0x00001e1d   Thumb Code     0  llushr.o(.text)
    __aeabi_lasr                             0x00001e3d   Thumb Code    36  llsshr.o(.text)
    _ll_sshift_r                             0x00001e3d   Thumb Code     0  llsshr.o(.text)
    __strtod_int                             0x00001e97   Thumb Code    88  strtod.o(.text)
    strtol                                   0x00001efd   Thumb Code   112  strtol.o(.text)
    __I$use$fp                               0x00001f6d   Thumb Code     0  iusefp.o(.text)
    _double_round                            0x00001f6d   Thumb Code    26  depilogue.o(.text)
    _double_epilogue                         0x00001f87   Thumb Code   164  depilogue.o(.text)
    __ARM_scalbn                             0x0000202b   Thumb Code    46  dscalb.o(.text)
    scalbn                                   0x0000202b   Thumb Code     0  dscalb.o(.text)
    _dsqrt                                   0x00002059   Thumb Code   162  dsqrt.o(.text)
    __aeabi_d2ulz                            0x000020fb   Thumb Code    48  dfixul.o(.text)
    __scatterload                            0x0000212d   Thumb Code    28  init.o(.text)
    __scatterload_rt2                        0x0000212d   Thumb Code     0  init.o(.text)
    __rt_ctype_table                         0x00002151   Thumb Code     4  ctype_o.o(.text)
    isspace                                  0x00002159   Thumb Code    18  isspace_o.o(.text)
    _scanf_real                              0x0000226d   Thumb Code     0  scanf_fp.o(.text)
    _scanf_really_real                       0x0000226d   Thumb Code   560  scanf_fp.o(.text)
    _sgetc                                   0x000024a9   Thumb Code    30  _sgetc.o(.text)
    _sbackspace                              0x000024c7   Thumb Code    34  _sgetc.o(.text)
    _strtoul                                 0x000024e9   Thumb Code   158  _strtoul.o(.text)
    __aeabi_ui2d                             0x00002587   Thumb Code    26  dfltui.o(.text)
    _chval                                   0x000025a1   Thumb Code    28  _chval.o(.text)
    __aeabi_ul2d                             0x000025bd   Thumb Code    24  dfltul.o(.text)
    __aeabi_d2f                              0x000025d5   Thumb Code    56  d2f.o(.text)
    _float_round                             0x0000260d   Thumb Code    18  fepilogue.o(.text)
    _float_epilogue                          0x0000261f   Thumb Code    90  fepilogue.o(.text)
    __0snprintf                              0x00002679   Thumb Code    36  printfa.o(i.__0snprintf)
    __1snprintf                              0x00002679   Thumb Code     0  printfa.o(i.__0snprintf)
    __2snprintf                              0x00002679   Thumb Code     0  printfa.o(i.__0snprintf)
    __c89snprintf                            0x00002679   Thumb Code     0  printfa.o(i.__0snprintf)
    snprintf                                 0x00002679   Thumb Code     0  printfa.o(i.__0snprintf)
    __0sprintf                               0x000026a1   Thumb Code    34  printfa.o(i.__0sprintf)
    __1sprintf                               0x000026a1   Thumb Code     0  printfa.o(i.__0sprintf)
    __2sprintf                               0x000026a1   Thumb Code     0  printfa.o(i.__0sprintf)
    __c89sprintf                             0x000026a1   Thumb Code     0  printfa.o(i.__0sprintf)
    sprintf                                  0x000026a1   Thumb Code     0  printfa.o(i.__0sprintf)
    __ARM_fpclassify                         0x000026c9   Thumb Code    40  fpclassify.o(i.__ARM_fpclassify)
    __aeabi_errno_addr                       0x000026f1   Thumb Code     4  errno.o(i.__aeabi_errno_addr)
    __rt_errno_addr                          0x000026f1   Thumb Code     0  errno.o(i.__aeabi_errno_addr)
    __ieee754_rem_pio2                       0x000026f9   Thumb Code   832  rred.o(i.__ieee754_rem_pio2)
    __kernel_cos                             0x00002a81   Thumb Code   230  cos_i.o(i.__kernel_cos)
    __kernel_poly                            0x00002b7d   Thumb Code   170  poly.o(i.__kernel_poly)
    __kernel_sin                             0x00002c29   Thumb Code   224  sin_i.o(i.__kernel_sin)
    __mathlib_dbl_underflow                  0x00002d15   Thumb Code    10  dunder.o(i.__mathlib_dbl_underflow)
    __read_errno                             0x00002d25   Thumb Code     6  errno.o(i.__read_errno)
    __scatterload_copy                       0x00002d31   Thumb Code    14  handlers.o(i.__scatterload_copy)
    __scatterload_null                       0x00002d3f   Thumb Code     2  handlers.o(i.__scatterload_null)
    __scatterload_zeroinit                   0x00002d41   Thumb Code    14  handlers.o(i.__scatterload_zeroinit)
    __set_errno                              0x00002d51   Thumb Code     6  errno.o(i.__set_errno)
    _is_digit                                0x00002eb9   Thumb Code    14  scanf_fp.o(i._is_digit)
    asin                                     0x00003631   Thumb Code   584  asin.o(i.asin)
    atof                                     0x000038ad   Thumb Code    42  atof.o(i.atof)
    cos                                      0x000038d9   Thumb Code   164  cos.o(i.cos)
    malloc                                   0x00003985   Thumb Code    92  malloc.o(i.malloc)
    pow                                      0x000039f1   Thumb Code  2510  pow.o(i.pow)
    sin                                      0x000043d1   Thumb Code   166  sin.o(i.sin)
    sqrt                                     0x00004481   Thumb Code    76  sqrt.o(i.sqrt)
    __mathlib_zero                           0x00004648   Data           8  qnan.o(.constdata)
    __ctype_table                            0x00004740   Data         129  ctype_o.o(.constdata)
    Region$$Table$$Base                      0x000047c8   Number         0  anon$$obj.o(Region$$Table)
    Region$$Table$$Limit                     0x000047e8   Number         0  anon$$obj.o(Region$$Table)
    dist_travelled                           0x20000000   Data           8  main.o(.data)
    old_dist                                 0x20000008   Data           8  main.o(.data)
    PI                                       0x20000010   Data           8  main.o(.data)
    current_lat                              0x20000018   Data           8  main.o(.data)
    current_long                             0x20000020   Data           8  main.o(.data)
    previous_lat                             0x20000028   Data           8  main.o(.data)
    previous_long                            0x20000030   Data           8  main.o(.data)
    speed                                    0x20000038   Data           8  main.o(.data)
    dst_lat                                  0x20000040   Data           8  main.o(.data)
    dst_long                                 0x20000048   Data           8  main.o(.data)
    reached                                  0x20000050   Data           4  main.o(.data)
    speed_hist_counter                       0x20000054   Data           4  main.o(.data)
    speed_hist_norm_counter                  0x20000058   Data           4  main.o(.data)
    apn                                      0x2000005c   Data          21  main.o(.data)
    apn_u                                    0x20000071   Data           1  main.o(.data)
    apn_p                                    0x20000072   Data           1  main.o(.data)
    url                                      0x20000073   Data          36  main.o(.data)
    rms_stat                                 0x20000097   Data           1  main.o(.data)
    gll_valid                                0x20000098   Data           1  main.o(.data)
    gga_quality                              0x20000099   Data           1  main.o(.data)
    lat_rms                                  0x2000009a   Data           1  main.o(.data)
    long_rms                                 0x2000009b   Data           1  main.o(.data)
    lat_gll                                  0x2000009c   Data           1  main.o(.data)
    long_gll                                 0x2000009d   Data           1  main.o(.data)
    lat_gga                                  0x2000009e   Data           1  main.o(.data)
    long_gga                                 0x2000009f   Data           1  main.o(.data)
    rmc_tm                                   0x200000a0   Data           1  main.o(.data)
    gll_tm                                   0x200000a1   Data           1  main.o(.data)
    gga_tm                                   0x200000a2   Data           1  main.o(.data)
    rmc_speed                                0x200000a3   Data           1  main.o(.data)
    lat_long_hist                            0x200000a4   Data           5  main.o(.data)
    time_hours                               0x200000ac   Data           4  main.o(.data)
    time_minutes                             0x200000b0   Data           4  main.o(.data)
    time_seconds                             0x200000b4   Data           4  main.o(.data)
    remaining_dst                            0x200000b8   Data           8  main.o(.data)
    normalized_speed                         0x200000c0   Data           8  main.o(.data)
    mean_speed                               0x200000c8   Data           8  main.o(.data)
    __microlib_freelist                      0x200000d0   Data           4  mvars.o(.data)
    __microlib_freelist_initialised          0x200000d4   Data           4  mvars.o(.data)
    dist_buffer                              0x200000e0   Data          16  main.o(.bss)
    location_buffer                          0x200000f0   Data         128  main.o(.bss)
    location_buffer1                         0x20000170   Data         128  main.o(.bss)
    time_buffer                              0x200001f0   Data         128  main.o(.bss)
    date_buffer                              0x20000270   Data         128  main.o(.bss)
    quality_buffer                           0x200002f0   Data         128  main.o(.bss)
    http_date_buffer                         0x20000370   Data         256  main.o(.bss)
    gps_raw                                  0x20000470   Data         100  main.o(.bss)
    raw_gps_data_cache                       0x200004d4   Data        1000  main.o(.bss)
    GSV_data_parsed                          0x200008bc   Data         600  main.o(.bss)
    GSA_data_parsed                          0x20000b14   Data         400  main.o(.bss)
    RMC_data_parsed                          0x20000ca4   Data         400  main.o(.bss)
    GLL_data_parsed                          0x20000e34   Data         400  main.o(.bss)
    GGA_data_parsed                          0x20000fc4   Data         400  main.o(.bss)
    speed_history                            0x20001158   Data          40  main.o(.bss)
    coords_history                           0x20001180   Data          40  main.o(.bss)
    __heap_base                              0x200011a8   Data           0  startup_tm4c123.o(HEAP)
    __heap_limit                             0x200011a8   Data           0  startup_tm4c123.o(HEAP)
    __initial_sp                             0x200013a8   Data           0  startup_tm4c123.o(STACK)



==============================================================================

Memory Map of the image

  Image Entry point : 0x00000281

  Load Region LR_1 (Base: 0x00000000, Size: 0x000048c4, Max: 0xffffffff, ABSOLUTE)

    Execution Region ER_RO (Base: 0x00000000, Size: 0x000047e8, Max: 0xffffffff, ABSOLUTE)

    Base Addr    Size         Type   Attr      Idx    E Section Name        Object

    0x00000000   0x0000026c   Data   RO            3    RESET               startup_tm4c123.o
    0x0000026c   0x00000000   Code   RO           96  * .ARM.Collect$$$$00000000  mc_w.l(entry.o)
    0x0000026c   0x00000004   Code   RO          441    .ARM.Collect$$$$00000001  mc_w.l(entry2.o)
    0x00000270   0x00000004   Code   RO          444    .ARM.Collect$$$$00000004  mc_w.l(entry5.o)
    0x00000274   0x00000000   Code   RO          446    .ARM.Collect$$$$00000008  mc_w.l(entry7b.o)
    0x00000274   0x00000000   Code   RO          448    .ARM.Collect$$$$0000000A  mc_w.l(entry8b.o)
    0x00000274   0x00000008   Code   RO          449    .ARM.Collect$$$$0000000B  mc_w.l(entry9a.o)
    0x0000027c   0x00000000   Code   RO          451    .ARM.Collect$$$$0000000D  mc_w.l(entry10a.o)
    0x0000027c   0x00000000   Code   RO          453    .ARM.Collect$$$$0000000F  mc_w.l(entry11a.o)
    0x0000027c   0x00000004   Code   RO          442    .ARM.Collect$$$$00002712  mc_w.l(entry2.o)
    0x00000280   0x000000f4   Code   RO            4  * .text               startup_tm4c123.o
    0x00000374   0x0000156c   Code   RO           10    .text               main.o
    0x000018e0   0x00000024   Code   RO           99    .text               mc_w.l(memcpya.o)
    0x00001904   0x00000024   Code   RO          101    .text               mc_w.l(memseta.o)
    0x00001928   0x00000018   Code   RO          103    .text               mc_w.l(strcat.o)
    0x00001940   0x00000018   Code   RO          105    .text               mc_w.l(strncpy.o)
    0x00001958   0x0000000e   Code   RO          107    .text               mc_w.l(strlen.o)
    0x00001966   0x0000001c   Code   RO          109    .text               mc_w.l(strcmp.o)
    0x00001982   0x00000012   Code   RO          111    .text               mc_w.l(strcpy.o)
    0x00001994   0x0000001a   Code   RO          404    .text               mc_w.l(atoi.o)
    0x000019ae   0x0000014e   Code   RO          406    .text               mf_w.l(dadd.o)
    0x00001afc   0x000000e4   Code   RO          408    .text               mf_w.l(dmul.o)
    0x00001be0   0x000000de   Code   RO          410    .text               mf_w.l(ddiv.o)
    0x00001cbe   0x00000022   Code   RO          412    .text               mf_w.l(dflti.o)
    0x00001ce0   0x0000003e   Code   RO          414    .text               mf_w.l(dfixi.o)
    0x00001d1e   0x00000002   PAD
    0x00001d20   0x00000028   Code   RO          416    .text               mf_w.l(cdcmple.o)
    0x00001d48   0x00000028   Code   RO          418    .text               mf_w.l(cdrcmple.o)
    0x00001d70   0x0000002c   Code   RO          458    .text               mc_w.l(uidiv.o)
    0x00001d9c   0x00000062   Code   RO          460    .text               mc_w.l(uldiv.o)
    0x00001dfe   0x0000001e   Code   RO          462    .text               mc_w.l(llshl.o)
    0x00001e1c   0x00000020   Code   RO          464    .text               mc_w.l(llushr.o)
    0x00001e3c   0x00000024   Code   RO          466    .text               mc_w.l(llsshr.o)
    0x00001e60   0x0000009c   Code   RO          477    .text               mc_w.l(strtod.o)
    0x00001efc   0x00000070   Code   RO          479    .text               mc_w.l(strtol.o)
    0x00001f6c   0x00000000   Code   RO          481    .text               mc_w.l(iusefp.o)
    0x00001f6c   0x000000be   Code   RO          482    .text               mf_w.l(depilogue.o)
    0x0000202a   0x0000002e   Code   RO          484    .text               mf_w.l(dscalb.o)
    0x00002058   0x000000a2   Code   RO          486    .text               mf_w.l(dsqrt.o)
    0x000020fa   0x00000030   Code   RO          488    .text               mf_w.l(dfixul.o)
    0x0000212a   0x00000002   PAD
    0x0000212c   0x00000024   Code   RO          490    .text               mc_w.l(init.o)
    0x00002150   0x00000008   Code   RO          495    .text               mc_w.l(ctype_o.o)
    0x00002158   0x00000012   Code   RO          517    .text               mc_w.l(isspace_o.o)
    0x0000216a   0x00000002   PAD
    0x0000216c   0x0000033c   Code   RO          523    .text               mc_w.l(scanf_fp.o)
    0x000024a8   0x00000040   Code   RO          527    .text               mc_w.l(_sgetc.o)
    0x000024e8   0x0000009e   Code   RO          529    .text               mc_w.l(_strtoul.o)
    0x00002586   0x0000001a   Code   RO          532    .text               mf_w.l(dfltui.o)
    0x000025a0   0x0000001c   Code   RO          537    .text               mc_w.l(_chval.o)
    0x000025bc   0x00000018   Code   RO          539    .text               mf_w.l(dfltul.o)
    0x000025d4   0x00000038   Code   RO          541    .text               mf_w.l(d2f.o)
    0x0000260c   0x0000006c   Code   RO          543    .text               mf_w.l(fepilogue.o)
    0x00002678   0x00000028   Code   RO          349    i.__0snprintf       mc_w.l(printfa.o)
    0x000026a0   0x00000028   Code   RO          350    i.__0sprintf        mc_w.l(printfa.o)
    0x000026c8   0x00000028   Code   RO          425    i.__ARM_fpclassify  m_ws.l(fpclassify.o)
    0x000026f0   0x00000008   Code   RO          470    i.__aeabi_errno_addr  mc_w.l(errno.o)
    0x000026f8   0x00000388   Code   RO          430    i.__ieee754_rem_pio2  m_ws.l(rred.o)
    0x00002a80   0x000000fc   Code   RO          420    i.__kernel_cos      m_ws.l(cos_i.o)
    0x00002b7c   0x000000aa   Code   RO          427    i.__kernel_poly     m_ws.l(poly.o)
    0x00002c26   0x00000002   PAD
    0x00002c28   0x000000ec   Code   RO          435    i.__kernel_sin      m_ws.l(sin_i.o)
    0x00002d14   0x00000010   Code   RO          423    i.__mathlib_dbl_underflow  m_ws.l(dunder.o)
    0x00002d24   0x0000000c   Code   RO          471    i.__read_errno      mc_w.l(errno.o)
    0x00002d30   0x0000000e   Code   RO          547    i.__scatterload_copy  mc_w.l(handlers.o)
    0x00002d3e   0x00000002   Code   RO          548    i.__scatterload_null  mc_w.l(handlers.o)
    0x00002d40   0x0000000e   Code   RO          549    i.__scatterload_zeroinit  mc_w.l(handlers.o)
    0x00002d4e   0x00000002   PAD
    0x00002d50   0x0000000c   Code   RO          472    i.__set_errno       mc_w.l(errno.o)
    0x00002d5c   0x0000015c   Code   RO          355    i._fp_digits        mc_w.l(printfa.o)
    0x00002eb8   0x0000000e   Code   RO          525    i._is_digit         mc_w.l(scanf_fp.o)
    0x00002ec6   0x00000002   PAD
    0x00002ec8   0x000006f0   Code   RO          356    i._printf_core      mc_w.l(printfa.o)
    0x000035b8   0x00000026   Code   RO          357    i._printf_post_padding  mc_w.l(printfa.o)
    0x000035de   0x00000030   Code   RO          358    i._printf_pre_padding  mc_w.l(printfa.o)
    0x0000360e   0x00000016   Code   RO          359    i._snputc           mc_w.l(printfa.o)
    0x00003624   0x0000000a   Code   RO          360    i._sputc            mc_w.l(printfa.o)
    0x0000362e   0x00000002   PAD
    0x00003630   0x0000027c   Code   RO           49    i.asin              m_ws.l(asin.o)
    0x000038ac   0x0000002a   Code   RO           59    i.atof              m_ws.l(atof.o)
    0x000038d6   0x00000002   PAD
    0x000038d8   0x000000ac   Code   RO           63    i.cos               m_ws.l(cos.o)
    0x00003984   0x0000006c   Code   RO          377    i.malloc            mc_w.l(malloc.o)
    0x000039f0   0x000009e0   Code   RO           71    i.pow               m_ws.l(pow.o)
    0x000043d0   0x000000b0   Code   RO           81    i.sin               m_ws.l(sin.o)
    0x00004480   0x0000004c   Code   RO           89    i.sqrt              m_ws.l(sqrt.o)
    0x000044cc   0x00000070   Data   RO           12    .constdata          main.o
    0x0000453c   0x00000004   PAD
    0x00004540   0x00000050   Data   RO           50    .constdata          m_ws.l(asin.o)
    0x00004590   0x00000088   Data   RO           72    .constdata          m_ws.l(pow.o)
    0x00004618   0x00000030   Data   RO          421    .constdata          m_ws.l(cos_i.o)
    0x00004648   0x00000008   Data   RO          429    .constdata          m_ws.l(qnan.o)
    0x00004650   0x000000c8   Data   RO          432    .constdata          m_ws.l(rred.o)
    0x00004718   0x00000028   Data   RO          436    .constdata          m_ws.l(sin_i.o)
    0x00004740   0x00000081   Data   RO          496    .constdata          mc_w.l(ctype_o.o)
    0x000047c1   0x00000003   PAD
    0x000047c4   0x00000004   Data   RO          497    .constdata          mc_w.l(ctype_o.o)
    0x000047c8   0x00000020   Data   RO          545    Region$$Table       anon$$obj.o


    Execution Region ER_RW (Base: 0x20000000, Size: 0x000000dc, Max: 0xffffffff, ABSOLUTE)

    Base Addr    Size         Type   Attr      Idx    E Section Name        Object

    0x20000000   0x000000d0   Data   RW           13    .data               main.o
    0x200000d0   0x00000004   Data   RW          468    .data               mc_w.l(mvars.o)
    0x200000d4   0x00000004   Data   RW          469    .data               mc_w.l(mvars.o)
    0x200000d8   0x00000004   Data   RW          473    .data               mc_w.l(errno.o)


    Execution Region ER_ZI (Base: 0x200000dc, Size: 0x000012cc, Max: 0xffffffff, ABSOLUTE)

    Base Addr    Size         Type   Attr      Idx    E Section Name        Object

    0x200000dc   0x00000004   PAD
    0x200000e0   0x000010c8   Zero   RW           11    .bss                main.o
    0x200011a8   0x00000000   Zero   RW            2    HEAP                startup_tm4c123.o
    0x200011a8   0x00000200   Zero   RW            1    STACK               startup_tm4c123.o


==============================================================================

Image component sizes


      Code (inc. data)   RO Data    RW Data    ZI Data      Debug   Object Name

      5484        872        112        208       4296      18629   main.o
       244          6        620          0        512       5344   startup_tm4c123.o

    ----------------------------------------------------------------------
      5728        878        768        208       4808      23973   Object Totals
         0          0         32          0          0          0   (incl. Generated)
         0          0          4          0          0          0   (incl. Padding)

    ----------------------------------------------------------------------

      Code (inc. data)   RO Data    RW Data    ZI Data      Debug   Library Member Name

       636         52         80          0          0        168   asin.o
        42          0          0          0          0         84   atof.o
       172          8          0          0          0        112   cos.o
       252         22         48          0          0        124   cos_i.o
        16          6          0          0          0         68   dunder.o
        40          0          0          0          0         68   fpclassify.o
       170          0          0          0          0         96   poly.o
      2528        190        136          0          0        332   pow.o
         0          0          8          0          0          0   qnan.o
       904         72        200          0          0        140   rred.o
       176         10          0          0          0        116   sin.o
       236         12         40          0          0        128   sin_i.o
        76          0          0          0          0         84   sqrt.o
        28          0          0          0          0         68   _chval.o
        64          0          0          0          0         84   _sgetc.o
       158          0          0          0          0         92   _strtoul.o
        26          0          0          0          0         80   atoi.o
         8          4        133          0          0         68   ctype_o.o
         0          0          0          0          0          0   entry.o
         0          0          0          0          0          0   entry10a.o
         0          0          0          0          0          0   entry11a.o
         8          4          0          0          0          0   entry2.o
         4          0          0          0          0          0   entry5.o
         0          0          0          0          0          0   entry7b.o
         0          0          0          0          0          0   entry8b.o
         8          4          0          0          0          0   entry9a.o
        32         16          0          4          0        204   errno.o
        30          0          0          0          0          0   handlers.o
        36          8          0          0          0         68   init.o
        18          0          0          0          0         76   isspace_o.o
         0          0          0          0          0          0   iusefp.o
        30          0          0          0          0         68   llshl.o
        36          0          0          0          0         68   llsshr.o
        32          0          0          0          0         68   llushr.o
       108         16          0          0          0         84   malloc.o
        36          0          0          0          0         68   memcpya.o
        36          0          0          0          0        108   memseta.o
         0          0          0          8          0          0   mvars.o
      2322         90          0          0          0        664   printfa.o
       842         12          0          0          0        216   scanf_fp.o
        24          0          0          0          0         68   strcat.o
        28          0          0          0          0         76   strcmp.o
        18          0          0          0          0         68   strcpy.o
        14          0          0          0          0         68   strlen.o
        24          0          0          0          0         76   strncpy.o
       156         14          0          0          0        120   strtod.o
       112          0          0          0          0         88   strtol.o
        44          0          0          0          0         80   uidiv.o
        98          0          0          0          0         92   uldiv.o
        40          2          0          0          0         68   cdcmple.o
        40          2          0          0          0         68   cdrcmple.o
        56          0          0          0          0         88   d2f.o
       334          0          0          0          0        148   dadd.o
       222          0          0          0          0        100   ddiv.o
       190          0          0          0          0        176   depilogue.o
        62          0          0          0          0         80   dfixi.o
        48          0          0          0          0         68   dfixul.o
        34          0          0          0          0         76   dflti.o
        26          0          0          0          0         76   dfltui.o
        24          0          0          0          0         76   dfltul.o
       228          0          0          0          0         96   dmul.o
        46          0          0          0          0         80   dscalb.o
       162          0          0          0          0        100   dsqrt.o
       108          0          0          0          0        168   fepilogue.o

    ----------------------------------------------------------------------
     11264        544        648         12          4       5808   Library Totals
        16          0          3          0          4          0   (incl. Padding)

    ----------------------------------------------------------------------

      Code (inc. data)   RO Data    RW Data    ZI Data      Debug   Library Name

      5248        372        512          0          0       1520   m_ws.l
      4380        168        133         12          0       2820   mc_w.l
      1620          4          0          0          0       1468   mf_w.l

    ----------------------------------------------------------------------
     11264        544        648         12          4       5808   Library Totals

    ----------------------------------------------------------------------

==============================================================================


      Code (inc. data)   RO Data    RW Data    ZI Data      Debug   

     16992       1422       1416        220       4812      26661   Grand Totals
     16992       1422       1416        220       4812      26661   ELF Image Totals
     16992       1422       1416        220          0          0   ROM Totals

==============================================================================

    Total RO  Size (Code + RO Data)                18408 (  17.98kB)
    Total RW  Size (RW Data + ZI Data)              5032 (   4.91kB)
    Total ROM Size (Code + RO Data + RW Data)      18628 (  18.19kB)

==============================================================================

