<html>
<body>
<pre>
<h1>µVision Build Log</h1>
<h2>Project:</h2>
D:\College\Communication\2nd Term\Embbedd\Github Project\Keil4 Version\gps.uvproj
Project File Date:  06/13/2021

<h2>Output:</h2>
Rebuild target 'Target 1'
assembling startup_TM4C123.s...
compiling main.c...
main.c(170): warning:  #177-D: variable "counter" was declared but never referenced
        int counter,i =0;
main.c(170): warning:  #177-D: variable "i" was declared but never referenced
        int counter,i =0;
main.c(827): warning:  #550-D: variable "rmc_utc_time" was set but never used
        int rmc_utc_time,gll_utc_time,gga_utc_time;
main.c(827): warning:  #177-D: variable "gll_utc_time" was declared but never referenced
        int rmc_utc_time,gll_utc_time,gga_utc_time;
main.c(827): warning:  #177-D: variable "gga_utc_time" was declared but never referenced
        int rmc_utc_time,gll_utc_time,gga_utc_time;
main.c(916): warning:  #177-D: variable "min" was declared but never referenced
                int min,max,i;
main.c(916): warning:  #177-D: variable "max" was declared but never referenced
                int min,max,i;
main.c(963): warning:  #1-D: last line of file ends without a newline
  }
main.c: 8 warnings, 0 errors
linking...
Program Size: Code=16992 RO-data=1416 RW-data=220 ZI-data=4812  
".\gps.axf" - 0 Error(s), 8 Warning(s).
Load "D:\\College\\Communication\\2nd Term\\Embbedd\\Github Project\\Keil4 Version\\gps.axf" 
Connecting: Mode=JTAG, Speed=1000000Hz
Erase Done.
Programming Done.
Verify OK.
