ARM Linker, 5.03 [Build 76] [MDK-ARM Lite]

==============================================================================

Section Cross References

    startup_tm4c123.o(STACK) refers (Special) to heapauxi.o(.text) for __use_two_region_memory
    startup_tm4c123.o(HEAP) refers (Special) to heapauxi.o(.text) for __use_two_region_memory
    startup_tm4c123.o(RESET) refers (Special) to heapauxi.o(.text) for __use_two_region_memory
    startup_tm4c123.o(RESET) refers to startup_tm4c123.o(STACK) for __initial_sp
    startup_tm4c123.o(RESET) refers to startup_tm4c123.o(.text) for Reset_Handler
    startup_tm4c123.o(.text) refers (Special) to heapauxi.o(.text) for __use_two_region_memory
    startup_tm4c123.o(.text) refers to __main.o(!!!main) for __main
    startup_tm4c123.o(.text) refers to startup_tm4c123.o(HEAP) for Heap_Mem
    startup_tm4c123.o(.text) refers to startup_tm4c123.o(STACK) for Stack_Mem
    main.o(.text) refers to _printf_percent.o(.ARM.Collect$$_printf_percent$$00000000) for _printf_percent
    main.o(.text) refers to _printf_d.o(.ARM.Collect$$_printf_percent$$00000009) for _printf_d
    main.o(.text) refers to _printf_dec.o(.text) for _printf_int_dec
    main.o(.text) refers to _printf_f.o(.ARM.Collect$$_printf_percent$$00000003) for _printf_f
    main.o(.text) refers to printf1.o(x$fpl$printf1) for _printf_fp_dec
    main.o(.text) refers to strcpy.o(.text) for strcpy
    main.o(.text) refers to strcat.o(.text) for strcat
    main.o(.text) refers to dmul.o(x$fpl$dmul) for __aeabi_dmul
    main.o(.text) refers to ddiv.o(x$fpl$ddiv) for __aeabi_ddiv
    main.o(.text) refers to daddsub_clz.o(x$fpl$drsb) for __aeabi_drsub
    main.o(.text) refers to daddsub_clz.o(x$fpl$dsub) for __aeabi_dsub
    main.o(.text) refers to sin.o(i.__hardfp_sin) for __hardfp_sin
    main.o(.text) refers to pow.o(i.__hardfp_pow) for __hardfp_pow
    main.o(.text) refers to cos.o(i.__hardfp_cos) for __hardfp_cos
    main.o(.text) refers to daddsub_clz.o(x$fpl$dadd) for __aeabi_dadd
    main.o(.text) refers to sqrt.o(i.__hardfp_sqrt) for __hardfp_sqrt
    main.o(.text) refers to asin.o(i.__hardfp_asin) for __hardfp_asin
    main.o(.text) refers to dleqf.o(x$fpl$dleqf) for __aeabi_cdcmple
    main.o(.text) refers to main.o(.data) for url
    main.o(.text) refers to dfix.o(x$fpl$dfix) for __aeabi_d2iz
    main.o(.text) refers to drleqf.o(x$fpl$drleqf) for __aeabi_cdrcmple
    main.o(.text) refers to dflt_clz.o(x$fpl$dflt) for __aeabi_i2d
    main.o(.text) refers to deqf.o(x$fpl$deqf) for __aeabi_cdcmpeq
    main.o(.text) refers to fabs.o(i.__hardfp_fabs) for __hardfp_fabs
    main.o(.text) refers to strncpy.o(.text) for strncpy
    main.o(.text) refers to atof.o(i.__hardfp_atof) for __hardfp_atof
    main.o(.text) refers to strcmpv7m.o(.text) for strcmp
    main.o(.text) refers to atoi.o(.text) for atoi
    main.o(.text) refers to rt_memclr_w.o(.text) for __aeabi_memclr4
    main.o(.text) refers to rt_memcpy_w.o(.text) for __aeabi_memcpy4
    main.o(.text) refers to strlen.o(.text) for strlen
    main.o(.text) refers to main.o(.bss) for RMC_data_parsed
    main.o(.text) refers to main.o(.constdata) for .constdata
    main.o(.text) refers to noretval__2sprintf.o(.text) for __2sprintf
    main.o(.text) refers to noretval__2snprintf.o(.text) for __2snprintf
    main.o(.text) refers to h1_alloc.o(.text) for malloc
    malloc.o(.text) refers (Special) to hguard.o(.text) for __heap$guard
    malloc.o(.text) refers (Special) to init_alloc.o(.text) for _init_alloc
    malloc.o(.text) refers to rt_heap_descriptor_intlibspace.o(.text) for __rt_heap_descriptor
    malloc.o(.text) refers to heapstubs.o(.text) for __Heap_Alloc
    h1_alloc.o(.text) refers (Special) to h1_init.o(.text) for __Heap_Initialize
    h1_alloc.o(.text) refers to rt_heap_descriptor_intlibspace.o(.text) for __rt_heap_descriptor
    h1_alloc.o(.text) refers to init_alloc.o(.text) for __Heap_Full
    h1_alloc_mt.o(.text) refers (Special) to h1_init.o(.text) for __Heap_Initialize
    h1_alloc_mt.o(.text) refers to init_alloc.o(.text) for __Heap_Full
    h1_alloc_mt.o(.text) refers to rt_heap_descriptor_intlibspace.o(.text) for __rt_heap_descriptor
    heap2.o(i._FDIterate) refers to heap2.o(.constdata) for .constdata
    heap2.o(i.___Heap_ProvideMemory$realtime) refers to fdtree.o(i._FDTree_Delete) for _FDTree_Delete
    heap2.o(i.___Heap_ProvideMemory$realtime) refers to fdtree.o(i._FDTree_Insert) for _FDTree_Insert
    heap2.o(i.___Heap_Stats$realtime) refers to heap2.o(i._Heap2_StatsIterate) for _Heap2_StatsIterate
    heap2.o(i.___Heap_Valid$realtime) refers to heap2.o(i._FDIterate) for _FDIterate
    heap2.o(i.___Heap_Valid$realtime) refers to heap2.o(.constdata) for .constdata
    heap2.o(i._free$realtime) refers to rt_heap_descriptor_intlibspace.o(.text) for __rt_heap_descriptor
    heap2.o(i._free$realtime) refers to fdtree.o(i._FDTree_Delete) for _FDTree_Delete
    heap2.o(i._free$realtime) refers to fdtree.o(i._FDTree_Insert) for _FDTree_Insert
[...]
    .text                                    0x00002a6a   Section        0  isspace.o(.text)
    .text                                    0x00002a7c   Section        0  _printf_fp_infnan.o(.text)
    .text                                    0x00002afc   Section        0  _sgetc.o(.text)
    .text                                    0x00002b3c   Section        0  _strtoul.o(.text)
    .text                                    0x00002bdc   Section        0  bigflt0.o(.text)
    .text                                    0x00002cc0   Section        0  defsig_rtmem_outer.o(.text)
    .text                                    0x00002cce   Section        2  use_no_semi.o(.text)
    .text                                    0x00002cd0   Section       74  sys_stackheap_outer.o(.text)
    .text                                    0x00002cd0   Section        0  indicate_semi.o(.text)
    .text                                    0x00002d1a   Section        0  _chval.o(.text)
    .text                                    0x00002d38   Section        0  scanf_fp.o(.text)
    _fp_value                                0x00002d39   Thumb Code   504  scanf_fp.o(.text)
    .text                                    0x000031dc   Section        0  exit.o(.text)
    .text                                    0x000031e8   Section        0  defsig_exit.o(.text)
    .text                                    0x000031f4   Section        0  defsig_rtmem_inner.o(.text)
    .text                                    0x00003244   Section        0  sys_exit.o(.text)
    .text                                    0x00003250   Section        0  defsig_general.o(.text)
    .text                                    0x00003282   Section        0  sys_wrch.o(.text)
    .text                                    0x00003290   Section        0  scanf_hexfp.o(.text)
    .text                                    0x000035a4   Section        0  scanf_infnan.o(.text)
    .text                                    0x000036e0   Section       38  llshl.o(.text)
    CL$$btod_d2e                             0x00003706   Section       62  btod.o(CL$$btod_d2e)
    CL$$btod_d2e_denorm_low                  0x00003744   Section       70  btod.o(CL$$btod_d2e_denorm_low)
    CL$$btod_d2e_norm_op1                    0x0000378a   Section       96  btod.o(CL$$btod_d2e_norm_op1)
    CL$$btod_div_common                      0x000037ea   Section      824  btod.o(CL$$btod_div_common)
    CL$$btod_e2d                             0x00003b24   Section       84  btod.o(CL$$btod_e2d)
    CL$$btod_e2e                             0x00003b78   Section      198  btod.o(CL$$btod_e2e)
    CL$$btod_ediv                            0x00003c3e   Section       40  btod.o(CL$$btod_ediv)
    CL$$btod_edivd                           0x00003c66   Section       40  btod.o(CL$$btod_edivd)
    CL$$btod_emul                            0x00003c8e   Section       40  btod.o(CL$$btod_emul)
    CL$$btod_emuld                           0x00003cb6   Section       40  btod.o(CL$$btod_emuld)
    CL$$btod_mult_common                     0x00003cde   Section      580  btod.o(CL$$btod_mult_common)
    i.__ARM_fpclassify                       0x00003f22   Section        0  fpclassify.o(i.__ARM_fpclassify)
    i.__hardfp_asin                          0x00003f58   Section        0  asin.o(i.__hardfp_asin)
    i.__hardfp_atof                          0x000042c8   Section        0  atof.o(i.__hardfp_atof)
    i.__hardfp_cos                           0x00004300   Section        0  cos.o(i.__hardfp_cos)
    i.__hardfp_fabs                          0x000043d8   Section        0  fabs.o(i.__hardfp_fabs)
    i.__hardfp_ldexp                         0x000043f0   Section        0  ldexp.o(i.__hardfp_ldexp)
    i.__hardfp_pow                           0x000044d8   Section        0  pow.o(i.__hardfp_pow)
    i.__hardfp_sin                           0x00005168   Section        0  sin.o(i.__hardfp_sin)
    i.__hardfp_sqrt                          0x00005240   Section        0  sqrt.o(i.__hardfp_sqrt)
    i.__ieee754_rem_pio2                     0x000052c0   Section        0  rred.o(i.__ieee754_rem_pio2)
    i.__kernel_cos                           0x00005718   Section        0  cos_i.o(i.__kernel_cos)
    i.__kernel_poly                          0x00005888   Section        0  poly.o(i.__kernel_poly)
    i.__kernel_sin                           0x00005980   Section        0  sin_i.o(i.__kernel_sin)
    i.__mathlib_dbl_underflow                0x00005ab0   Section        0  dunder.o(i.__mathlib_dbl_underflow)
    i.__mathlib_narrow                       0x00005ad0   Section        0  narrow.o(i.__mathlib_narrow)
    i.__support_ldexp                        0x00005b88   Section        0  ldexp.o(i.__support_ldexp)
    i._is_digit                              0x00005b9c   Section        0  __printf_wp.o(i._is_digit)
    i.fabs                                   0x00005baa   Section        0  fabs.o(i.fabs)
    i.frexp                                  0x00005bd0   Section        0  frexp.o(i.frexp)
    i.sqrt                                   0x00005c6c   Section        0  sqrt.o(i.sqrt)
    locale$$code                             0x00005cdc   Section       44  lc_numeric_c.o(locale$$code)
    locale$$code                             0x00005d08   Section       44  lc_ctype_c.o(locale$$code)
    x$fpl$basic                              0x00005d34   Section       24  basic.o(x$fpl$basic)
    $v0                                      0x00005d34   Number         0  basic.o(x$fpl$basic)
    x$fpl$d2f                                0x00005d4c   Section       98  d2f.o(x$fpl$d2f)
    $v0                                      0x00005d4c   Number         0  d2f.o(x$fpl$d2f)
    x$fpl$dadd                               0x00005db0   Section      336  daddsub_clz.o(x$fpl$dadd)
    $v0                                      0x00005db0   Number         0  daddsub_clz.o(x$fpl$dadd)
    _dadd1                                   0x00005dc1   Thumb Code     0  daddsub_clz.o(x$fpl$dadd)
    x$fpl$dcheck1                            0x00005f00   Section       16  dcheck1.o(x$fpl$dcheck1)
    $v0                                      0x00005f00   Number         0  dcheck1.o(x$fpl$dcheck1)
    x$fpl$dcmpinf                            0x00005f10   Section       24  dcmpi.o(x$fpl$dcmpinf)
    $v0                                      0x00005f10   Number         0  dcmpi.o(x$fpl$dcmpinf)
    x$fpl$ddiv                               0x00005f28   Section      688  ddiv.o(x$fpl$ddiv)
    $v0                                      0x00005f28   Number         0  ddiv.o(x$fpl$ddiv)
    ddiv_entry                               0x00005f2f   Thumb Code     0  ddiv.o(x$fpl$ddiv)
    x$fpl$deqf                               0x000061d8   Section      120  deqf.o(x$fpl$deqf)
    $v0                                      0x000061d8   Number         0  deqf.o(x$fpl$deqf)
    x$fpl$dfix                               0x00006250   Section       94  dfix.o(x$fpl$dfix)
    $v0                                      0x00006250   Number         0  dfix.o(x$fpl$dfix)
    x$fpl$dflt                               0x000062ae   Section       46  dflt_clz.o(x$fpl$dflt)
    $v0                                      0x000062ae   Number         0  dflt_clz.o(x$fpl$dflt)
    x$fpl$dfltu                              0x000062dc   Section       38  dflt_clz.o(x$fpl$dfltu)
    $v0                                      0x000062dc   Number         0  dflt_clz.o(x$fpl$dfltu)
    x$fpl$dleqf                              0x00006304   Section      120  dleqf.o(x$fpl$dleqf)
    $v0                                      0x00006304   Number         0  dleqf.o(x$fpl$dleqf)
    x$fpl$dmul                               0x0000637c   Section      340  dmul.o(x$fpl$dmul)
    $v0                                      0x0000637c   Number         0  dmul.o(x$fpl$dmul)
    x$fpl$dnaninf                            0x000064d0   Section      156  dnaninf.o(x$fpl$dnaninf)
    $v0                                      0x000064d0   Number         0  dnaninf.o(x$fpl$dnaninf)
    x$fpl$dretinf                            0x0000656c   Section       12  dretinf.o(x$fpl$dretinf)
    $v0                                      0x0000656c   Number         0  dretinf.o(x$fpl$dretinf)
    x$fpl$drleqf                             0x00006578   Section      108  drleqf.o(x$fpl$drleqf)
    $v0                                      0x00006578   Number         0  drleqf.o(x$fpl$drleqf)
    x$fpl$drsb                               0x000065e4   Section       22  daddsub_clz.o(x$fpl$drsb)
    $v0                                      0x000065e4   Number         0  daddsub_clz.o(x$fpl$drsb)
    x$fpl$dsqrt                              0x000065fc   Section      408  dsqrt_umaal.o(x$fpl$dsqrt)
    $v0                                      0x000065fc   Number         0  dsqrt_umaal.o(x$fpl$dsqrt)
    x$fpl$dsub                               0x00006794   Section      468  daddsub_clz.o(x$fpl$dsub)
    $v0                                      0x00006794   Number         0  daddsub_clz.o(x$fpl$dsub)
    _dsub1                                   0x000067a5   Thumb Code     0  daddsub_clz.o(x$fpl$dsub)
    x$fpl$fpinit                             0x00006968   Section       10  fpinit.o(x$fpl$fpinit)
    $v0                                      0x00006968   Number         0  fpinit.o(x$fpl$fpinit)
    x$fpl$fretinf                            0x00006972   Section       10  fretinf.o(x$fpl$fretinf)
    $v0                                      0x00006972   Number         0  fretinf.o(x$fpl$fretinf)
    x$fpl$printf1                            0x0000697c   Section        4  printf1.o(x$fpl$printf1)
    $v0                                      0x0000697c   Number         0  printf1.o(x$fpl$printf1)
    x$fpl$retnan                             0x00006980   Section      100  retnan.o(x$fpl$retnan)
    $v0                                      0x00006980   Number         0  retnan.o(x$fpl$retnan)
    x$fpl$scalbn                             0x000069e4   Section       92  scalbn.o(x$fpl$scalbn)
    $v0                                      0x000069e4   Number         0  scalbn.o(x$fpl$scalbn)
    x$fpl$scanf1                             0x00006a40   Section        4  scanf1.o(x$fpl$scanf1)
    $v0                                      0x00006a40   Number         0  scanf1.o(x$fpl$scanf1)
    x$fpl$scanf2                             0x00006a44   Section        8  scanf2.o(x$fpl$scanf2)
    $v0                                      0x00006a44   Number         0  scanf2.o(x$fpl$scanf2)
    x$fpl$trapveneer                         0x00006a4c   Section       48  trapv.o(x$fpl$trapveneer)
    $v0                                      0x00006a4c   Number         0  trapv.o(x$fpl$trapveneer)
    .constdata                               0x00006a7c   Section      112  main.o(.constdata)
    x$fpl$usenofp                            0x00006a7c   Section        0  usenofp.o(x$fpl$usenofp)
    .constdata                               0x00006af0   Section       80  asin.o(.constdata)
    pS                                       0x00006af0   Data          48  asin.o(.constdata)
    qS                                       0x00006b20   Data          32  asin.o(.constdata)
    .constdata                               0x00006b40   Section      136  pow.o(.constdata)
    bp                                       0x00006b40   Data          16  pow.o(.constdata)
    dp_h                                     0x00006b50   Data          16  pow.o(.constdata)
    dp_l                                     0x00006b60   Data          16  pow.o(.constdata)
    L                                        0x00006b70   Data          48  pow.o(.constdata)
    P                                        0x00006ba0   Data          40  pow.o(.constdata)
    .constdata                               0x00006bc8   Section       48  cos_i.o(.constdata)
    C                                        0x00006bc8   Data          48  cos_i.o(.constdata)
    .constdata                               0x00006bf8   Section        8  qnan.o(.constdata)
    .constdata                               0x00006c00   Section      200  rred.o(.constdata)
    pio2s                                    0x00006c00   Data          48  rred.o(.constdata)
    twooverpi                                0x00006c30   Data         152  rred.o(.constdata)
    .constdata                               0x00006cc8   Section       40  sin_i.o(.constdata)
    S                                        0x00006cc8   Data          40  sin_i.o(.constdata)
    .constdata                               0x00006cf0   Section      148  bigflt0.o(.constdata)
    tenpwrs_x                                0x00006cf0   Data          60  bigflt0.o(.constdata)
    tenpwrs_i                                0x00006d2c   Data          64  bigflt0.o(.constdata)
    c$$dinf                                  0x00006da4   Section        8  fpconst.o(c$$dinf)
    locale$$data                             0x00006dac   Section       28  lc_numeric_c.o(locale$$data)
    __lcnum_c_name                           0x00006db0   Data           2  lc_numeric_c.o(locale$$data)
    __lcnum_c_start                          0x00006db8   Data           0  lc_numeric_c.o(locale$$data)
    __lcnum_c_point                          0x00006dc4   Data           0  lc_numeric_c.o(locale$$data)
    __lcnum_c_thousands                      0x00006dc6   Data           0  lc_numeric_c.o(locale$$data)
    __lcnum_c_grouping                       0x00006dc7   Data           0  lc_numeric_c.o(locale$$data)
    locale$$data                             0x00006dc8   Section      272  lc_ctype_c.o(locale$$data)
    __lcnum_c_end                            0x00006dc8   Data           0  lc_numeric_c.o(locale$$data)
    __lcctype_c_name                         0x00006dcc   Data           2  lc_ctype_c.o(locale$$data)
    __lcctype_c_start                        0x00006dd4   Data           0  lc_ctype_c.o(locale$$data)
    __lcctype_c_end                          0x00006ed8   Data           0  lc_ctype_c.o(locale$$data)
    .data                                    0x20000000   Section      208  main.o(.data)
    .bss                                     0x200000d0   Section     4296  main.o(.bss)
    .bss                                     0x20001198   Section       96  libspace.o(.bss)
    HEAP                                     0x200011f8   Section        0  startup_tm4c123.o(HEAP)
    STACK                                    0x200011f8   Section      512  startup_tm4c123.o(STACK)
    Heap_Mem                                 0x200011f8   Data           0  startup_tm4c123.o(HEAP)
    Stack_Mem                                0x200011f8   Data         512  startup_tm4c123.o(STACK)
    __initial_sp                             0x200013f8   Data           0  startup_tm4c123.o(STACK)

    Global Symbols

    Symbol Name                              Value     Ov Type        Size  Object(Section)

    BuildAttributes$$THM_ISAv4$E$P$D$K$B$S$7EM$VFPi3$EXTD16$VFPS$VFMA$PE$A:L22UL41UL21$X:L11$S22US41US21$IEEE1$IW$USESV6$~STKCKD$USESV7$~SHL$OTIME$ROPI$IEEEX$EBA8$UX$STANDARDLIB$REQ8$PRES8$EABIv2 0x00000000   Number         0  anon$$obj.o ABSOLUTE
    __ARM_use_no_argv                        0x00000000   Number         0  main.o ABSOLUTE
    __Vectors                                0x00000000   Data           4  startup_tm4c123.o(RESET)
    _printf_flags                            0x00000000   Number         0  printf_stubs.o ABSOLUTE
    _printf_return_value                     0x00000000   Number         0  printf_stubs.o ABSOLUTE
    _printf_sizespec                         0x00000000   Number         0  printf_stubs.o ABSOLUTE
    _printf_widthprec                        0x00000000   Number         0  printf_stubs.o ABSOLUTE
    __ARM_exceptions_init                     - Undefined Weak Reference
    __alloca_initialize                       - Undefined Weak Reference
    __cpp_initialize__aeabi_                  - Undefined Weak Reference
    __cxa_finalize                            - Undefined Weak Reference
    __sigvec_lookup                           - Undefined Weak Reference
    __user_heap_extent                        - Undefined Weak Reference
    _atexit_init                              - Undefined Weak Reference
    _call_atexit_fns                          - Undefined Weak Reference
    _clock_init                               - Undefined Weak Reference
    _fp_trap_init                             - Undefined Weak Reference
    _fp_trap_shutdown                         - Undefined Weak Reference
    _get_lc_collate                           - Undefined Weak Reference
    _get_lc_monetary                          - Undefined Weak Reference
    _get_lc_time                              - Undefined Weak Reference
    _getenv_init                              - Undefined Weak Reference
    _handle_redirection                       - Undefined Weak Reference
    _initio                                   - Undefined Weak Reference
    _mutex_acquire                            - Undefined Weak Reference
    _mutex_free                               - Undefined Weak Reference
    _mutex_release                            - Undefined Weak Reference
    _printf_post_padding                      - Undefined Weak Reference
    _printf_pre_padding                       - Undefined Weak Reference
    _printf_truncate_signed                   - Undefined Weak Reference
    _printf_truncate_unsigned                 - Undefined Weak Reference
    _rand_init                                - Undefined Weak Reference
    _signal_finish                            - Undefined Weak Reference
    _signal_init                              - Undefined Weak Reference
    _terminateio                              - Undefined Weak Reference
    __Vectors_End                            0x0000026c   Data           0  startup_tm4c123.o(RESET)
    __Vectors_Size                           0x0000026c   Number         0  startup_tm4c123.o ABSOLUTE
    __main                                   0x0000026d   Thumb Code     8  __main.o(!!!main)
    __scatterload                            0x00000275   Thumb Code     0  __scatter.o(!!!scatter)
    __scatterload_rt2                        0x00000275   Thumb Code    44  __scatter.o(!!!scatter)
    __scatterload_rt2_thumb_only             0x00000275   Thumb Code     0  __scatter.o(!!!scatter)
    __scatterload_null                       0x00000283   Thumb Code     0  __scatter.o(!!!scatter)
    __scatterload_copy                       0x000002a9   Thumb Code    26  __scatter_copy.o(!!handler_copy)
    __scatterload_zeroinit                   0x000002c5   Thumb Code    28  __scatter_zi.o(!!handler_zi)
    _printf_f                                0x000002e1   Thumb Code     0  _printf_f.o(.ARM.Collect$$_printf_percent$$00000003)
    _printf_percent                          0x000002e1   Thumb Code     0  _printf_percent.o(.ARM.Collect$$_printf_percent$$00000000)
    _printf_d                                0x000002e7   Thumb Code     0  _printf_d.o(.ARM.Collect$$_printf_percent$$00000009)
    _printf_percent_end                      0x000002ed   Thumb Code     0  _printf_percent_end.o(.ARM.Collect$$_printf_percent$$00000017)
    __rt_lib_init                            0x000002f1   Thumb Code     0  libinit.o(.ARM.Collect$$libinit$$00000000)
    __rt_lib_init_fp_1                       0x000002f3   Thumb Code     0  libinit2.o(.ARM.Collect$$libinit$$00000001)
    __rt_lib_init_heap_2                     0x000002f7   Thumb Code     0  libinit2.o(.ARM.Collect$$libinit$$00000003)
    __rt_lib_init_heap_1                     0x000002ff   Thumb Code     0  libinit2.o(.ARM.Collect$$libinit$$00000008)
    __rt_lib_init_lc_common                  0x000002ff   Thumb Code     0  libinit2.o(.ARM.Collect$$libinit$$0000000D)
    __rt_lib_init_rand_1                     0x000002ff   Thumb Code     0  libinit2.o(.ARM.Collect$$libinit$$0000000C)
    __rt_lib_init_user_alloc_1               0x000002ff   Thumb Code     0  libinit2.o(.ARM.Collect$$libinit$$0000000A)
    __rt_lib_init_lc_collate_1               0x00000305   Thumb Code     0  libinit2.o(.ARM.Collect$$libinit$$0000000F)
    __rt_lib_init_lc_ctype_2                 0x00000305   Thumb Code     0  libinit2.o(.ARM.Collect$$libinit$$00000010)
    __rt_lib_init_lc_ctype_1                 0x00000311   Thumb Code     0  libinit2.o(.ARM.Collect$$libinit$$00000011)
    __rt_lib_init_lc_monetary_1              0x00000311   Thumb Code     0  libinit2.o(.ARM.Collect$$libinit$$00000013)
    __rt_lib_init_lc_numeric_2               0x00000311   Thumb Code     0  libinit2.o(.ARM.Collect$$libinit$$00000014)
    __rt_lib_init_alloca_1                   0x0000031b   Thumb Code     0  libinit2.o(.ARM.Collect$$libinit$$0000002C)
    __rt_lib_init_argv_1                     0x0000031b   Thumb Code     0  libinit2.o(.ARM.Collect$$libinit$$0000002A)
    __rt_lib_init_atexit_1                   0x0000031b   Thumb Code     0  libinit2.o(.ARM.Collect$$libinit$$00000019)
    __rt_lib_init_clock_1                    0x0000031b   Thumb Code     0  libinit2.o(.ARM.Collect$$libinit$$0000001F)
    __rt_lib_init_cpp_1                      0x0000031b   Thumb Code     0  libinit2.o(.ARM.Collect$$libinit$$00000030)
    __rt_lib_init_exceptions_1               0x0000031b   Thumb Code     0  libinit2.o(.ARM.Collect$$libinit$$0000002E)
    __rt_lib_init_fp_trap_1                  0x0000031b   Thumb Code     0  libinit2.o(.ARM.Collect$$libinit$$0000001D)
    __rt_lib_init_getenv_1                   0x0000031b   Thumb Code     0  libinit2.o(.ARM.Collect$$libinit$$00000021)
    __rt_lib_init_lc_numeric_1               0x0000031b   Thumb Code     0  libinit2.o(.ARM.Collect$$libinit$$00000015)
    __rt_lib_init_lc_time_1                  0x0000031b   Thumb Code     0  libinit2.o(.ARM.Collect$$libinit$$00000017)
    __rt_lib_init_return                     0x0000031b   Thumb Code     0  libinit2.o(.ARM.Collect$$libinit$$00000031)
    __rt_lib_init_signal_1                   0x0000031b   Thumb Code     0  libinit2.o(.ARM.Collect$$libinit$$0000001B)
    __rt_lib_init_stdio_1                    0x0000031b   Thumb Code     0  libinit2.o(.ARM.Collect$$libinit$$00000023)
    __rt_lib_shutdown                        0x0000031d   Thumb Code     0  libshutdown.o(.ARM.Collect$$libshutdown$$00000000)
    __rt_lib_shutdown_fp_trap_1              0x0000031f   Thumb Code     0  libshutdown2.o(.ARM.Collect$$libshutdown$$00000006)
    __rt_lib_shutdown_heap_1                 0x0000031f   Thumb Code     0  libshutdown2.o(.ARM.Collect$$libshutdown$$0000000E)
    __rt_lib_shutdown_return                 0x0000031f   Thumb Code     0  libshutdown2.o(.ARM.Collect$$libshutdown$$0000000F)
    __rt_lib_shutdown_signal_1               0x0000031f   Thumb Code     0  libshutdown2.o(.ARM.Collect$$libshutdown$$00000009)
    __rt_lib_shutdown_stdio_1                0x0000031f   Thumb Code     0  libshutdown2.o(.ARM.Collect$$libshutdown$$00000003)
    __rt_lib_shutdown_user_alloc_1           0x0000031f   Thumb Code     0  libshutdown2.o(.ARM.Collect$$libshutdown$$0000000B)
    __rt_entry                               0x00000321   Thumb Code     0  rtentry.o(.ARM.Collect$$rtentry$$00000000)
    __rt_entry_presh_1                       0x00000321   Thumb Code     0  rtentry2.o(.ARM.Collect$$rtentry$$00000002)
    __rt_entry_sh                            0x00000321   Thumb Code     0  rtentry4.o(.ARM.Collect$$rtentry$$00000004)
    __rt_entry_li                            0x00000327   Thumb Code     0  rtentry2.o(.ARM.Collect$$rtentry$$0000000A)
    __rt_entry_postsh_1                      0x00000327   Thumb Code     0  rtentry2.o(.ARM.Collect$$rtentry$$00000009)
    __rt_entry_main                          0x0000032b   Thumb Code     0  rtentry2.o(.ARM.Collect$$rtentry$$0000000D)
    __rt_entry_postli_1                      0x0000032b   Thumb Code     0  rtentry2.o(.ARM.Collect$$rtentry$$0000000C)
    __rt_exit                                0x00000333   Thumb Code     0  rtexit.o(.ARM.Collect$$rtexit$$00000000)
    __rt_exit_ls                             0x00000335   Thumb Code     0  rtexit2.o(.ARM.Collect$$rtexit$$00000003)
    __rt_exit_prels_1                        0x00000335   Thumb Code     0  rtexit2.o(.ARM.Collect$$rtexit$$00000002)
    __rt_exit_exit                           0x00000339   Thumb Code     0  rtexit2.o(.ARM.Collect$$rtexit$$00000004)
    Reset_Handler                            0x00000341   Thumb Code     4  startup_tm4c123.o(.text)
    _maybe_terminate_alloc                   0x00000341   Thumb Code     0  maybetermalloc1.o(.emb_text)
    NMI_Handler                              0x00000345   Thumb Code     2  startup_tm4c123.o(.text)
    HardFault_Handler                        0x00000347   Thumb Code     2  startup_tm4c123.o(.text)
    MemManage_Handler                        0x00000349   Thumb Code     2  startup_tm4c123.o(.text)
    BusFault_Handler                         0x0000034b   Thumb Code     2  startup_tm4c123.o(.text)
    UsageFault_Handler                       0x0000034d   Thumb Code     2  startup_tm4c123.o(.text)
    SVC_Handler                              0x0000034f   Thumb Code     2  startup_tm4c123.o(.text)
    DebugMon_Handler                         0x00000351   Thumb Code     2  startup_tm4c123.o(.text)
    PendSV_Handler                           0x00000353   Thumb Code     2  startup_tm4c123.o(.text)
    SysTick_Handler                          0x00000355   Thumb Code     2  startup_tm4c123.o(.text)
    GPIOA_Handler                            0x00000357   Thumb Code     2  startup_tm4c123.o(.text)
    GPIOB_Handler                            0x00000359   Thumb Code     2  startup_tm4c123.o(.text)
    GPIOC_Handler                            0x0000035b   Thumb Code     2  startup_tm4c123.o(.text)
    GPIOD_Handler                            0x0000035d   Thumb Code     2  startup_tm4c123.o(.text)
    GPIOE_Handler                            0x0000035f   Thumb Code     2  startup_tm4c123.o(.text)
    UART0_Handler                            0x00000361   Thumb Code     2  startup_tm4c123.o(.text)
    UART1_Handler                            0x00000363   Thumb Code     2  startup_tm4c123.o(.text)
    SSI0_Handler                             0x00000365   Thumb Code     2  startup_tm4c123.o(.text)
    I2C0_Handler                             0x00000367   Thumb Code     2  startup_tm4c123.o(.text)
    PMW0_FAULT_Handler                       0x00000369   Thumb Code     2  startup_tm4c123.o(.text)
    PWM0_0_Handler                           0x0000036b   Thumb Code     2  startup_tm4c123.o(.text)
    PWM0_1_Handler                           0x0000036d   Thumb Code     2  startup_tm4c123.o(.text)
    PWM0_2_Handler                           0x0000036f   Thumb Code     2  startup_tm4c123.o(.text)
    QEI0_Handler                             0x00000371   Thumb Code     2  startup_tm4c123.o(.text)
    ADC0SS0_Handler                          0x00000373   Thumb Code     2  startup_tm4c123.o(.text)
    ADC0SS1_Handler                          0x00000375   Thumb Code     2  startup_tm4c123.o(.text)
    ADC0SS2_Handler                          0x00000377   Thumb Code     2  startup_tm4c123.o(.text)
    ADC0SS3_Handler                          0x00000379   Thumb Code     2  startup_tm4c123.o(.text)
    WDT0_Handler                             0x0000037b   Thumb Code     2  startup_tm4c123.o(.text)
    TIMER0A_Handler                          0x0000037d   Thumb Code     2  startup_tm4c123.o(.text)
    TIMER0B_Handler                          0x0000037f   Thumb Code     2  startup_tm4c123.o(.text)
    TIMER1A_Handler                          0x00000381   Thumb Code     2  startup_tm4c123.o(.text)
    TIMER1B_Handler                          0x00000383   Thumb Code     2  startup_tm4c123.o(.text)
    TIMER2A_Handler                          0x00000385   Thumb Code     2  startup_tm4c123.o(.text)
    TIMER2B_Handler                          0x00000387   Thumb Code     2  startup_tm4c123.o(.text)
    COMP0_Handler                            0x00000389   Thumb Code     2  startup_tm4c123.o(.text)
    COMP1_Handler                            0x0000038b   Thumb Code     2  startup_tm4c123.o(.text)
    COMP2_Handler                            0x0000038d   Thumb Code     2  startup_tm4c123.o(.text)
    SYSCTL_Handler                           0x0000038f   Thumb Code     2  startup_tm4c123.o(.text)
    FLASH_Handler                            0x00000391   Thumb Code     2  startup_tm4c123.o(.text)
    GPIOF_Handler                            0x00000393   Thumb Code     2  startup_tm4c123.o(.text)
    GPIOG_Handler                            0x00000395   Thumb Code     2  startup_tm4c123.o(.text)
    GPIOH_Handler                            0x00000397   Thumb Code     2  startup_tm4c123.o(.text)
    UART2_Handler                            0x00000399   Thumb Code     2  startup_tm4c123.o(.text)
    SSI1_Handler                             0x0000039b   Thumb Code     2  startup_tm4c123.o(.text)
    TIMER3A_Handler                          0x0000039d   Thumb Code     2  startup_tm4c123.o(.text)
    TIMER3B_Handler                          0x0000039f   Thumb Code     2  startup_tm4c123.o(.text)
    I2C1_Handler                             0x000003a1   Thumb Code     2  startup_tm4c123.o(.text)
    QEI1_Handler                             0x000003a3   Thumb Code     2  startup_tm4c123.o(.text)
    CAN0_Handler                             0x000003a5   Thumb Code     2  startup_tm4c123.o(.text)
    CAN1_Handler                             0x000003a7   Thumb Code     2  startup_tm4c123.o(.text)
    CAN2_Handler                             0x000003a9   Thumb Code     2  startup_tm4c123.o(.text)
    HIB_Handler                              0x000003ab   Thumb Code     2  startup_tm4c123.o(.text)
    USB0_Handler                             0x000003ad   Thumb Code     2  startup_tm4c123.o(.text)
    PWM0_3_Handler                           0x000003af   Thumb Code     2  startup_tm4c123.o(.text)
    UDMA_Handler                             0x000003b1   Thumb Code     2  startup_tm4c123.o(.text)
    UDMAERR_Handler                          0x000003b3   Thumb Code     2  startup_tm4c123.o(.text)
    ADC1SS0_Handler                          0x000003b5   Thumb Code     2  startup_tm4c123.o(.text)
    ADC1SS1_Handler                          0x000003b7   Thumb Code     2  startup_tm4c123.o(.text)
    ADC1SS2_Handler                          0x000003b9   Thumb Code     2  startup_tm4c123.o(.text)
    ADC1SS3_Handler                          0x000003bb   Thumb Code     2  startup_tm4c123.o(.text)
    GPIOJ_Handler                            0x000003bd   Thumb Code     2  startup_tm4c123.o(.text)
    GPIOK_Handler                            0x000003bf   Thumb Code     2  startup_tm4c123.o(.text)
    GPIOL_Handler                            0x000003c1   Thumb Code     2  startup_tm4c123.o(.text)
    SSI2_Handler                             0x000003c3   Thumb Code     2  startup_tm4c123.o(.text)
    SSI3_Handler                             0x000003c5   Thumb Code     2  startup_tm4c123.o(.text)
    UART3_Handler                            0x000003c7   Thumb Code     2  startup_tm4c123.o(.text)
    UART4_Handler                            0x000003c9   Thumb Code     2  startup_tm4c123.o(.text)
    UART5_Handler                            0x000003cb   Thumb Code     2  startup_tm4c123.o(.text)
    UART6_Handler                            0x000003cd   Thumb Code     2  startup_tm4c123.o(.text)
    UART7_Handler                            0x000003cf   Thumb Code     2  startup_tm4c123.o(.text)
    I2C2_Handler                             0x000003d1   Thumb Code     2  startup_tm4c123.o(.text)
    I2C3_Handler                             0x000003d3   Thumb Code     2  startup_tm4c123.o(.text)
    TIMER4A_Handler                          0x000003d5   Thumb Code     2  startup_tm4c123.o(.text)
    TIMER4B_Handler                          0x000003d7   Thumb Code     2  startup_tm4c123.o(.text)
    TIMER5A_Handler                          0x000003d9   Thumb Code     2  startup_tm4c123.o(.text)
    TIMER5B_Handler                          0x000003db   Thumb Code     2  startup_tm4c123.o(.text)
    WTIMER0A_Handler                         0x000003dd   Thumb Code     2  startup_tm4c123.o(.text)
    WTIMER0B_Handler                         0x000003df   Thumb Code     2  startup_tm4c123.o(.text)
    WTIMER1A_Handler                         0x000003e1   Thumb Code     2  startup_tm4c123.o(.text)
    WTIMER1B_Handler                         0x000003e3   Thumb Code     2  startup_tm4c123.o(.text)
    WTIMER2A_Handler                         0x000003e5   Thumb Code     2  startup_tm4c123.o(.text)
    WTIMER2B_Handler                         0x000003e7   Thumb Code     2  startup_tm4c123.o(.text)
    WTIMER3A_Handler                         0x000003e9   Thumb Code     2  startup_tm4c123.o(.text)
    WTIMER3B_Handler                         0x000003eb   Thumb Code     2  startup_tm4c123.o(.text)
    WTIMER4A_Handler                         0x000003ed   Thumb Code     2  startup_tm4c123.o(.text)
    WTIMER4B_Handler                         0x000003ef   Thumb Code     2  startup_tm4c123.o(.text)
    WTIMER5A_Handler                         0x000003f1   Thumb Code     2  startup_tm4c123.o(.text)
    WTIMER5B_Handler                         0x000003f3   Thumb Code     2  startup_tm4c123.o(.text)
    FPU_Handler                              0x000003f5   Thumb Code     2  startup_tm4c123.o(.text)
    I2C4_Handler                             0x000003f7   Thumb Code     2  startup_tm4c123.o(.text)
    I2C5_Handler                             0x000003f9   Thumb Code     2  startup_tm4c123.o(.text)
    GPIOM_Handler                            0x000003fb   Thumb Code     2  startup_tm4c123.o(.text)
    GPION_Handler                            0x000003fd   Thumb Code     2  startup_tm4c123.o(.text)
    QEI2_Handler                             0x000003ff   Thumb Code     2  startup_tm4c123.o(.text)
    GPIOP0_Handler                           0x00000401   Thumb Code     2  startup_tm4c123.o(.text)
    GPIOP1_Handler                           0x00000403   Thumb Code     2  startup_tm4c123.o(.text)
    GPIOP2_Handler                           0x00000405   Thumb Code     2  startup_tm4c123.o(.text)
    GPIOP3_Handler                           0x00000407   Thumb Code     2  startup_tm4c123.o(.text)
    GPIOP4_Handler                           0x00000409   Thumb Code     2  startup_tm4c123.o(.text)
    GPIOP5_Handler                           0x0000040b   Thumb Code     2  startup_tm4c123.o(.text)
    GPIOP6_Handler                           0x0000040d   Thumb Code     2  startup_tm4c123.o(.text)
    GPIOP7_Handler                           0x0000040f   Thumb Code     2  startup_tm4c123.o(.text)
    GPIOQ0_Handler                           0x00000411   Thumb Code     2  startup_tm4c123.o(.text)
    GPIOQ1_Handler                           0x00000413   Thumb Code     2  startup_tm4c123.o(.text)
    GPIOQ2_Handler                           0x00000415   Thumb Code     2  startup_tm4c123.o(.text)
    GPIOQ3_Handler                           0x00000417   Thumb Code     2  startup_tm4c123.o(.text)
    GPIOQ4_Handler                           0x00000419   Thumb Code     2  startup_tm4c123.o(.text)
    GPIOQ5_Handler                           0x0000041b   Thumb Code     2  startup_tm4c123.o(.text)
    GPIOQ6_Handler                           0x0000041d   Thumb Code     2  startup_tm4c123.o(.text)
    GPIOQ7_Handler                           0x0000041f   Thumb Code     2  startup_tm4c123.o(.text)
    GPIOR_Handler                            0x00000421   Thumb Code     2  startup_tm4c123.o(.text)
    GPIOS_Handler                            0x00000423   Thumb Code     2  startup_tm4c123.o(.text)
    PMW1_0_Handler                           0x00000425   Thumb Code     2  startup_tm4c123.o(.text)
    PWM1_1_Handler                           0x00000427   Thumb Code     2  startup_tm4c123.o(.text)
    PWM1_2_Handler                           0x00000429   Thumb Code     2  startup_tm4c123.o(.text)
    PWM1_3_Handler                           0x0000042b   Thumb Code     2  startup_tm4c123.o(.text)
    PWM1_FAULT_Handler                       0x0000042d   Thumb Code     2  startup_tm4c123.o(.text)
    __user_initial_stackheap                 0x00000431   Thumb Code     0  startup_tm4c123.o(.text)
    UART0_Write                              0x0000044d   Thumb Code    18  main.o(.text)
    delay_ms                                 0x0000045f   Thumb Code    34  main.o(.text)
    UART0_WriteString                        0x00000481   Thumb Code    22  main.o(.text)
    gsm_send_uart                            0x00000497   Thumb Code    58  main.o(.text)
    gsm_http_post                            0x000004d1   Thumb Code    98  main.o(.text)
    red_led_output                           0x00000533   Thumb Code    30  main.o(.text)
    calculate_distance                       0x00000551   Thumb Code   640  main.o(.text)
    light_led_at_distance                    0x000007d1   Thumb Code    70  main.o(.text)
    delay_us                                 0x00000817   Thumb Code   310  main.o(.text)
    send_dist_to_segment                     0x0000094d   Thumb Code    48  main.o(.text)
    update_7_segment                         0x0000097d   Thumb Code    90  main.o(.text)
    LCD_Send_Data                            0x000009d7   Thumb Code    52  main.o(.text)
    LCD_Send_Command                         0x00000a0b   Thumb Code    52  main.o(.text)
    LCD_Print                                0x00000a3f   Thumb Code    66  main.o(.text)
    mean_of_array                            0x00000a81   Thumb Code   118  main.o(.text)
    normalize                                0x00000af7   Thumb Code   318  main.o(.text)
    update_remaining_distance                0x00000c35   Thumb Code    86  main.o(.text)
    update_dist_travelled                    0x00000c8b   Thumb Code   460  main.o(.text)
    convert_long_to_decimal_degree           0x00000e57   Thumb Code   126  main.o(.text)
    convert_lat_to_decimal_degree            0x00000ed5   Thumb Code   126  main.o(.text)
    update_GPS_vars                          0x00000f53   Thumb Code   194  main.o(.text)
    update_time                              0x00001015   Thumb Code   134  main.o(.text)
    parse_RMC                                0x0000109b   Thumb Code   130  main.o(.text)
    Process_RMC                              0x0000111d   Thumb Code    32  main.o(.text)
    UART3_Available                          0x0000113d   Thumb Code   148  main.o(.text)
    UART3_Read                               0x000011d1   Thumb Code    20  main.o(.text)
    UART3_ReadString                         0x000011e5   Thumb Code    56  main.o(.text)
    gsm_config_gprs                          0x0000121d   Thumb Code    72  main.o(.text)
    UART3_Init                               0x00001265   Thumb Code   132  main.o(.text)
    UART0_Init                               0x000012e9   Thumb Code   136  main.o(.text)
    LCD_Init                                 0x00001371   Thumb Code   100  main.o(.text)
    pinA3_Low_output                         0x000013d5   Thumb Code    18  main.o(.text)
    pinA3_High_output                        0x000013e7   Thumb Code    18  main.o(.text)
    portA                                    0x000013f9   Thumb Code    62  main.o(.text)
    portB                                    0x00001437   Thumb Code    62  main.o(.text)
    portF                                    0x00001475   Thumb Code   140  main.o(.text)
    Systick_init                             0x00001501   Thumb Code    18  main.o(.text)
    main                                     0x00001513   Thumb Code   672  main.o(.text)
    portE                                    0x000017b3   Thumb Code    58  main.o(.text)
    portD                                    0x000017ed   Thumb Code    78  main.o(.text)
    portC                                    0x0000183b   Thumb Code    56  main.o(.text)
    light_led_after_100m                     0x00001873   Thumb Code    32  main.o(.text)
    UART0_Available                          0x00001893   Thumb Code    20  main.o(.text)
    UART0_Read                               0x000018a7   Thumb Code    20  main.o(.text)
    UART0_ReadString                         0x000018bb   Thumb Code    40  main.o(.text)
    UART3_Write                              0x000018e3   Thumb Code    18  main.o(.text)
    UART3_WriteString                        0x000018f5   Thumb Code    22  main.o(.text)
    UART3_readString                         0x0000190b   Thumb Code    40  main.o(.text)
    parse_GLL                                0x00001933   Thumb Code   130  main.o(.text)
    Process_GLL                              0x000019b5   Thumb Code    32  main.o(.text)
    parse_GGA                                0x000019d5   Thumb Code   132  main.o(.text)
    Process_GGA                              0x00001a59   Thumb Code    32  main.o(.text)
    parse_GSV                                0x00001a79   Thumb Code   388  main.o(.text)
    Process_GSV                              0x00001bfd   Thumb Code    32  main.o(.text)
    parse_GSA                                0x00001c1d   Thumb Code   130  main.o(.text)
    Process_GSA                              0x00001c9f   Thumb Code    32  main.o(.text)
    subString                                0x00001cbf   Thumb Code    40  main.o(.text)
    checksum                                 0x00001ce7   Thumb Code    36  main.o(.text)
    malloc                                   0x00001d29   Thumb Code    94  h1_alloc.o(.text)
    __2sprintf                               0x00001d89   Thumb Code    34  noretval__2sprintf.o(.text)
    __2snprintf                              0x00001db1   Thumb Code    48  noretval__2snprintf.o(.text)
    _printf_int_dec                          0x00001de5   Thumb Code   102  _printf_dec.o(.text)
    __printf                                 0x00001e5d   Thumb Code   352  __printf_ss_wp.o(.text)
    atoi                                     0x00001fbd   Thumb Code    26  atoi.o(.text)
    strcpy                                   0x00001fd7   Thumb Code    72  strcpy.o(.text)
    strlen                                   0x0000201f   Thumb Code    62  strlen.o(.text)
    strcat                                   0x0000205d   Thumb Code    24  strcat.o(.text)
    __aeabi_memcpy4                          0x00002075   Thumb Code     0  rt_memcpy_w.o(.text)
    __aeabi_memcpy8                          0x00002075   Thumb Code     0  rt_memcpy_w.o(.text)
    __rt_memcpy_w                            0x00002075   Thumb Code   100  rt_memcpy_w.o(.text)
    _memcpy_lastbytes_aligned                0x000020bd   Thumb Code     0  rt_memcpy_w.o(.text)
    __aeabi_memclr4                          0x000020d9   Thumb Code     0  rt_memclr_w.o(.text)
    __aeabi_memclr8                          0x000020d9   Thumb Code     0  rt_memclr_w.o(.text)
    __rt_memclr_w                            0x000020d9   Thumb Code    78  rt_memclr_w.o(.text)
    _memset_w                                0x000020dd   Thumb Code     0  rt_memclr_w.o(.text)
    strncpy                                  0x00002127   Thumb Code    86  strncpy.o(.text)
    strcmp                                   0x0000217d   Thumb Code   128  strcmpv7m.o(.text)
    __use_two_region_memory                  0x000021fd   Thumb Code     2  heapauxi.o(.text)
    __rt_heap_escrow                         0x000021ff   Thumb Code     2  heapauxi.o(.text)
    __rt_heap_expand                         0x00002201   Thumb Code     2  heapauxi.o(.text)
    __rt_heap_descriptor                     0x00002205   Thumb Code     8  rt_heap_descriptor_intlibspace.o(.text)
    __aeabi_errno_addr                       0x0000220d   Thumb Code     8  rt_errno_addr_intlibspace.o(.text)
    __errno$intlibspace                      0x0000220d   Thumb Code     0  rt_errno_addr_intlibspace.o(.text)
    __rt_errno_addr$intlibspace              0x0000220d   Thumb Code     0  rt_errno_addr_intlibspace.o(.text)
    __use_no_heap                            0x00002215   Thumb Code     2  hguard.o(.text)
    __heap$guard                             0x00002217   Thumb Code     2  hguard.o(.text)
    _terminate_user_alloc                    0x00002219   Thumb Code     2  init_alloc.o(.text)
    _init_user_alloc                         0x0000221b   Thumb Code     2  init_alloc.o(.text)
    __Heap_Full                              0x0000221d   Thumb Code    34  init_alloc.o(.text)
    __Heap_Broken                            0x0000223f   Thumb Code     6  init_alloc.o(.text)
    _init_alloc                              0x00002245   Thumb Code    94  init_alloc.o(.text)
    __Heap_Initialize                        0x000022a3   Thumb Code    10  h1_init.o(.text)
    __Heap_DescSize                          0x000022ad   Thumb Code     4  h1_init.o(.text)
    free                                     0x000022b1   Thumb Code    78  h1_free.o(.text)
    __read_errno                             0x000022ff   Thumb Code    10  _rserrno.o(.text)
    __set_errno                              0x00002309   Thumb Code    12  _rserrno.o(.text)
    _printf_int_common                       0x00002315   Thumb Code   184  _printf_intcommon.o(.text)
    __lib_sel_fp_printf                      0x000023cd   Thumb Code     2  _printf_fp_dec.o(.text)
    _printf_fp_dec_real                      0x00002579   Thumb Code   628  _printf_fp_dec.o(.text)
    _printf_char_common                      0x000027f7   Thumb Code    32  _printf_char_common.o(.text)
    _sputc                                   0x0000281d   Thumb Code    10  _sputc.o(.text)
    _snputc                                  0x00002827   Thumb Code    16  _snputc.o(.text)
    __strtod_int                             0x00002875   Thumb Code    88  strtod.o(.text)
    strtol                                   0x000028d9   Thumb Code   112  strtol.o(.text)
    __aeabi_memclr                           0x00002949   Thumb Code     0  rt_memclr.o(.text)
    __rt_memclr                              0x00002949   Thumb Code    68  rt_memclr.o(.text)
    _memset                                  0x0000294d   Thumb Code     0  rt_memclr.o(.text)
    __user_libspace                          0x0000298d   Thumb Code     8  libspace.o(.text)
    __user_perproc_libspace                  0x0000298d   Thumb Code     0  libspace.o(.text)
    __user_perthread_libspace                0x0000298d   Thumb Code     0  libspace.o(.text)
    __rt_ctype_table                         0x00002995   Thumb Code    16  rt_ctype_table.o(.text)
    __rt_locale                              0x000029a5   Thumb Code     8  rt_locale_intlibspace.o(.text)
    __Heap_ProvideMemory                     0x000029ad   Thumb Code    52  h1_extend.o(.text)
    _ll_udiv10                               0x000029e1   Thumb Code   138  lludiv10.o(.text)
    isspace                                  0x00002a6b   Thumb Code    18  isspace.o(.text)
    _printf_fp_infnan                        0x00002a7d   Thumb Code   112  _printf_fp_infnan.o(.text)
    _sgetc                                   0x00002afd   Thumb Code    30  _sgetc.o(.text)
    _sbackspace                              0x00002b1b   Thumb Code    34  _sgetc.o(.text)
    _strtoul                                 0x00002b3d   Thumb Code   158  _strtoul.o(.text)
    _btod_etento                             0x00002bdd   Thumb Code   222  bigflt0.o(.text)
    __rt_SIGRTMEM                            0x00002cc1   Thumb Code    14  defsig_rtmem_outer.o(.text)
    __I$use$semihosting                      0x00002ccf   Thumb Code     0  use_no_semi.o(.text)
    __use_no_semihosting_swi                 0x00002ccf   Thumb Code     2  use_no_semi.o(.text)
    __semihosting_library_function           0x00002cd1   Thumb Code     0  indicate_semi.o(.text)
    __user_setup_stackheap                   0x00002cd1   Thumb Code    74  sys_stackheap_outer.o(.text)
    _chval                                   0x00002d1b   Thumb Code    28  _chval.o(.text)
    _scanf_really_real                       0x00002f31   Thumb Code   672  scanf_fp.o(.text)
    exit                                     0x000031dd   Thumb Code    12  exit.o(.text)
    __sig_exit                               0x000031e9   Thumb Code    10  defsig_exit.o(.text)
    __rt_SIGRTMEM_inner                      0x000031f5   Thumb Code    22  defsig_rtmem_inner.o(.text)
    _sys_exit                                0x00003245   Thumb Code     8  sys_exit.o(.text)
    __default_signal_display                 0x00003251   Thumb Code    50  defsig_general.o(.text)
    _ttywrch                                 0x00003283   Thumb Code    14  sys_wrch.o(.text)
    _scanf_really_hex_real                   0x00003291   Thumb Code   776  scanf_hexfp.o(.text)
    _scanf_really_infnan                     0x000035a5   Thumb Code   298  scanf_infnan.o(.text)
    __aeabi_llsl                             0x000036e1   Thumb Code     0  llshl.o(.text)
    _ll_shift_l                              0x000036e1   Thumb Code    38  llshl.o(.text)
    _btod_d2e                                0x00003707   Thumb Code    62  btod.o(CL$$btod_d2e)
    _d2e_denorm_low                          0x00003745   Thumb Code    70  btod.o(CL$$btod_d2e_denorm_low)
    _d2e_norm_op1                            0x0000378b   Thumb Code    96  btod.o(CL$$btod_d2e_norm_op1)
    __btod_div_common                        0x000037eb   Thumb Code   696  btod.o(CL$$btod_div_common)
    _e2d                                     0x00003b25   Thumb Code    80  btod.o(CL$$btod_e2d)
    _e2e                                     0x00003b79   Thumb Code   198  btod.o(CL$$btod_e2e)
    _btod_ediv                               0x00003c3f   Thumb Code    40  btod.o(CL$$btod_ediv)
    _btod_edivd                              0x00003c67   Thumb Code    40  btod.o(CL$$btod_edivd)
    _btod_emul                               0x00003c8f   Thumb Code    40  btod.o(CL$$btod_emul)
    _btod_emuld                              0x00003cb7   Thumb Code    40  btod.o(CL$$btod_emuld)
    __btod_mult_common                       0x00003cdf   Thumb Code   580  btod.o(CL$$btod_mult_common)
    __ARM_fpclassify                         0x00003f23   Thumb Code    48  fpclassify.o(i.__ARM_fpclassify)
    __hardfp_asin                            0x00003f59   Thumb Code   774  asin.o(i.__hardfp_asin)
    __hardfp_atof                            0x000042c9   Thumb Code    44  atof.o(i.__hardfp_atof)
    __hardfp_cos                             0x00004301   Thumb Code   200  cos.o(i.__hardfp_cos)
    __hardfp_fabs                            0x000043d9   Thumb Code    20  fabs.o(i.__hardfp_fabs)
    __hardfp_ldexp                           0x000043f1   Thumb Code   216  ldexp.o(i.__hardfp_ldexp)
    __hardfp_pow                             0x000044d9   Thumb Code  3132  pow.o(i.__hardfp_pow)
    __hardfp_sin                             0x00005169   Thumb Code   200  sin.o(i.__hardfp_sin)
    __hardfp_sqrt                            0x00005241   Thumb Code   122  sqrt.o(i.__hardfp_sqrt)
    __ieee754_rem_pio2                       0x000052c1   Thumb Code   972  rred.o(i.__ieee754_rem_pio2)
    __kernel_cos                             0x00005719   Thumb Code   322  cos_i.o(i.__kernel_cos)
    __kernel_poly                            0x00005889   Thumb Code   248  poly.o(i.__kernel_poly)
    __kernel_sin                             0x00005981   Thumb Code   280  sin_i.o(i.__kernel_sin)
    __mathlib_dbl_underflow                  0x00005ab1   Thumb Code    24  dunder.o(i.__mathlib_dbl_underflow)
    __mathlib_narrow                         0x00005ad1   Thumb Code   166  narrow.o(i.__mathlib_narrow)
    __support_ldexp                          0x00005b89   Thumb Code    20  ldexp.o(i.__support_ldexp)
    _is_digit                                0x00005b9d   Thumb Code    14  __printf_wp.o(i._is_digit)
    fabs                                     0x00005bab   Thumb Code    32  fabs.o(i.fabs)
    frexp                                    0x00005bd1   Thumb Code   134  frexp.o(i.frexp)
    sqrt                                     0x00005c6d   Thumb Code   110  sqrt.o(i.sqrt)
    _get_lc_numeric                          0x00005cdd   Thumb Code    44  lc_numeric_c.o(locale$$code)
    _get_lc_ctype                            0x00005d09   Thumb Code    44  lc_ctype_c.o(locale$$code)
    __aeabi_dneg                             0x00005d35   Thumb Code     0  basic.o(x$fpl$basic)
    _dneg                                    0x00005d35   Thumb Code     6  basic.o(x$fpl$basic)
    __aeabi_fneg                             0x00005d3b   Thumb Code     0  basic.o(x$fpl$basic)
    _fneg                                    0x00005d3b   Thumb Code     6  basic.o(x$fpl$basic)
    _dabs                                    0x00005d41   Thumb Code     6  basic.o(x$fpl$basic)
    _fabs                                    0x00005d47   Thumb Code     6  basic.o(x$fpl$basic)
    __aeabi_d2f                              0x00005d4d   Thumb Code     0  d2f.o(x$fpl$d2f)
    _d2f                                     0x00005d4d   Thumb Code    98  d2f.o(x$fpl$d2f)
    __aeabi_dadd                             0x00005db1   Thumb Code     0  daddsub_clz.o(x$fpl$dadd)
    _dadd                                    0x00005db1   Thumb Code   332  daddsub_clz.o(x$fpl$dadd)
    __fpl_dcheck_NaN1                        0x00005f01   Thumb Code    10  dcheck1.o(x$fpl$dcheck1)
    __fpl_dcmp_Inf                           0x00005f11   Thumb Code    24  dcmpi.o(x$fpl$dcmpinf)
    __aeabi_ddiv                             0x00005f29   Thumb Code     0  ddiv.o(x$fpl$ddiv)
    _ddiv                                    0x00005f29   Thumb Code   552  ddiv.o(x$fpl$ddiv)
    __aeabi_cdcmpeq                          0x000061d9   Thumb Code     0  deqf.o(x$fpl$deqf)
    _dcmpeq                                  0x000061d9   Thumb Code   120  deqf.o(x$fpl$deqf)
    __aeabi_d2iz                             0x00006251   Thumb Code     0  dfix.o(x$fpl$dfix)
    _dfix                                    0x00006251   Thumb Code    94  dfix.o(x$fpl$dfix)
    __aeabi_i2d                              0x000062af   Thumb Code     0  dflt_clz.o(x$fpl$dflt)
    _dflt                                    0x000062af   Thumb Code    46  dflt_clz.o(x$fpl$dflt)
    __aeabi_ui2d                             0x000062dd   Thumb Code     0  dflt_clz.o(x$fpl$dfltu)
    _dfltu                                   0x000062dd   Thumb Code    38  dflt_clz.o(x$fpl$dfltu)
    __aeabi_cdcmple                          0x00006305   Thumb Code     0  dleqf.o(x$fpl$dleqf)
    _dcmple                                  0x00006305   Thumb Code   120  dleqf.o(x$fpl$dleqf)
    __fpl_dcmple_InfNaN                      0x00006367   Thumb Code     0  dleqf.o(x$fpl$dleqf)
    __aeabi_dmul                             0x0000637d   Thumb Code     0  dmul.o(x$fpl$dmul)
    _dmul                                    0x0000637d   Thumb Code   332  dmul.o(x$fpl$dmul)
    __fpl_dnaninf                            0x000064d1   Thumb Code   156  dnaninf.o(x$fpl$dnaninf)
    __fpl_dretinf                            0x0000656d   Thumb Code    12  dretinf.o(x$fpl$dretinf)
    __aeabi_cdrcmple                         0x00006579   Thumb Code     0  drleqf.o(x$fpl$drleqf)
    _drcmple                                 0x00006579   Thumb Code   108  drleqf.o(x$fpl$drleqf)
    __aeabi_drsub                            0x000065e5   Thumb Code     0  daddsub_clz.o(x$fpl$drsb)
    _drsb                                    0x000065e5   Thumb Code    22  daddsub_clz.o(x$fpl$drsb)
    _dsqrt                                   0x000065fd   Thumb Code   404  dsqrt_umaal.o(x$fpl$dsqrt)
    __aeabi_dsub                             0x00006795   Thumb Code     0  daddsub_clz.o(x$fpl$dsub)
    _dsub                                    0x00006795   Thumb Code   464  daddsub_clz.o(x$fpl$dsub)
    _fp_init                                 0x00006969   Thumb Code    10  fpinit.o(x$fpl$fpinit)
    __fplib_config_fpu_vfp                   0x00006971   Thumb Code     0  fpinit.o(x$fpl$fpinit)
    __fplib_config_pureend_doubles           0x00006971   Thumb Code     0  fpinit.o(x$fpl$fpinit)
    __fpl_fretinf                            0x00006973   Thumb Code    10  fretinf.o(x$fpl$fretinf)
    _printf_fp_dec                           0x0000697d   Thumb Code     4  printf1.o(x$fpl$printf1)
    __fpl_return_NaN                         0x00006981   Thumb Code   100  retnan.o(x$fpl$retnan)
    __ARM_scalbn                             0x000069e5   Thumb Code    92  scalbn.o(x$fpl$scalbn)
    _scanf_real                              0x00006a41   Thumb Code     4  scanf1.o(x$fpl$scanf1)
    _scanf_hex_real                          0x00006a45   Thumb Code     4  scanf2.o(x$fpl$scanf2)
    _scanf_infnan                            0x00006a49   Thumb Code     4  scanf2.o(x$fpl$scanf2)
    __fpl_cmpreturn                          0x00006a4d   Thumb Code    48  trapv.o(x$fpl$trapveneer)
    __I$use$fp                               0x00006a7c   Number         0  usenofp.o(x$fpl$usenofp)
    __mathlib_zero                           0x00006bf8   Data           8  qnan.o(.constdata)
    Region$$Table$$Base                      0x00006d84   Number         0  anon$$obj.o(Region$$Table)
    Region$$Table$$Limit                     0x00006da4   Number         0  anon$$obj.o(Region$$Table)
    __aeabi_HUGE_VAL                         0x00006da4   Data           0  fpconst.o(c$$dinf)
    __aeabi_HUGE_VALL                        0x00006da4   Data           0  fpconst.o(c$$dinf)
    __aeabi_INFINITY                         0x00006da4   Data           0  fpconst.o(c$$dinf)
    __dInf                                   0x00006da4   Data           0  fpconst.o(c$$dinf)
    __huge_val                               0x00006da4   Data           0  fpconst.o(c$$dinf)
    __ctype                                  0x00006dd5   Data           0  lc_ctype_c.o(locale$$data)
    dist_travelled                           0x20000000   Data           8  main.o(.data)
    old_dist                                 0x20000008   Data           8  main.o(.data)
    PI                                       0x20000010   Data           8  main.o(.data)
    current_lat                              0x20000018   Data           8  main.o(.data)
    current_long                             0x20000020   Data           8  main.o(.data)
    previous_lat                             0x20000028   Data           8  main.o(.data)
    previous_long                            0x20000030   Data           8  main.o(.data)
    speed                                    0x20000038   Data           8  main.o(.data)
    dst_lat                                  0x20000040   Data           8  main.o(.data)
    dst_long                                 0x20000048   Data           8  main.o(.data)
    reached                                  0x20000050   Data           4  main.o(.data)
    speed_hist_counter                       0x20000054   Data           4  main.o(.data)
    speed_hist_norm_counter                  0x20000058   Data           4  main.o(.data)
    apn                                      0x2000005c   Data          21  main.o(.data)
    apn_u                                    0x20000071   Data           1  main.o(.data)
    apn_p                                    0x20000072   Data           1  main.o(.data)
    url                                      0x20000073   Data          36  main.o(.data)
    rms_stat                                 0x20000097   Data           1  main.o(.data)
    gll_valid                                0x20000098   Data           1  main.o(.data)
    gga_quality                              0x20000099   Data           1  main.o(.data)
    lat_rms                                  0x2000009a   Data           1  main.o(.data)
    long_rms                                 0x2000009b   Data           1  main.o(.data)
    lat_gll                                  0x2000009c   Data           1  main.o(.data)
    long_gll                                 0x2000009d   Data           1  main.o(.data)
    lat_gga                                  0x2000009e   Data           1  main.o(.data)
    long_gga                                 0x2000009f   Data           1  main.o(.data)
    rmc_tm                                   0x200000a0   Data           1  main.o(.data)
    gll_tm                                   0x200000a1   Data           1  main.o(.data)
    gga_tm                                   0x200000a2   Data           1  main.o(.data)
    rmc_speed                                0x200000a3   Data           1  main.o(.data)
    lat_long_hist                            0x200000a4   Data           5  main.o(.data)
    time_hours                               0x200000ac   Data           4  main.o(.data)
    time_minutes                             0x200000b0   Data           4  main.o(.data)
    time_seconds                             0x200000b4   Data           4  main.o(.data)
    remaining_dst                            0x200000b8   Data           8  main.o(.data)
    normalized_speed                         0x200000c0   Data           8  main.o(.data)
    mean_speed                               0x200000c8   Data           8  main.o(.data)
    dist_buffer                              0x200000d0   Data          16  main.o(.bss)
    location_buffer                          0x200000e0   Data         128  main.o(.bss)
    location_buffer1                         0x20000160   Data         128  main.o(.bss)
    time_buffer                              0x200001e0   Data         128  main.o(.bss)
    date_buffer                              0x20000260   Data         128  main.o(.bss)
    quality_buffer                           0x200002e0   Data         128  main.o(.bss)
    http_date_buffer                         0x20000360   Data         256  main.o(.bss)
    gps_raw                                  0x20000460   Data         100  main.o(.bss)
    raw_gps_data_cache                       0x200004c4   Data        1000  main.o(.bss)
    GSV_data_parsed                          0x200008ac   Data         600  main.o(.bss)
    GSA_data_parsed                          0x20000b04   Data         400  main.o(.bss)
    RMC_data_parsed                          0x20000c94   Data         400  main.o(.bss)
    GLL_data_parsed                          0x20000e24   Data         400  main.o(.bss)
    GGA_data_parsed                          0x20000fb4   Data         400  main.o(.bss)
    speed_history                            0x20001148   Data          40  main.o(.bss)
    coords_history                           0x20001170   Data          40  main.o(.bss)
    __libspace_start                         0x20001198   Data          96  libspace.o(.bss)
    __temporary_stack_top$libspace           0x200011f8   Data           0  libspace.o(.bss)



==============================================================================

Memory Map of the image

  Image Entry point : 0x00000341

  Load Region LR_1 (Base: 0x00000000, Size: 0x00006fa8, Max: 0xffffffff, ABSOLUTE)

    Execution Region ER_RO (Base: 0x00000000, Size: 0x00006ed8, Max: 0xffffffff, ABSOLUTE)

    Base Addr    Size         Type   Attr      Idx    E Section Name        Object

    0x00000000   0x0000026c   Data   RO            3    RESET               startup_tm4c123.o
    0x0000026c   0x00000008   Code   RO          159  * !!!main             c_w.l(__main.o)
    0x00000274   0x00000034   Code   RO          640    !!!scatter          c_w.l(__scatter.o)
    0x000002a8   0x0000001a   Code   RO          642    !!handler_copy      c_w.l(__scatter_copy.o)
    0x000002c2   0x00000002   PAD
    0x000002c4   0x0000001c   Code   RO          644    !!handler_zi        c_w.l(__scatter_zi.o)
    0x000002e0   0x00000000   Code   RO          140    .ARM.Collect$$_printf_percent$$00000000  c_w.l(_printf_percent.o)
    0x000002e0   0x00000006   Code   RO          139    .ARM.Collect$$_printf_percent$$00000003  c_w.l(_printf_f.o)
    0x000002e6   0x00000006   Code   RO          138    .ARM.Collect$$_printf_percent$$00000009  c_w.l(_printf_d.o)
    0x000002ec   0x00000004   Code   RO          318    .ARM.Collect$$_printf_percent$$00000017  c_w.l(_printf_percent_end.o)
    0x000002f0   0x00000002   Code   RO          527    .ARM.Collect$$libinit$$00000000  c_w.l(libinit.o)
    0x000002f2   0x00000004   Code   RO          327    .ARM.Collect$$libinit$$00000001  c_w.l(libinit2.o)
    0x000002f6   0x00000008   Code   RO          329    .ARM.Collect$$libinit$$00000003  c_w.l(libinit2.o)
    0x000002fe   0x00000000   Code   RO          331    .ARM.Collect$$libinit$$00000008  c_w.l(libinit2.o)
    0x000002fe   0x00000000   Code   RO          333    .ARM.Collect$$libinit$$0000000A  c_w.l(libinit2.o)
    0x000002fe   0x00000000   Code   RO          335    .ARM.Collect$$libinit$$0000000C  c_w.l(libinit2.o)
    0x000002fe   0x00000006   Code   RO          336    .ARM.Collect$$libinit$$0000000D  c_w.l(libinit2.o)
    0x00000304   0x00000000   Code   RO          338    .ARM.Collect$$libinit$$0000000F  c_w.l(libinit2.o)
    0x00000304   0x0000000c   Code   RO          339    .ARM.Collect$$libinit$$00000010  c_w.l(libinit2.o)
    0x00000310   0x00000000   Code   RO          340    .ARM.Collect$$libinit$$00000011  c_w.l(libinit2.o)
    0x00000310   0x00000000   Code   RO          342    .ARM.Collect$$libinit$$00000013  c_w.l(libinit2.o)
    0x00000310   0x0000000a   Code   RO          343    .ARM.Collect$$libinit$$00000014  c_w.l(libinit2.o)
    0x0000031a   0x00000000   Code   RO          344    .ARM.Collect$$libinit$$00000015  c_w.l(libinit2.o)
    0x0000031a   0x00000000   Code   RO          346    .ARM.Collect$$libinit$$00000017  c_w.l(libinit2.o)
    0x0000031a   0x00000000   Code   RO          348    .ARM.Collect$$libinit$$00000019  c_w.l(libinit2.o)
    0x0000031a   0x00000000   Code   RO          350    .ARM.Collect$$libinit$$0000001B  c_w.l(libinit2.o)
    0x0000031a   0x00000000   Code   RO          352    .ARM.Collect$$libinit$$0000001D  c_w.l(libinit2.o)
    0x0000031a   0x00000000   Code   RO          354    .ARM.Collect$$libinit$$0000001F  c_w.l(libinit2.o)
    0x0000031a   0x00000000   Code   RO          356    .ARM.Collect$$libinit$$00000021  c_w.l(libinit2.o)
    0x0000031a   0x00000000   Code   RO          358    .ARM.Collect$$libinit$$00000023  c_w.l(libinit2.o)
    0x0000031a   0x00000000   Code   RO          362    .ARM.Collect$$libinit$$0000002A  c_w.l(libinit2.o)
    0x0000031a   0x00000000   Code   RO          364    .ARM.Collect$$libinit$$0000002C  c_w.l(libinit2.o)
    0x0000031a   0x00000000   Code   RO          366    .ARM.Collect$$libinit$$0000002E  c_w.l(libinit2.o)
    0x0000031a   0x00000000   Code   RO          368    .ARM.Collect$$libinit$$00000030  c_w.l(libinit2.o)
    0x0000031a   0x00000002   Code   RO          369    .ARM.Collect$$libinit$$00000031  c_w.l(libinit2.o)
    0x0000031c   0x00000002   Code   RO          619    .ARM.Collect$$libshutdown$$00000000  c_w.l(libshutdown.o)
    0x0000031e   0x00000000   Code   RO          544    .ARM.Collect$$libshutdown$$00000003  c_w.l(libshutdown2.o)
    0x0000031e   0x00000000   Code   RO          547    .ARM.Collect$$libshutdown$$00000006  c_w.l(libshutdown2.o)
    0x0000031e   0x00000000   Code   RO          550    .ARM.Collect$$libshutdown$$00000009  c_w.l(libshutdown2.o)
    0x0000031e   0x00000000   Code   RO          552    .ARM.Collect$$libshutdown$$0000000B  c_w.l(libshutdown2.o)
    0x0000031e   0x00000000   Code   RO          555    .ARM.Collect$$libshutdown$$0000000E  c_w.l(libshutdown2.o)
    0x0000031e   0x00000002   Code   RO          556    .ARM.Collect$$libshutdown$$0000000F  c_w.l(libshutdown2.o)
    0x00000320   0x00000000   Code   RO          269    .ARM.Collect$$rtentry$$00000000  c_w.l(rtentry.o)
    0x00000320   0x00000000   Code   RO          410    .ARM.Collect$$rtentry$$00000002  c_w.l(rtentry2.o)
    0x00000320   0x00000006   Code   RO          422    .ARM.Collect$$rtentry$$00000004  c_w.l(rtentry4.o)
    0x00000326   0x00000000   Code   RO          412    .ARM.Collect$$rtentry$$00000009  c_w.l(rtentry2.o)
    0x00000326   0x00000004   Code   RO          413    .ARM.Collect$$rtentry$$0000000A  c_w.l(rtentry2.o)
    0x0000032a   0x00000000   Code   RO          415    .ARM.Collect$$rtentry$$0000000C  c_w.l(rtentry2.o)
    0x0000032a   0x00000008   Code   RO          416    .ARM.Collect$$rtentry$$0000000D  c_w.l(rtentry2.o)
    0x00000332   0x00000002   Code   RO          532    .ARM.Collect$$rtexit$$00000000  c_w.l(rtexit.o)
    0x00000334   0x00000000   Code   RO          579    .ARM.Collect$$rtexit$$00000002  c_w.l(rtexit2.o)
    0x00000334   0x00000004   Code   RO          580    .ARM.Collect$$rtexit$$00000003  c_w.l(rtexit2.o)
    0x00000338   0x00000006   Code   RO          581    .ARM.Collect$$rtexit$$00000004  c_w.l(rtexit2.o)
    0x0000033e   0x00000002   PAD
    0x00000340   0x00000000   Code   RO          433    .emb_text           c_w.l(maybetermalloc1.o)
    0x00000340   0x0000010c   Code   RO            4  * .text               startup_tm4c123.o
    0x0000044c   0x000018dc   Code   RO           10    .text               main.o
    0x00001d28   0x0000005e   Code   RO           52    .text               c_w.l(h1_alloc.o)
    0x00001d86   0x00000002   PAD
    0x00001d88   0x00000028   Code   RO          110    .text               c_w.l(noretval__2sprintf.o)
    0x00001db0   0x00000034   Code   RO          112    .text               c_w.l(noretval__2snprintf.o)
    0x00001de4   0x00000078   Code   RO          116    .text               c_w.l(_printf_dec.o)
    0x00001e5c   0x00000160   Code   RO          133    .text               c_w.l(__printf_ss_wp.o)
    0x00001fbc   0x0000001a   Code   RO          141    .text               c_w.l(atoi.o)
    0x00001fd6   0x00000048   Code   RO          143    .text               c_w.l(strcpy.o)
    0x0000201e   0x0000003e   Code   RO          145    .text               c_w.l(strlen.o)
    0x0000205c   0x00000018   Code   RO          147    .text               c_w.l(strcat.o)
    0x00002074   0x00000064   Code   RO          149    .text               c_w.l(rt_memcpy_w.o)
    0x000020d8   0x0000004e   Code   RO          151    .text               c_w.l(rt_memclr_w.o)
    0x00002126   0x00000056   Code   RO          153    .text               c_w.l(strncpy.o)
    0x0000217c   0x00000080   Code   RO          155    .text               c_w.l(strcmpv7m.o)
    0x000021fc   0x00000006   Code   RO          157    .text               c_w.l(heapauxi.o)
    0x00002202   0x00000002   PAD
    0x00002204   0x00000008   Code   RO          273    .text               c_w.l(rt_heap_descriptor_intlibspace.o)
    0x0000220c   0x00000008   Code   RO          278    .text               c_w.l(rt_errno_addr_intlibspace.o)
    0x00002214   0x00000004   Code   RO          280    .text               c_w.l(hguard.o)
    0x00002218   0x0000008a   Code   RO          282    .text               c_w.l(init_alloc.o)
    0x000022a2   0x0000000e   Code   RO          288    .text               c_w.l(h1_init.o)
    0x000022b0   0x0000004e   Code   RO          290    .text               c_w.l(h1_free.o)
    0x000022fe   0x00000016   Code   RO          306    .text               c_w.l(_rserrno.o)
    0x00002314   0x000000b8   Code   RO          308    .text               c_w.l(_printf_intcommon.o)
    0x000023cc   0x00000420   Code   RO          310    .text               c_w.l(_printf_fp_dec.o)
    0x000027ec   0x00000030   Code   RO          312    .text               c_w.l(_printf_char_common.o)
    0x0000281c   0x0000000a   Code   RO          314    .text               c_w.l(_sputc.o)
    0x00002826   0x00000010   Code   RO          316    .text               c_w.l(_snputc.o)
    0x00002836   0x00000002   PAD
    0x00002838   0x000000a0   Code   RO          319    .text               c_w.l(strtod.o)
    0x000028d8   0x00000070   Code   RO          321    .text               c_w.l(strtol.o)
    0x00002948   0x00000044   Code   RO          323    .text               c_w.l(rt_memclr.o)
    0x0000298c   0x00000008   Code   RO          406    .text               c_w.l(libspace.o)
    0x00002994   0x00000010   Code   RO          424    .text               c_w.l(rt_ctype_table.o)
    0x000029a4   0x00000008   Code   RO          429    .text               c_w.l(rt_locale_intlibspace.o)
    0x000029ac   0x00000034   Code   RO          435    .text               c_w.l(h1_extend.o)
    0x000029e0   0x0000008a   Code   RO          439    .text               c_w.l(lludiv10.o)
    0x00002a6a   0x00000012   Code   RO          441    .text               c_w.l(isspace.o)
    0x00002a7c   0x00000080   Code   RO          443    .text               c_w.l(_printf_fp_infnan.o)
    0x00002afc   0x00000040   Code   RO          447    .text               c_w.l(_sgetc.o)
    0x00002b3c   0x0000009e   Code   RO          449    .text               c_w.l(_strtoul.o)
    0x00002bda   0x00000002   PAD
    0x00002bdc   0x000000e4   Code   RO          451    .text               c_w.l(bigflt0.o)
    0x00002cc0   0x0000000e   Code   RO          479    .text               c_w.l(defsig_rtmem_outer.o)
    0x00002cce   0x00000002   Code   RO          496    .text               c_w.l(use_no_semi.o)
    0x00002cd0   0x00000000   Code   RO          498    .text               c_w.l(indicate_semi.o)
    0x00002cd0   0x0000004a   Code   RO          499    .text               c_w.l(sys_stackheap_outer.o)
    0x00002d1a   0x0000001c   Code   RO          505    .text               c_w.l(_chval.o)
    0x00002d36   0x00000002   PAD
    0x00002d38   0x000004a4   Code   RO          507    .text               c_w.l(scanf_fp.o)
    0x000031dc   0x0000000c   Code   RO          512    .text               c_w.l(exit.o)
    0x000031e8   0x0000000a   Code   RO          514    .text               c_w.l(defsig_exit.o)
    0x000031f2   0x00000002   PAD
    0x000031f4   0x00000050   Code   RO          516    .text               c_w.l(defsig_rtmem_inner.o)
    0x00003244   0x0000000c   Code   RO          530    .text               c_w.l(sys_exit.o)
    0x00003250   0x00000032   Code   RO          540    .text               c_w.l(defsig_general.o)
    0x00003282   0x0000000e   Code   RO          576    .text               c_w.l(sys_wrch.o)
    0x00003290   0x00000314   Code   RO          585    .text               c_w.l(scanf_hexfp.o)
    0x000035a4   0x0000013c   Code   RO          587    .text               c_w.l(scanf_infnan.o)
    0x000036e0   0x00000026   Code   RO          599    .text               c_w.l(llshl.o)
    0x00003706   0x0000003e   Code   RO          454    CL$$btod_d2e        c_w.l(btod.o)
    0x00003744   0x00000046   Code   RO          456    CL$$btod_d2e_denorm_low  c_w.l(btod.o)
    0x0000378a   0x00000060   Code   RO          455    CL$$btod_d2e_norm_op1  c_w.l(btod.o)
    0x000037ea   0x00000338   Code   RO          464    CL$$btod_div_common  c_w.l(btod.o)
    0x00003b22   0x00000002   PAD
    0x00003b24   0x00000054   Code   RO          462    CL$$btod_e2d        c_w.l(btod.o)
    0x00003b78   0x000000c6   Code   RO          461    CL$$btod_e2e        c_w.l(btod.o)
    0x00003c3e   0x00000028   Code   RO          458    CL$$btod_ediv       c_w.l(btod.o)
    0x00003c66   0x00000028   Code   RO          460    CL$$btod_edivd      c_w.l(btod.o)
    0x00003c8e   0x00000028   Code   RO          457    CL$$btod_emul       c_w.l(btod.o)
    0x00003cb6   0x00000028   Code   RO          459    CL$$btod_emuld      c_w.l(btod.o)
    0x00003cde   0x00000244   Code   RO          463    CL$$btod_mult_common  c_w.l(btod.o)
    0x00003f22   0x00000030   Code   RO          388    i.__ARM_fpclassify  m_wm.l(fpclassify.o)
    0x00003f52   0x00000006   PAD
    0x00003f58   0x00000370   Code   RO          191    i.__hardfp_asin     m_wm.l(asin.o)
    0x000042c8   0x00000038   Code   RO          205    i.__hardfp_atof     m_wm.l(atof.o)
    0x00004300   0x000000d8   Code   RO          211    i.__hardfp_cos      m_wm.l(cos.o)
    0x000043d8   0x00000014   Code   RO          223    i.__hardfp_fabs     m_wm.l(fabs.o)
    0x000043ec   0x00000004   PAD
    0x000043f0   0x000000e8   Code   RO          622    i.__hardfp_ldexp    m_wm.l(ldexp.o)
    0x000044d8   0x00000c90   Code   RO          229    i.__hardfp_pow      m_wm.l(pow.o)
    0x00005168   0x000000d8   Code   RO          243    i.__hardfp_sin      m_wm.l(sin.o)
    0x00005240   0x0000007a   Code   RO          255    i.__hardfp_sqrt     m_wm.l(sqrt.o)
    0x000052ba   0x00000006   PAD
    0x000052c0   0x00000458   Code   RO          393    i.__ieee754_rem_pio2  m_wm.l(rred.o)
    0x00005718   0x00000170   Code   RO          383    i.__kernel_cos      m_wm.l(cos_i.o)
    0x00005888   0x000000f8   Code   RO          390    i.__kernel_poly     m_wm.l(poly.o)
    0x00005980   0x00000130   Code   RO          398    i.__kernel_sin      m_wm.l(sin_i.o)
    0x00005ab0   0x00000020   Code   RO          386    i.__mathlib_dbl_underflow  m_wm.l(dunder.o)
    0x00005ad0   0x000000b8   Code   RO          569    i.__mathlib_narrow  m_wm.l(narrow.o)
    0x00005b88   0x00000014   Code   RO          624    i.__support_ldexp   m_wm.l(ldexp.o)
    0x00005b9c   0x0000000e   Code   RO          128    i._is_digit         c_w.l(__printf_wp.o)
    0x00005baa   0x00000020   Code   RO          225    i.fabs              m_wm.l(fabs.o)
    0x00005bca   0x00000006   PAD
    0x00005bd0   0x0000009c   Code   RO          595    i.frexp             m_wm.l(frexp.o)
    0x00005c6c   0x0000006e   Code   RO          257    i.sqrt              m_wm.l(sqrt.o)
    0x00005cda   0x00000002   PAD
    0x00005cdc   0x0000002c   Code   RO          477    locale$$code        c_w.l(lc_numeric_c.o)
    0x00005d08   0x0000002c   Code   RO          510    locale$$code        c_w.l(lc_ctype_c.o)
    0x00005d34   0x00000018   Code   RO          370    x$fpl$basic         fz_wm.l(basic.o)
    0x00005d4c   0x00000062   Code   RO          591    x$fpl$d2f           fz_wm.l(d2f.o)
    0x00005dae   0x00000002   PAD
    0x00005db0   0x00000150   Code   RO          161    x$fpl$dadd          fz_wm.l(daddsub_clz.o)
    0x00005f00   0x00000010   Code   RO          488    x$fpl$dcheck1       fz_wm.l(dcheck1.o)
    0x00005f10   0x00000018   Code   RO          372    x$fpl$dcmpinf       fz_wm.l(dcmpi.o)
    0x00005f28   0x000002b0   Code   RO          168    x$fpl$ddiv          fz_wm.l(ddiv.o)
    0x000061d8   0x00000078   Code   RO          171    x$fpl$deqf          fz_wm.l(deqf.o)
    0x00006250   0x0000005e   Code   RO          173    x$fpl$dfix          fz_wm.l(dfix.o)
    0x000062ae   0x0000002e   Code   RO          178    x$fpl$dflt          fz_wm.l(dflt_clz.o)
    0x000062dc   0x00000026   Code   RO          177    x$fpl$dfltu         fz_wm.l(dflt_clz.o)
    0x00006302   0x00000002   PAD
    0x00006304   0x00000078   Code   RO          183    x$fpl$dleqf         fz_wm.l(dleqf.o)
    0x0000637c   0x00000154   Code   RO          185    x$fpl$dmul          fz_wm.l(dmul.o)
    0x000064d0   0x0000009c   Code   RO          374    x$fpl$dnaninf       fz_wm.l(dnaninf.o)
    0x0000656c   0x0000000c   Code   RO          376    x$fpl$dretinf       fz_wm.l(dretinf.o)
    0x00006578   0x0000006c   Code   RO          187    x$fpl$drleqf        fz_wm.l(drleqf.o)
    0x000065e4   0x00000016   Code   RO          162    x$fpl$drsb          fz_wm.l(daddsub_clz.o)
    0x000065fa   0x00000002   PAD
    0x000065fc   0x00000198   Code   RO          378    x$fpl$dsqrt         fz_wm.l(dsqrt_umaal.o)
    0x00006794   0x000001d4   Code   RO          163    x$fpl$dsub          fz_wm.l(daddsub_clz.o)
    0x00006968   0x0000000a   Code   RO          490    x$fpl$fpinit        fz_wm.l(fpinit.o)
    0x00006972   0x0000000a   Code   RO          620    x$fpl$fretinf       fz_wm.l(fretinf.o)
    0x0000697c   0x00000004   Code   RO          189    x$fpl$printf1       fz_wm.l(printf1.o)
    0x00006980   0x00000064   Code   RO          528    x$fpl$retnan        fz_wm.l(retnan.o)
    0x000069e4   0x0000005c   Code   RO          380    x$fpl$scalbn        fz_wm.l(scalbn.o)
    0x00006a40   0x00000004   Code   RO          494    x$fpl$scanf1        fz_wm.l(scanf1.o)
    0x00006a44   0x00000008   Code   RO          560    x$fpl$scanf2        fz_wm.l(scanf2.o)
    0x00006a4c   0x00000030   Code   RO          566    x$fpl$trapveneer    fz_wm.l(trapv.o)
    0x00006a7c   0x00000000   Code   RO          382    x$fpl$usenofp       fz_wm.l(usenofp.o)
    0x00006a7c   0x00000070   Data   RO           12    .constdata          main.o
    0x00006aec   0x00000004   PAD
    0x00006af0   0x00000050   Data   RO          194    .constdata          m_wm.l(asin.o)
    0x00006b40   0x00000088   Data   RO          232    .constdata          m_wm.l(pow.o)
    0x00006bc8   0x00000030   Data   RO          384    .constdata          m_wm.l(cos_i.o)
    0x00006bf8   0x00000008   Data   RO          392    .constdata          m_wm.l(qnan.o)
    0x00006c00   0x000000c8   Data   RO          395    .constdata          m_wm.l(rred.o)
    0x00006cc8   0x00000028   Data   RO          399    .constdata          m_wm.l(sin_i.o)
    0x00006cf0   0x00000094   Data   RO          452    .constdata          c_w.l(bigflt0.o)
    0x00006d84   0x00000020   Data   RO          638    Region$$Table       anon$$obj.o
    0x00006da4   0x00000008   Data   RO          557    c$$dinf             fz_wm.l(fpconst.o)
    0x00006dac   0x0000001c   Data   RO          476    locale$$data        c_w.l(lc_numeric_c.o)
    0x00006dc8   0x00000110   Data   RO          509    locale$$data        c_w.l(lc_ctype_c.o)


    Execution Region ER_RW (Base: 0x20000000, Size: 0x000000d0, Max: 0xffffffff, ABSOLUTE)

    Base Addr    Size         Type   Attr      Idx    E Section Name        Object

    0x20000000   0x000000d0   Data   RW           13    .data               main.o


    Execution Region ER_ZI (Base: 0x200000d0, Size: 0x00001328, Max: 0xffffffff, ABSOLUTE)

    Base Addr    Size         Type   Attr      Idx    E Section Name        Object

    0x200000d0   0x000010c8   Zero   RW           11    .bss                main.o
    0x20001198   0x00000060   Zero   RW          407    .bss                c_w.l(libspace.o)
    0x200011f8   0x00000000   Zero   RW            2    HEAP                startup_tm4c123.o
    0x200011f8   0x00000200   Zero   RW            1    STACK               startup_tm4c123.o


==============================================================================

Image component sizes


      Code (inc. data)   RO Data    RW Data    ZI Data      Debug   Object Name

      6364        996        112        208       4296      19473   main.o
       268         20        620          0        512       5440   startup_tm4c123.o

    ----------------------------------------------------------------------
      6632       1016        768        208       4808      24913   Object Totals
         0          0         32          0          0          0   (incl. Generated)
         0          0          4          0          0          0   (incl. Padding)

    ----------------------------------------------------------------------

      Code (inc. data)   RO Data    RW Data    ZI Data      Debug   Library Member Name

         8          0          0          0          0         68   __main.o
       352          0          0          0          0         88   __printf_ss_wp.o
        14          0          0          0          0         68   __printf_wp.o
        52          8          0          0          0          0   __scatter.o
        26          0          0          0          0          0   __scatter_copy.o
        28          0          0          0          0          0   __scatter_zi.o
        28          0          0          0          0         68   _chval.o
        48          6          0          0          0         96   _printf_char_common.o
         6          0          0          0          0          0   _printf_d.o
       120         18          0          0          0         92   _printf_dec.o
         6          0          0          0          0          0   _printf_f.o
      1056          0          0          0          0        216   _printf_fp_dec.o
       128         16          0          0          0         84   _printf_fp_infnan.o
       184          0          0          0          0         88   _printf_intcommon.o
         0          0          0          0          0          0   _printf_percent.o
         4          0          0          0          0          0   _printf_percent_end.o
        22          0          0          0          0        100   _rserrno.o
        64          0          0          0          0         84   _sgetc.o
        16          0          0          0          0         68   _snputc.o
        10          0          0          0          0         68   _sputc.o
       158          0          0          0          0         92   _strtoul.o
        26          0          0          0          0         80   atoi.o
       228          6        148          0          0         96   bigflt0.o
      2074        132          0          0          0        940   btod.o
        10          0          0          0          0         68   defsig_exit.o
        50          0          0          0          0         88   defsig_general.o
        80         58          0          0          0         76   defsig_rtmem_inner.o
        14          0          0          0          0         80   defsig_rtmem_outer.o
        12          0          0          0          0         72   exit.o
        94          0          0          0          0         80   h1_alloc.o
        52          0          0          0          0         68   h1_extend.o
        78          0          0          0          0         80   h1_free.o
        14          0          0          0          0         84   h1_init.o
         6          0          0          0          0        152   heapauxi.o
         4          0          0          0          0        136   hguard.o
         0          0          0          0          0          0   indicate_semi.o
       138          0          0          0          0        168   init_alloc.o
        18          0          0          0          0         76   isspace.o
        44         10        272          0          0         76   lc_ctype_c.o
        44         10         28          0          0         76   lc_numeric_c.o
         2          0          0          0          0          0   libinit.o
        42          0          0          0          0          0   libinit2.o
         2          0          0          0          0          0   libshutdown.o
         2          0          0          0          0          0   libshutdown2.o
         8          4          0          0         96         68   libspace.o
        38          0          0          0          0         68   llshl.o
       138          0          0          0          0         80   lludiv10.o
         0          0          0          0          0          0   maybetermalloc1.o
        52          4          0          0          0         84   noretval__2snprintf.o
        40          6          0          0          0         84   noretval__2sprintf.o
        16          4          0          0          0         76   rt_ctype_table.o
         8          4          0          0          0         68   rt_errno_addr_intlibspace.o
         8          4          0          0          0         68   rt_heap_descriptor_intlibspace.o
         8          4          0          0          0         68   rt_locale_intlibspace.o
        68          0          0          0          0         68   rt_memclr.o
        78          0          0          0          0         80   rt_memclr_w.o
       100          0          0          0          0         80   rt_memcpy_w.o
         0          0          0          0          0          0   rtentry.o
        12          0          0          0          0          0   rtentry2.o
         6          0          0          0          0          0   rtentry4.o
         2          0          0          0          0          0   rtexit.o
        10          0          0          0          0          0   rtexit2.o
      1188         12          0          0          0        148   scanf_fp.o
       788         12          0          0          0        100   scanf_hexfp.o
       316         18          0          0          0        100   scanf_infnan.o
        24          0          0          0          0         68   strcat.o
       128          0          0          0          0         68   strcmpv7m.o
        72          0          0          0          0         80   strcpy.o
        62          0          0          0          0         76   strlen.o
        86          0          0          0          0         76   strncpy.o
       160         12          0          0          0        120   strtod.o
       112          0          0          0          0         88   strtol.o
        12          4          0          0          0         68   sys_exit.o
        74          0          0          0          0         80   sys_stackheap_outer.o
        14          0          0          0          0         76   sys_wrch.o
         2          0          0          0          0         68   use_no_semi.o
        24          0          0          0          0        164   basic.o
        98          4          0          0          0        140   d2f.o
       826         16          0          0          0        492   daddsub_clz.o
        16          4          0          0          0        116   dcheck1.o
        24          0          0          0          0        116   dcmpi.o
       688        140          0          0          0        256   ddiv.o
       120          4          0          0          0        140   deqf.o
        94          4          0          0          0        140   dfix.o
        84          0          0          0          0        232   dflt_clz.o
       120          4          0          0          0        140   dleqf.o
       340         12          0          0          0        152   dmul.o
       156          4          0          0          0        140   dnaninf.o
        12          0          0          0          0        116   dretinf.o
       108          0          0          0          0        128   drleqf.o
       408         56          0          0          0        168   dsqrt_umaal.o
         0          0          8          0          0          0   fpconst.o
        10          0          0          0          0        116   fpinit.o
        10          0          0          0          0        116   fretinf.o
         4          0          0          0          0        116   printf1.o
       100          0          0          0          0        116   retnan.o
        92          0          0          0          0        116   scalbn.o
         4          0          0          0          0        116   scanf1.o
         8          0          0          0          0        132   scanf2.o
        48          0          0          0          0        116   trapv.o
         0          0          0          0          0          0   usenofp.o
       880        106         80          0          0        200   asin.o
        56         12          0          0          0        132   atof.o
       216         16          0          0          0        152   cos.o
       368         46         48          0          0        200   cos_i.o
        32          8          0          0          0        124   dunder.o
        52          0          0          0          0        248   fabs.o
        48          0          0          0          0        124   fpclassify.o
       156         22          0          0          0        132   frexp.o
       252         16          0          0          0        308   ldexp.o
       184         18          0          0          0        152   narrow.o
       248          0          0          0          0        152   poly.o
      3216        310        136          0          0        216   pow.o
         0          0          8          0          0          0   qnan.o
      1112        140        200          0          0        188   rred.o
       216         16          0          0          0        152   sin.o
       304         24         40          0          0        208   sin_i.o
       232          0          0          0          0        296   sqrt.o

    ----------------------------------------------------------------------
     20008       1336        968          0         96      12452   Library Totals
        48          2          0          0          0          0   (incl. Padding)

    ----------------------------------------------------------------------

      Code (inc. data)   RO Data    RW Data    ZI Data      Debug   Library Name

      8994        352        448          0         96       5884   c_w.l
      3394        248          8          0          0       3584   fz_wm.l
      7572        734        512          0          0       2984   m_wm.l

    ----------------------------------------------------------------------
     20008       1336        968          0         96      12452   Library Totals

    ----------------------------------------------------------------------

==============================================================================


      Code (inc. data)   RO Data    RW Data    ZI Data      Debug   

     26640       2352       1736        208       4904      29329   Grand Totals
     26640       2352       1736        208       4904      29329   ELF Image Totals
     26640       2352       1736        208          0          0   ROM Totals

==============================================================================

    Total RO  Size (Code + RO Data)                28376 (  27.71kB)
    Total RW  Size (RW Data + ZI Data)              5112 (   4.99kB)
    Total ROM Size (Code + RO Data + RW Data)      28584 (  27.91kB)

==============================================================================

