<html>
<body>
<pre>
<h1>µVision Build Log</h1>
<h2>Project:</h2>
D:\College\Communication\2nd Term\Embbedd\Github Project\GPS-Tracking-System-Project\Keil4 Project\GPS_Tracking_System.uvproj
Project File Date:  06/13/2021

<h2>Output:</h2>
Rebuild target 'Target 1'
assembling startup_TM4C123.s...
compiling main.c...
main.c(171): warning:  #177-D: variable "counter" was declared but never referenced
        int counter,i =0;
main.c(171): warning:  #177-D: variable "i" was declared but never referenced
        int counter,i =0;
main.c(861): warning:  #550-D: variable "rmc_utc_time" was set but never used
        int rmc_utc_time,gll_utc_time,gga_utc_time;
main.c(861): warning:  #177-D: variable "gll_utc_time" was declared but never referenced
        int rmc_utc_time,gll_utc_time,gga_utc_time;
main.c(861): warning:  #177-D: variable "gga_utc_time" was declared but never referenced
        int rmc_utc_time,gll_utc_time,gga_utc_time;
main.c(951): warning:  #177-D: variable "min" was declared but never referenced
        int min,max,i;
main.c(951): warning:  #177-D: variable "max" was declared but never referenced
        int min,max,i;
main.c(1013): warning:  #1-D: last line of file ends without a newline
  }
main.c: 8 warnings, 0 errors
linking...
Program Size: Code=26640 RO-data=1736 RW-data=208 ZI-data=4904  
".\GPS_Tracking_System.axf" - 0 Error(s), 8 Warning(s).
</pre>
</body>
</html>
